Charm++> No provisioning arguments specified. Running with a single PE.
         Use +auto-provision to fully subscribe resources or +p1 to silence this message.
Charm++: standalone mode (not using charmrun)
Charm++> Running in Multicore mode: 1 threads (PEs)
Charm++> Using recursive bisection (scheme 3) for topology aware partitions
Converse/Charm++ Commit ID: 
CharmLB> Load balancer assumes all CPUs are same.
Charm++> Running on 1 hosts (2 sockets x 1 cores x 1 PUs = 2-way SMP)
Charm++> cpu topology info is gathered in 0.001 seconds.
Info: Built with CUDA version 11080
Did not find +devices i,j,k,... argument, using all
Pe 0 physical rank 0 binding to CUDA device 0 on hpc3-gpu-k54-02: 'NVIDIA A30'  Mem: 24062MB  Rev: 8.0  PCI: 0:65:0
Info: NAMD 3.0b3 for Linux-x86_64-multicore-CUDA
Info: 
Info: Please visit http://www.ks.uiuc.edu/Research/namd/
Info: for updates, documentation, and support information.
Info: 
Info: Please cite Phillips et al., J. Chem. Phys. 153:044130 (2020) doi:10.1063/5.0014475
Info: in all publications reporting results obtained with NAMD.
Info: 
Info: Based on Charm++/Converse 70000 for multicore-linux-x86_64-gcc
Info: Built Mon May 1 12:29:32 CDT 2023 by dhardy on athine.ks.uiuc.edu
Info: 1 NAMD  3.0b3  Linux-x86_64-multicore-CUDA  1    hpc3-gpu-k54-02  cannistc
Info: Running on 1 processors, 1 nodes, 1 physical nodes.
Info: CPU topology information available.
Info: Charm++/Converse parallel runtime startup completed at 0.269187 s
CkLoopLib is used in SMP with simple dynamic scheduling (converse-level notification)
Info: 0 MB of memory in use based on /proc/self/stat
Info: Configuration file is equil.conf
Info: Working in the current directory /dfs6/pub/cannistc/umb_111423/steer-2d-1111
TCL: Suspending until startup complete.
Info: EXTENDED SYSTEM FILE   output/30.0-42.9/30.0-42.9.restart.xsc
Warning: The Langevin gamma parameters differ over the particles,
Warning: requiring extra work per step to constrain rigid bonds.
Info: Enabling PMEOffload because PMEInterpOrder > 4.
Info: SIMULATION PARAMETERS:
Info: TIMESTEP               2
Info: NUMBER OF STEPS        0
Info: STEPS PER CYCLE        20
Info: PERIODIC CELL BASIS 1  83.5492 0 0
Info: PERIODIC CELL BASIS 2  0 83.5492 0
Info: PERIODIC CELL BASIS 3  0 0 83.5492
Info: PERIODIC CELL CENTER   0 0 0
Info: WRAPPING ALL CLUSTERS AROUND PERIODIC BOUNDARIES ON OUTPUT.
Info: LOAD BALANCER  Centralized
Info: LOAD BALANCING STRATEGY  New Load Balancers -- DEFAULT
Info: LDB PERIOD             4000 steps
Info: FIRST LDB TIMESTEP     100
Info: LAST LDB TIMESTEP     -1
Info: LDB BACKGROUND SCALING 1
Info: HOM BACKGROUND SCALING 1
Info: PME BACKGROUND SCALING 1
Info: MIN ATOMS PER PATCH    40
Info: EMPTY PATCH LOAD       40 ATOMS
Info: VELOCITY FILE          output/30.0-42.9/30.0-42.9.restart.vel
Info: CENTER OF MASS MOVING INITIALLY? NO
Info: DIELECTRIC             1
Info: EXCLUDE                SCALED ONE-FOUR
Info: 1-4 ELECTROSTATICS SCALED BY 1
Info: MODIFIED 1-4 VDW PARAMETERS WILL BE USED
Info: DCD FILENAME           output/25.0-42.9/25.0-42.9.dcd
Info: DCD FREQUENCY          10000
Info: DCD FIRST STEP         10000
Info: DCD FILE WILL CONTAIN UNIT CELL DATA
Info: XST FILENAME           output/25.0-42.9/25.0-42.9.xst
Info: XST FREQUENCY          10000
Info: NO VELOCITY DCD OUTPUT
Info: NO FORCE DCD OUTPUT
Info: OUTPUT FILENAME        output/25.0-42.9/25.0-42.9
Info: BINARY OUTPUT FILES WILL BE USED
Info: RESTART FILENAME       output/25.0-42.9/25.0-42.9.restart
Info: RESTART FREQUENCY      10000
Info: BINARY RESTART FILES WILL BE USED
Info: SWITCHING ACTIVE
Info: SWITCHING ON           10
Info: SWITCHING OFF          12
Info: PAIRLIST DISTANCE      13.5
Info: PAIRLIST SHRINK RATE   0.01
Info: PAIRLIST GROW RATE     0.01
Info: PAIRLIST TRIGGER       0.3
Info: PAIRLISTS PER CYCLE    2
Info: PAIRLISTS ENABLED
Info: MARGIN                 0.48
Info: HYDROGEN GROUP CUTOFF  2.5
Info: PATCH DIMENSION        16.48
Info: ENERGY OUTPUT STEPS    10000
Info: ENERGY EVALUATION STEPS    10000
Info: OUTPUT ENERGY PRECISION 4
Info: OUPUT ENERGY PRECISION 4
Info: CROSSTERM ENERGY INCLUDED IN DIHEDRAL
Info: TIMING OUTPUT STEPS    10000
Info: COLLECTIVE VARIABLES CALCULATION REQUESTED
Info: COLLECTIVE VARIABLES CONFIGURATION   colvarsconfig/CA-mature_25.0_42.9.cvc
Info: LANGEVIN DYNAMICS ACTIVE
Info: LANGEVIN TEMPERATURE   310
Info: LANGEVIN USING BBK INTEGRATOR
Info: LANGEVIN DAMPING COEFFICIENT IS 5 INVERSE PS
Info: LANGEVIN DYNAMICS NOT APPLIED TO HYDROGENS
Info: LANGEVIN PISTON PRESSURE CONTROL ACTIVE
Info:        TARGET PRESSURE IS 1.01325 BAR
Info:     OSCILLATION PERIOD IS 200 FS
Info:             DECAY TIME IS 100 FS
Info:     PISTON TEMPERATURE IS 310 K
Info:       PRESSURE CONTROL IS GROUP-BASED
Info:    INITIAL STRAIN RATE IS 1.39709e-06 1.39709e-06 1.39709e-06
Info:       CELL FLUCTUATION IS ISOTROPIC
Info: PARTICLE MESH EWALD (PME) ACTIVE
Info: PME TOLERANCE               1e-06
Info: PME EWALD COEFFICIENT       0.257952
Info: PME INTERPOLATION ORDER     6
Info: PME GRID DIMENSIONS         84 84 84
Info: PME MAXIMUM GRID SPACING    1
Info: PME RECIPROCAL SUM OFFLOADED TO GPU
Info: Attempting to read FFTW data from FFTW_NAMD_3.0b3_Linux-x86_64-multicore-CUDA.txt
Info: Optimizing 6 FFT steps.  1... 2... 3... 4... 5... 6...   Done.
Info: Writing FFTW data to FFTW_NAMD_3.0b3_Linux-x86_64-multicore-CUDA.txt
Info: FULL ELECTROSTATIC EVALUATION FREQUENCY      2
Info: USING VERLET I (r-RESPA) MTS SCHEME.
Info: C1 SPLITTING OF LONG RANGE ELECTROSTATICS
Info: PLACING ATOMS IN PATCHES BY HYDROGEN GROUPS
Info: RIGID BONDS TO HYDROGEN : ALL
Info:         ERROR TOLERANCE : 1e-08
Info:          MAX ITERATIONS : 100
Info: RIGID WATER USING SETTLE ALGORITHM
Info: RANDOM NUMBER SEED     1731749639
Info: USE HYDROGEN BONDS?    NO
Info: COORDINATE PDB         CA-mature.pdb
Info: STRUCTURE FILE         CA-mature.psf
Info: PARAMETER file: CHARMM format! 
Info: PARAMETERS             ff/par_all36_prot.prm
Info: PARAMETERS             ff/par_all36_lipid.prm
Info: PARAMETERS             ff/par_all36_carb.prm
Info: PARAMETERS             ff/par_all36_cgenff.prm
Info: PARAMETERS             ff/par_all36_na.prm
Info: PARAMETERS             ff/toppar_water_ions_namd.str
Info: PARAMETERS             ff/ip6.prm
Info: USING ARITHMETIC MEAN TO COMBINE L-J SIGMA PARAMETERS
Info: BINARY COORDINATES     output/30.0-42.9/30.0-42.9.restart.coor
Info: SKIPPING rtf SECTION IN STREAM FILE
Info: SUMMARY OF PARAMETERS:
Info: 953 BONDS
Info: 2801 ANGLES
Info: 6885 DIHEDRAL
Info: 196 IMPROPER
Info: 6 CROSSTERM
Info: 355 VDW
Info: 10 VDW_PAIRS
Info: 0 NBTHOLE_PAIRS
Info: TIME FOR READING PSF FILE: 0.715485
Info: Reading pdb file CA-mature.pdb
Info: TIME FOR READING PDB FILE: 0.208693
Info: 
Info: ****************************
Info: STRUCTURE SUMMARY:
Info: 58658 ATOMS
Info: 40231 BONDS
Info: 24726 ANGLES
Info: 9324 DIHEDRALS
Info: 625 IMPROPERS
Info: 219 CROSSTERMS
Info: 0 EXCLUSIONS
Info: 56831 RIGID BONDS
Info: 119143 DEGREES OF FREEDOM
Info: 20195 HYDROGEN GROUPS
Info: 4 ATOMS IN LARGEST HYDROGEN GROUP
Info: 20195 MIGRATION GROUPS
Info: 4 ATOMS IN LARGEST MIGRATION GROUP
Info: TOTAL MASS = 358421 amu
Info: TOTAL CHARGE = 2.57231e-06 e
Info: MASS DENSITY = 1.02053 g/cm^3
Info: ATOM DENSITY = 0.100577 atoms/A^3
Info: *****************************
Info: Reading from binary file output/30.0-42.9/30.0-42.9.restart.coor
Info: 
Info: Entering startup at 1.81225 s, 0 MB of memory in use
Info: Startup phase 0 took 0.000399871 s, 0 MB of memory in use
Info: ADDED 74102 IMPLICIT EXCLUSIONS
Info: Startup phase 1 took 0.0186827 s, 0 MB of memory in use
Info: NONBONDED TABLE R-SQUARED SPACING: 0.0625
Info: NONBONDED TABLE SIZE: 769 POINTS
Info: INCONSISTENCY IN FAST TABLE ENERGY VS FORCE: 0.000325096 AT 11.9556
Info: INCONSISTENCY IN SCOR TABLE ENERGY VS FORCE: 0.000324844 AT 11.9556
Info: INCONSISTENCY IN VDWA TABLE ENERGY VS FORCE: 0.0040507 AT 0.251946
Info: INCONSISTENCY IN VDWB TABLE ENERGY VS FORCE: 0.00150189 AT 0.251946
Info: Startup phase 2 took 0.00251867 s, 0 MB of memory in use
Info: Startup phase 3 took 2.6936e-05 s, 0 MB of memory in use
Info: Startup phase 4 took 0.000161248 s, 0 MB of memory in use
Info: Startup phase 5 took 1.0105e-05 s, 0 MB of memory in use
Info: PATCH GRID IS 5 (PERIODIC) BY 5 (PERIODIC) BY 5 (PERIODIC)
Info: PATCH GRID IS 1-AWAY BY 1-AWAY BY 1-AWAY
Info: Reading from binary file output/30.0-42.9/30.0-42.9.restart.vel
Info: REMOVING COM VELOCITY 0.0327148 0.00671698 0.0244699
Info: LARGEST PATCH (38) HAS 516 ATOMS
Info: TORUS A SIZE 1 USING 0
Info: TORUS B SIZE 1 USING 0
Info: TORUS C SIZE 1 USING 0
Info: TORUS MINIMAL MESH SIZE IS 1 BY 1 BY 1
Info: Placed 100% of base nodes on same physical node as patch
Info: Startup phase 6 took 0.0482966 s, 0 MB of memory in use
Info: Use 3D box decompostion in PME FFT.
Info: PME using 1 x 1 x 1 pencil grid for FFT and reciprocal sum.
Info: Startup phase 7 took 0.000103125 s, 0 MB of memory in use
Info: Updated CUDA force table with 4096 elements.
Info: Updated CUDA LJ table with 355 x 355 elements.
Info: Startup phase 8 took 0.00249035 s, 0 MB of memory in use
Info: Startup phase 9 took 5.8928e-05 s, 0 MB of memory in use
Info: Startup phase 10 took 1.0658e-05 s, 0 MB of memory in use
Info: Startup phase 11 took 0.000681254 s, 0 MB of memory in use
LDB: Central LB being created...
Info: Startup phase 12 took 0.00229035 s, 0 MB of memory in use
Info: CREATING 2634 COMPUTE OBJECTS
colvars: ----------------------------------------------------------------------
colvars: Initializing the collective variables module, version 2023-01-31.
colvars: Please cite Fiorin et al, Mol Phys 2013:
colvars:   https://doi.org/10.1080/00268976.2013.813594
colvars: as well as all other papers listed below for individual features used.
colvars: SMP parallelism is enabled; if needed, use "smp off" to override this.
colvars: This version was built with the C++11 standard or higher.
colvars: Redefining the Tcl "cv" command to the new script interface.
colvars: Using NAMD interface, version "2023-01-31".
colvars: ----------------------------------------------------------------------
colvars: Reading new configuration from file "colvarsconfig/CA-mature_25.0_42.9.cvc":
colvars: # units = "" [default]
colvars: # smp = on [default]
colvars: # colvarsTrajFrequency = 100 [default]
colvars: # colvarsRestartFrequency = 10000 [default]
colvars: # scriptedColvarForces = off [default]
colvars: # scriptingAfterBiases = off [default]
colvars: # sourceTclFile = "" [default]
colvars: ----------------------------------------------------------------------
colvars:   Initializing a new collective variable.
colvars:   # name = "dist"
colvars:   Initializing a new "distance" component.
colvars:     # name = "" [default]
colvars:     # componentCoeff = 1 [default]
colvars:     # componentExp = 1 [default]
colvars:     # period = 0 [default]
colvars:     # wrapAround = 0 [default]
colvars:     # forceNoPBC = off [default]
colvars:     # scalable = on [default]
colvars:       Initializing atom group "group1".
colvars:       # name = "" [default]
colvars:       # centerToOrigin = off [default]
colvars:       # centerToReference = off [default]
colvars:       # rotateToReference = off [default]
colvars:       # atomsOfGroup = "" [default]
colvars:       # indexGroup = "" [default]
colvars:       # psfSegID =  [default]
colvars:       # atomsFile = "restraints/CA-mature.rstrnt.pdb"
colvars:       # atomsCol = "O"
colvars:       # atomsColValue = 4
colvars:       # dummyAtom = ( 0 , 0 , 0 ) [default]
colvars:       # enableFitGradients = on [default]
colvars:       Enabling scalable calculation for group "group1".
colvars:       # printAtomIDs = off [default]
colvars:       Atom group "group1" defined with 20 atoms requested: total mass = 270.14, total charge = -2.
colvars:       Initializing atom group "group2".
colvars:       # name = "" [default]
colvars:       # centerToOrigin = off [default]
colvars:       # centerToReference = off [default]
colvars:       # rotateToReference = off [default]
colvars:       # atomsOfGroup = "" [default]
colvars:       # indexGroup = "" [default]
colvars:       # psfSegID =  [default]
colvars:       # atomsFile = "restraints/CA-mature.rstrnt.pdb"
colvars:       # atomsCol = "O"
colvars:       # atomsColValue = 7
colvars:       # dummyAtom = ( 0 , 0 , 0 ) [default]
colvars:       # enableFitGradients = on [default]
colvars:       Enabling scalable calculation for group "group2".
colvars:       # printAtomIDs = off [default]
colvars:       Atom group "group2" defined with 32 atoms requested: total mass = 432.224, total charge = -3.2.
colvars:     # oneSiteSystemForce = off [default]
colvars:     # oneSiteTotalForce = off [default]
colvars:   All components initialized.
colvars:   # timeStepFactor = 1 [default]
colvars:   # width = 1 [default]
colvars:   # lowerBoundary = 0 [default]
colvars:   # upperBoundary = 1 [default]
colvars:   # hardLowerBoundary = on [default]
colvars:   # hardUpperBoundary = off [default]
colvars:   # expandBoundaries = off [default]
colvars:   # extendedLagrangian = off [default]
colvars:   # outputValue = on [default]
colvars:   # outputVelocity = off [default]
colvars:   # outputTotalForce = off [default]
colvars:   # outputAppliedForce = off [default]
colvars:   # subtractAppliedForce = off [default]
colvars:   # runAve = off [default]
colvars:   # corrFunc = off [default]
colvars: ----------------------------------------------------------------------
colvars:   Initializing a new collective variable.
colvars:   # name = "theta"
colvars:   Initializing a new "dihedral" component.
colvars:     # name = "" [default]
colvars:     # componentCoeff = 1 [default]
colvars:     # componentExp = 1 [default]
colvars:     # period = 0 [default]
colvars:     # wrapAround = 0 [default]
colvars:     # forceNoPBC = off [default]
colvars:     # scalable = on [default]
colvars:       Initializing atom group "group1".
colvars:       # name = "" [default]
colvars:       # centerToOrigin = off [default]
colvars:       # centerToReference = off [default]
colvars:       # rotateToReference = off [default]
colvars:       # atomsOfGroup = "" [default]
colvars:       # indexGroup = "" [default]
colvars:       # psfSegID =  [default]
colvars:       # atomsFile = "restraints/CA-mature.rstrnt.pdb"
colvars:       # atomsCol = "O"
colvars:       # atomsColValue = 1
colvars:       # dummyAtom = ( 0 , 0 , 0 ) [default]
colvars:       # enableFitGradients = on [default]
colvars:       Enabling scalable calculation for group "group1".
colvars:       # printAtomIDs = off [default]
colvars:       Atom group "group1" defined with 120 atoms requested: total mass = 1620.84, total charge = -11.7.
colvars:       Initializing atom group "group2".
colvars:       # name = "" [default]
colvars:       # centerToOrigin = off [default]
colvars:       # centerToReference = off [default]
colvars:       # rotateToReference = off [default]
colvars:       # atomsOfGroup = "" [default]
colvars:       # indexGroup = "" [default]
colvars:       # psfSegID =  [default]
colvars:       # atomsFile = "restraints/CA-mature.rstrnt.pdb"
colvars:       # atomsCol = "O"
colvars:       # atomsColValue = 4
colvars:       # dummyAtom = ( 0 , 0 , 0 ) [default]
colvars:       # enableFitGradients = on [default]
colvars:       Enabling scalable calculation for group "group2".
colvars:       # printAtomIDs = off [default]
colvars:       Atom group "group2" defined with 20 atoms requested: total mass = 270.14, total charge = -2.
colvars:       Initializing atom group "group3".
colvars:       # name = "" [default]
colvars:       # centerToOrigin = off [default]
colvars:       # centerToReference = off [default]
colvars:       # rotateToReference = off [default]
colvars:       # atomsOfGroup = "" [default]
colvars:       # indexGroup = "" [default]
colvars:       # psfSegID =  [default]
colvars:       # atomsFile = "restraints/CA-mature.rstrnt.pdb"
colvars:       # atomsCol = "O"
colvars:       # atomsColValue = 5
colvars:       # dummyAtom = ( 0 , 0 , 0 ) [default]
colvars:       # enableFitGradients = on [default]
colvars:       Enabling scalable calculation for group "group3".
colvars:       # printAtomIDs = off [default]
colvars:       Atom group "group3" defined with 40 atoms requested: total mass = 540.28, total charge = -4.09.
colvars:       Initializing atom group "group4".
colvars:       # name = "" [default]
colvars:       # centerToOrigin = off [default]
colvars:       # centerToReference = off [default]
colvars:       # rotateToReference = off [default]
colvars:       # atomsOfGroup = "" [default]
colvars:       # indexGroup = "" [default]
colvars:       # psfSegID =  [default]
colvars:       # atomsFile = "restraints/CA-mature.rstrnt.pdb"
colvars:       # atomsCol = "O"
colvars:       # atomsColValue = 6
colvars:       # dummyAtom = ( 0 , 0 , 0 ) [default]
colvars:       # enableFitGradients = on [default]
colvars:       Enabling scalable calculation for group "group4".
colvars:       # printAtomIDs = off [default]
colvars:       Atom group "group4" defined with 40 atoms requested: total mass = 540.28, total charge = -4.
colvars:     # oneSiteSystemForce = off [default]
colvars:     # oneSiteTotalForce = off [default]
colvars:   All components initialized.
colvars:   # timeStepFactor = 1 [default]
colvars:   # width = 1 [default]
colvars:   # lowerBoundary = -180 [default]
colvars:   # upperBoundary = 180 [default]
colvars:   # hardLowerBoundary = on [default]
colvars:   # hardUpperBoundary = on [default]
colvars:   # expandBoundaries = off [default]
colvars:   # extendedLagrangian = off [default]
colvars:   # outputValue = on [default]
colvars:   # outputVelocity = off [default]
colvars:   # outputTotalForce = off [default]
colvars:   # outputAppliedForce = off [default]
colvars:   # subtractAppliedForce = off [default]
colvars:   # runAve = off [default]
colvars:   # corrFunc = off [default]
colvars: ----------------------------------------------------------------------
colvars:   Initializing a new collective variable.
colvars:   # name = "alpha2"
colvars:   Initializing a new "alpha" component.
colvars:     # name = "" [default]
colvars:     # componentCoeff = 1 [default]
colvars:     # componentExp = 1 [default]
colvars:     # period = 0 [default]
colvars:     # wrapAround = 0 [default]
colvars:     # forceNoPBC = off [default]
colvars:     # scalable = on [default]
colvars:     # psfSegID = "0A0"
colvars:     # hBondCoeff = 0.5 [default]
colvars:     # angleRef = 88 [default]
colvars:     # angleTol = 15 [default]
colvars:     # hBondCutoff = 3.3 [default]
colvars:     # hBondExpNumer = 6 [default]
colvars:     # hBondExpDenom = 8 [default]
colvars:   All components initialized.
colvars:   # timeStepFactor = 1 [default]
colvars:   # width = 1 [default]
colvars:   # lowerBoundary = 0 [default]
colvars:   # upperBoundary = 1 [default]
colvars:   # hardLowerBoundary = off [default]
colvars:   # hardUpperBoundary = off [default]
colvars:   # expandBoundaries = off [default]
colvars:   # extendedLagrangian = off [default]
colvars:   # outputValue = on [default]
colvars:   # outputVelocity = off [default]
colvars:   # outputTotalForce = off [default]
colvars:   # outputAppliedForce = off [default]
colvars:   # subtractAppliedForce = off [default]
colvars:   # runAve = off [default]
colvars:   # corrFunc = off [default]
colvars: ----------------------------------------------------------------------
colvars:   Initializing a new collective variable.
colvars:   # name = "alpha3"
colvars:   Initializing a new "alpha" component.
colvars:     # name = "" [default]
colvars:     # componentCoeff = 1 [default]
colvars:     # componentExp = 1 [default]
colvars:     # period = 0 [default]
colvars:     # wrapAround = 0 [default]
colvars:     # forceNoPBC = off [default]
colvars:     # scalable = on [default]
colvars:     # psfSegID = "0A0"
colvars:     # hBondCoeff = 0.5 [default]
colvars:     # angleRef = 88 [default]
colvars:     # angleTol = 15 [default]
colvars:     # hBondCutoff = 3.3 [default]
colvars:     # hBondExpNumer = 6 [default]
colvars:     # hBondExpDenom = 8 [default]
colvars:   All components initialized.
colvars:   # timeStepFactor = 1 [default]
colvars:   # width = 1 [default]
colvars:   # lowerBoundary = 0 [default]
colvars:   # upperBoundary = 1 [default]
colvars:   # hardLowerBoundary = off [default]
colvars:   # hardUpperBoundary = off [default]
colvars:   # expandBoundaries = off [default]
colvars:   # extendedLagrangian = off [default]
colvars:   # outputValue = on [default]
colvars:   # outputVelocity = off [default]
colvars:   # outputTotalForce = off [default]
colvars:   # outputAppliedForce = off [default]
colvars:   # subtractAppliedForce = off [default]
colvars:   # runAve = off [default]
colvars:   # corrFunc = off [default]
colvars: ----------------------------------------------------------------------
colvars: Collective variables initialized, 4 in total.
colvars: ----------------------------------------------------------------------
colvars:   Initializing a new "harmonic" instance.
colvars:   # name = "theta-trans"
colvars:   # colvars = { theta }
colvars:   # stepZeroData = off [default]
colvars:   # outputEnergy = off [default]
colvars:   # outputFreq = 10000 [default]
colvars:   # timeStepFactor = 1 [default]
colvars:   # writeTISamples = off [default]
colvars:   # writeTIPMF = off [default]
colvars:   # centers = { 25 }
colvars:   # targetCenters = { 25 } [default]
colvars:   # outputCenters = off [default]
colvars:   # forceConstant = 1
colvars:   # decoupling = off [default]
colvars:   # targetForceConstant = -1 [default]
colvars:   The force constant for colvar "theta" will be rescaled to 1 according to the specified width (1).
colvars: ----------------------------------------------------------------------
colvars:   Initializing a new "harmonic" instance.
colvars:   # name = "dist-trans"
colvars:   # colvars = { dist }
colvars:   # stepZeroData = off [default]
colvars:   # outputEnergy = off [default]
colvars:   # outputFreq = 10000 [default]
colvars:   # timeStepFactor = 1 [default]
colvars:   # writeTISamples = off [default]
colvars:   # writeTIPMF = off [default]
colvars:   # centers = { 42.9 }
colvars:   # targetCenters = { 42.9 } [default]
colvars:   # outputCenters = off [default]
colvars:   # forceConstant = 3
colvars:   # decoupling = off [default]
colvars:   # targetForceConstant = -1 [default]
colvars:   The force constant for colvar "dist" will be rescaled to 3 according to the specified width (1).
colvars: ----------------------------------------------------------------------
colvars:   Initializing a new "harmonic" instance.
colvars:   # name = "alpha-rstrnt"
colvars:   # colvars = { alpha2, alpha3 }
colvars:   # stepZeroData = off [default]
colvars:   # outputEnergy = off [default]
colvars:   # outputFreq = 10000 [default]
colvars:   # timeStepFactor = 1 [default]
colvars:   # writeTISamples = off [default]
colvars:   # writeTIPMF = off [default]
colvars:   # centers = { 0.9, 0.9 }
colvars:   # targetCenters = { 0.9, 0.9 } [default]
colvars:   # outputCenters = off [default]
colvars:   # forceConstant = 10
colvars:   # decoupling = off [default]
colvars:   # targetForceConstant = -1 [default]
colvars:   The force constant for colvar "alpha2" will be rescaled to 10 according to the specified width (1).
colvars:   The force constant for colvar "alpha3" will be rescaled to 10 according to the specified width (1).
colvars: ----------------------------------------------------------------------
colvars: Collective variables biases initialized, 3 in total.
colvars: ----------------------------------------------------------------------
colvars: Collective variables module (re)initialized.
colvars: ----------------------------------------------------------------------
colvars: Updating NAMD interface:
colvars: Warning: enabling wrapAll can lead to inconsistent results for Colvars calculations: please disable wrapAll, as is the default option in NAMD.
colvars: updating atomic data (53 atoms).
colvars: updating group data (5 scalable groups, 252 atoms in total).
colvars: updating grid object data (0 grid objects in total).
colvars: 
colvars: SUMMARY OF COLVARS FEATURES USED SO FAR AND THEIR CITATIONS:
colvars: 
colvars: - Colvars module:
colvars: - Colvars-NAMD interface:
colvars: - Harmonic colvar bias implementation:
colvars: - Optimal rotation via flexible fitting:
colvars: - alpha colvar component:
colvars: - angle colvar component:
colvars: - dihedral colvar component:
colvars: - distance colvar component:
colvars: - hBond colvar component:
colvars:   Fiorin2013 https://doi.org/10.1080/00268976.2013.813594
colvars: 
colvars: - NAMD engine:
colvars: - Scalable center-of-mass computation (NAMD):
colvars:   Phillips2020 https://doi.org/10.1063/5.0014475
colvars: 
colvars: updating target temperature (T = 310 K).
colvars: Re-initialized atom group for variable "dist":0/0. 20 atoms: total mass = 270.14, total charge = -2.
colvars: Re-initialized atom group for variable "dist":0/1. 32 atoms: total mass = 432.224, total charge = -3.2.
colvars: Re-initialized atom group for variable "theta":0/0. 120 atoms: total mass = 1620.84, total charge = -11.7.
colvars: Re-initialized atom group for variable "theta":0/1. 20 atoms: total mass = 270.14, total charge = -2.
colvars: Re-initialized atom group for variable "theta":0/2. 40 atoms: total mass = 540.28, total charge = -4.09.
colvars: Re-initialized atom group for variable "theta":0/3. 40 atoms: total mass = 540.28, total charge = -4.
colvars: Re-initialized atom group for variable "alpha2":0/0. 1 atoms: total mass = 12.011, total charge = 0.07.
colvars: Re-initialized atom group for variable "alpha2":0/1. 1 atoms: total mass = 12.011, total charge = 0.07.
colvars: Re-initialized atom group for variable "alpha2":0/2. 1 atoms: total mass = 12.011, total charge = 0.07.
colvars: Re-initialized atom group for variable "alpha2":0/3. 1 atoms: total mass = 12.011, total charge = 0.07.
colvars: Re-initialized atom group for variable "alpha2":0/4. 1 atoms: total mass = 12.011, total charge = 0.07.
colvars: Re-initialized atom group for variable "alpha2":0/5. 1 atoms: total mass = 12.011, total charge = 0.07.
colvars: Re-initialized atom group for variable "alpha2":0/6. 1 atoms: total mass = 12.011, total charge = 0.07.
colvars: Re-initialized atom group for variable "alpha2":0/7. 1 atoms: total mass = 12.011, total charge = 0.07.
colvars: Re-initialized atom group for variable "alpha2":0/8. 1 atoms: total mass = 12.011, total charge = 0.07.
colvars: Re-initialized atom group for variable "alpha2":0/9. 1 atoms: total mass = 12.011, total charge = 0.07.
colvars: Re-initialized atom group for variable "alpha2":0/10. 1 atoms: total mass = 12.011, total charge = 0.07.
colvars: Re-initialized atom group for variable "alpha2":0/11. 1 atoms: total mass = 12.011, total charge = -0.02.
colvars: Re-initialized atom group for variable "alpha2":0/12. 1 atoms: total mass = 12.011, total charge = 0.07.
colvars: Re-initialized atom group for variable "alpha2":0/13. 1 atoms: total mass = 12.011, total charge = -0.02.
colvars: Re-initialized atom group for variable "alpha2":0/14. 1 atoms: total mass = 12.011, total charge = 0.07.
colvars: Re-initialized atom group for variable "alpha2":0/15. 1 atoms: total mass = 12.011, total charge = -0.02.
colvars: Re-initialized atom group for variable "alpha2":0/16. 1 atoms: total mass = 12.011, total charge = 0.07.
colvars: Re-initialized atom group for variable "alpha2":0/17. 1 atoms: total mass = 12.011, total charge = 0.07.
colvars: Re-initialized atom group for variable "alpha2":0/18. 2 atoms: total mass = 30.006, total charge = -0.98.
colvars: Re-initialized atom group for variable "alpha2":0/19. 2 atoms: total mass = 30.006, total charge = -0.98.
colvars: Re-initialized atom group for variable "alpha2":0/20. 2 atoms: total mass = 30.006, total charge = -0.98.
colvars: Re-initialized atom group for variable "alpha2":0/21. 2 atoms: total mass = 30.006, total charge = -0.98.
colvars: Re-initialized atom group for variable "alpha3":0/0. 1 atoms: total mass = 12.011, total charge = 0.07.
colvars: Re-initialized atom group for variable "alpha3":0/1. 1 atoms: total mass = 12.011, total charge = 0.07.
colvars: Re-initialized atom group for variable "alpha3":0/2. 1 atoms: total mass = 12.011, total charge = 0.07.
colvars: Re-initialized atom group for variable "alpha3":0/3. 1 atoms: total mass = 12.011, total charge = 0.07.
colvars: Re-initialized atom group for variable "alpha3":0/4. 1 atoms: total mass = 12.011, total charge = 0.07.
colvars: Re-initialized atom group for variable "alpha3":0/5. 1 atoms: total mass = 12.011, total charge = 0.07.
colvars: Re-initialized atom group for variable "alpha3":0/6. 1 atoms: total mass = 12.011, total charge = 0.07.
colvars: Re-initialized atom group for variable "alpha3":0/7. 1 atoms: total mass = 12.011, total charge = 0.07.
colvars: Re-initialized atom group for variable "alpha3":0/8. 1 atoms: total mass = 12.011, total charge = 0.07.
colvars: Re-initialized atom group for variable "alpha3":0/9. 1 atoms: total mass = 12.011, total charge = 0.07.
colvars: Re-initialized atom group for variable "alpha3":0/10. 1 atoms: total mass = 12.011, total charge = 0.07.
colvars: Re-initialized atom group for variable "alpha3":0/11. 1 atoms: total mass = 12.011, total charge = 0.07.
colvars: Re-initialized atom group for variable "alpha3":0/12. 1 atoms: total mass = 12.011, total charge = 0.07.
colvars: Re-initialized atom group for variable "alpha3":0/13. 1 atoms: total mass = 12.011, total charge = 0.07.
colvars: Re-initialized atom group for variable "alpha3":0/14. 1 atoms: total mass = 12.011, total charge = -0.02.
colvars: Re-initialized atom group for variable "alpha3":0/15. 1 atoms: total mass = 12.011, total charge = 0.07.
colvars: Re-initialized atom group for variable "alpha3":0/16. 1 atoms: total mass = 12.011, total charge = -0.02.
colvars: Re-initialized atom group for variable "alpha3":0/17. 1 atoms: total mass = 12.011, total charge = 0.07.
colvars: Re-initialized atom group for variable "alpha3":0/18. 1 atoms: total mass = 12.011, total charge = -0.02.
colvars: Re-initialized atom group for variable "alpha3":0/19. 1 atoms: total mass = 12.011, total charge = 0.07.
colvars: Re-initialized atom group for variable "alpha3":0/20. 1 atoms: total mass = 12.011, total charge = 0.07.
colvars: Re-initialized atom group for variable "alpha3":0/21. 1 atoms: total mass = 12.011, total charge = 0.07.
colvars: Re-initialized atom group for variable "alpha3":0/22. 1 atoms: total mass = 12.011, total charge = 0.07.
colvars: Re-initialized atom group for variable "alpha3":0/23. 1 atoms: total mass = 12.011, total charge = 0.07.
colvars: Re-initialized atom group for variable "alpha3":0/24. 1 atoms: total mass = 12.011, total charge = 0.07.
colvars: Re-initialized atom group for variable "alpha3":0/25. 1 atoms: total mass = 12.011, total charge = 0.07.
colvars: Re-initialized atom group for variable "alpha3":0/26. 1 atoms: total mass = 12.011, total charge = 0.07.
colvars: Re-initialized atom group for variable "alpha3":0/27. 1 atoms: total mass = 12.011, total charge = 0.07.
colvars: Re-initialized atom group for variable "alpha3":0/28. 1 atoms: total mass = 12.011, total charge = 0.07.
colvars: Re-initialized atom group for variable "alpha3":0/29. 1 atoms: total mass = 12.011, total charge = 0.07.
colvars: Re-initialized atom group for variable "alpha3":0/30. 1 atoms: total mass = 12.011, total charge = 0.07.
colvars: Re-initialized atom group for variable "alpha3":0/31. 1 atoms: total mass = 12.011, total charge = 0.07.
colvars: Re-initialized atom group for variable "alpha3":0/32. 1 atoms: total mass = 12.011, total charge = 0.07.
colvars: Re-initialized atom group for variable "alpha3":0/33. 1 atoms: total mass = 12.011, total charge = 0.07.
colvars: Re-initialized atom group for variable "alpha3":0/34. 1 atoms: total mass = 12.011, total charge = 0.07.
colvars: Re-initialized atom group for variable "alpha3":0/35. 1 atoms: total mass = 12.011, total charge = 0.07.
colvars: Re-initialized atom group for variable "alpha3":0/36. 1 atoms: total mass = 12.011, total charge = 0.07.
colvars: Re-initialized atom group for variable "alpha3":0/37. 1 atoms: total mass = 12.011, total charge = 0.07.
colvars: Re-initialized atom group for variable "alpha3":0/38. 1 atoms: total mass = 12.011, total charge = 0.07.
colvars: Re-initialized atom group for variable "alpha3":0/39. 2 atoms: total mass = 30.006, total charge = -0.98.
colvars: Re-initialized atom group for variable "alpha3":0/40. 2 atoms: total mass = 30.006, total charge = -0.98.
colvars: Re-initialized atom group for variable "alpha3":0/41. 2 atoms: total mass = 30.006, total charge = -0.98.
colvars: Re-initialized atom group for variable "alpha3":0/42. 2 atoms: total mass = 30.006, total charge = -0.98.
colvars: Re-initialized atom group for variable "alpha3":0/43. 2 atoms: total mass = 30.006, total charge = -0.98.
colvars: Re-initialized atom group for variable "alpha3":0/44. 2 atoms: total mass = 30.006, total charge = -0.98.
colvars: Re-initialized atom group for variable "alpha3":0/45. 2 atoms: total mass = 30.006, total charge = -0.98.
colvars: Re-initialized atom group for variable "alpha3":0/46. 2 atoms: total mass = 30.006, total charge = -0.98.
colvars: Re-initialized atom group for variable "alpha3":0/47. 2 atoms: total mass = 30.006, total charge = -0.98.
colvars: Re-initialized atom group for variable "alpha3":0/48. 2 atoms: total mass = 30.006, total charge = -0.98.
colvars: Re-initialized atom group for variable "alpha3":0/49. 2 atoms: total mass = 30.006, total charge = -0.98.
colvars: The restart output state file will be "output/25.0-42.9/25.0-42.9.restart.colvars.state".
colvars: The final output state file will be "output/25.0-42.9/25.0-42.9.colvars.state".
Info: Found 303 unique exclusion lists needing 1220 bytes
Info: Startup phase 13 took 0.504518 s, 0 MB of memory in use
Info: Startup phase 14 took 5.643e-05 s, 0 MB of memory in use
Info: Startup phase 15 took 0.00026263 s, 0 MB of memory in use
Info: Finished startup at 2.39282 s, 0 MB of memory in use

TCL: Running for 50000 steps
colvars: Updating NAMD interface:
colvars: Warning: enabling wrapAll can lead to inconsistent results for Colvars calculations: please disable wrapAll, as is the default option in NAMD.
colvars: updating atomic data (53 atoms).
colvars: updating group data (5 scalable groups, 252 atoms in total).
colvars: updating grid object data (0 grid objects in total).
colvars: updating target temperature (T = 310 K).
colvars: Re-initialized atom group for variable "dist":0/0. 20 atoms: total mass = 270.14, total charge = -2.
colvars: Re-initialized atom group for variable "dist":0/1. 32 atoms: total mass = 432.224, total charge = -3.2.
colvars: Re-initialized atom group for variable "theta":0/0. 120 atoms: total mass = 1620.84, total charge = -11.7.
colvars: Re-initialized atom group for variable "theta":0/1. 20 atoms: total mass = 270.14, total charge = -2.
colvars: Re-initialized atom group for variable "theta":0/2. 40 atoms: total mass = 540.28, total charge = -4.09.
colvars: Re-initialized atom group for variable "theta":0/3. 40 atoms: total mass = 540.28, total charge = -4.
colvars: Re-initialized atom group for variable "alpha2":0/0. 1 atoms: total mass = 12.011, total charge = 0.07.
colvars: Re-initialized atom group for variable "alpha2":0/1. 1 atoms: total mass = 12.011, total charge = 0.07.
colvars: Re-initialized atom group for variable "alpha2":0/2. 1 atoms: total mass = 12.011, total charge = 0.07.
colvars: Re-initialized atom group for variable "alpha2":0/3. 1 atoms: total mass = 12.011, total charge = 0.07.
colvars: Re-initialized atom group for variable "alpha2":0/4. 1 atoms: total mass = 12.011, total charge = 0.07.
colvars: Re-initialized atom group for variable "alpha2":0/5. 1 atoms: total mass = 12.011, total charge = 0.07.
colvars: Re-initialized atom group for variable "alpha2":0/6. 1 atoms: total mass = 12.011, total charge = 0.07.
colvars: Re-initialized atom group for variable "alpha2":0/7. 1 atoms: total mass = 12.011, total charge = 0.07.
colvars: Re-initialized atom group for variable "alpha2":0/8. 1 atoms: total mass = 12.011, total charge = 0.07.
colvars: Re-initialized atom group for variable "alpha2":0/9. 1 atoms: total mass = 12.011, total charge = 0.07.
colvars: Re-initialized atom group for variable "alpha2":0/10. 1 atoms: total mass = 12.011, total charge = 0.07.
colvars: Re-initialized atom group for variable "alpha2":0/11. 1 atoms: total mass = 12.011, total charge = -0.02.
colvars: Re-initialized atom group for variable "alpha2":0/12. 1 atoms: total mass = 12.011, total charge = 0.07.
colvars: Re-initialized atom group for variable "alpha2":0/13. 1 atoms: total mass = 12.011, total charge = -0.02.
colvars: Re-initialized atom group for variable "alpha2":0/14. 1 atoms: total mass = 12.011, total charge = 0.07.
colvars: Re-initialized atom group for variable "alpha2":0/15. 1 atoms: total mass = 12.011, total charge = -0.02.
colvars: Re-initialized atom group for variable "alpha2":0/16. 1 atoms: total mass = 12.011, total charge = 0.07.
colvars: Re-initialized atom group for variable "alpha2":0/17. 1 atoms: total mass = 12.011, total charge = 0.07.
colvars: Re-initialized atom group for variable "alpha2":0/18. 2 atoms: total mass = 30.006, total charge = -0.98.
colvars: Re-initialized atom group for variable "alpha2":0/19. 2 atoms: total mass = 30.006, total charge = -0.98.
colvars: Re-initialized atom group for variable "alpha2":0/20. 2 atoms: total mass = 30.006, total charge = -0.98.
colvars: Re-initialized atom group for variable "alpha2":0/21. 2 atoms: total mass = 30.006, total charge = -0.98.
colvars: Re-initialized atom group for variable "alpha3":0/0. 1 atoms: total mass = 12.011, total charge = 0.07.
colvars: Re-initialized atom group for variable "alpha3":0/1. 1 atoms: total mass = 12.011, total charge = 0.07.
colvars: Re-initialized atom group for variable "alpha3":0/2. 1 atoms: total mass = 12.011, total charge = 0.07.
colvars: Re-initialized atom group for variable "alpha3":0/3. 1 atoms: total mass = 12.011, total charge = 0.07.
colvars: Re-initialized atom group for variable "alpha3":0/4. 1 atoms: total mass = 12.011, total charge = 0.07.
colvars: Re-initialized atom group for variable "alpha3":0/5. 1 atoms: total mass = 12.011, total charge = 0.07.
colvars: Re-initialized atom group for variable "alpha3":0/6. 1 atoms: total mass = 12.011, total charge = 0.07.
colvars: Re-initialized atom group for variable "alpha3":0/7. 1 atoms: total mass = 12.011, total charge = 0.07.
colvars: Re-initialized atom group for variable "alpha3":0/8. 1 atoms: total mass = 12.011, total charge = 0.07.
colvars: Re-initialized atom group for variable "alpha3":0/9. 1 atoms: total mass = 12.011, total charge = 0.07.
colvars: Re-initialized atom group for variable "alpha3":0/10. 1 atoms: total mass = 12.011, total charge = 0.07.
colvars: Re-initialized atom group for variable "alpha3":0/11. 1 atoms: total mass = 12.011, total charge = 0.07.
colvars: Re-initialized atom group for variable "alpha3":0/12. 1 atoms: total mass = 12.011, total charge = 0.07.
colvars: Re-initialized atom group for variable "alpha3":0/13. 1 atoms: total mass = 12.011, total charge = 0.07.
colvars: Re-initialized atom group for variable "alpha3":0/14. 1 atoms: total mass = 12.011, total charge = -0.02.
colvars: Re-initialized atom group for variable "alpha3":0/15. 1 atoms: total mass = 12.011, total charge = 0.07.
colvars: Re-initialized atom group for variable "alpha3":0/16. 1 atoms: total mass = 12.011, total charge = -0.02.
colvars: Re-initialized atom group for variable "alpha3":0/17. 1 atoms: total mass = 12.011, total charge = 0.07.
colvars: Re-initialized atom group for variable "alpha3":0/18. 1 atoms: total mass = 12.011, total charge = -0.02.
colvars: Re-initialized atom group for variable "alpha3":0/19. 1 atoms: total mass = 12.011, total charge = 0.07.
colvars: Re-initialized atom group for variable "alpha3":0/20. 1 atoms: total mass = 12.011, total charge = 0.07.
colvars: Re-initialized atom group for variable "alpha3":0/21. 1 atoms: total mass = 12.011, total charge = 0.07.
colvars: Re-initialized atom group for variable "alpha3":0/22. 1 atoms: total mass = 12.011, total charge = 0.07.
colvars: Re-initialized atom group for variable "alpha3":0/23. 1 atoms: total mass = 12.011, total charge = 0.07.
colvars: Re-initialized atom group for variable "alpha3":0/24. 1 atoms: total mass = 12.011, total charge = 0.07.
colvars: Re-initialized atom group for variable "alpha3":0/25. 1 atoms: total mass = 12.011, total charge = 0.07.
colvars: Re-initialized atom group for variable "alpha3":0/26. 1 atoms: total mass = 12.011, total charge = 0.07.
colvars: Re-initialized atom group for variable "alpha3":0/27. 1 atoms: total mass = 12.011, total charge = 0.07.
colvars: Re-initialized atom group for variable "alpha3":0/28. 1 atoms: total mass = 12.011, total charge = 0.07.
colvars: Re-initialized atom group for variable "alpha3":0/29. 1 atoms: total mass = 12.011, total charge = 0.07.
colvars: Re-initialized atom group for variable "alpha3":0/30. 1 atoms: total mass = 12.011, total charge = 0.07.
colvars: Re-initialized atom group for variable "alpha3":0/31. 1 atoms: total mass = 12.011, total charge = 0.07.
colvars: Re-initialized atom group for variable "alpha3":0/32. 1 atoms: total mass = 12.011, total charge = 0.07.
colvars: Re-initialized atom group for variable "alpha3":0/33. 1 atoms: total mass = 12.011, total charge = 0.07.
colvars: Re-initialized atom group for variable "alpha3":0/34. 1 atoms: total mass = 12.011, total charge = 0.07.
colvars: Re-initialized atom group for variable "alpha3":0/35. 1 atoms: total mass = 12.011, total charge = 0.07.
colvars: Re-initialized atom group for variable "alpha3":0/36. 1 atoms: total mass = 12.011, total charge = 0.07.
colvars: Re-initialized atom group for variable "alpha3":0/37. 1 atoms: total mass = 12.011, total charge = 0.07.
colvars: Re-initialized atom group for variable "alpha3":0/38. 1 atoms: total mass = 12.011, total charge = 0.07.
colvars: Re-initialized atom group for variable "alpha3":0/39. 2 atoms: total mass = 30.006, total charge = -0.98.
colvars: Re-initialized atom group for variable "alpha3":0/40. 2 atoms: total mass = 30.006, total charge = -0.98.
colvars: Re-initialized atom group for variable "alpha3":0/41. 2 atoms: total mass = 30.006, total charge = -0.98.
colvars: Re-initialized atom group for variable "alpha3":0/42. 2 atoms: total mass = 30.006, total charge = -0.98.
colvars: Re-initialized atom group for variable "alpha3":0/43. 2 atoms: total mass = 30.006, total charge = -0.98.
colvars: Re-initialized atom group for variable "alpha3":0/44. 2 atoms: total mass = 30.006, total charge = -0.98.
colvars: Re-initialized atom group for variable "alpha3":0/45. 2 atoms: total mass = 30.006, total charge = -0.98.
colvars: Re-initialized atom group for variable "alpha3":0/46. 2 atoms: total mass = 30.006, total charge = -0.98.
colvars: Re-initialized atom group for variable "alpha3":0/47. 2 atoms: total mass = 30.006, total charge = -0.98.
colvars: Re-initialized atom group for variable "alpha3":0/48. 2 atoms: total mass = 30.006, total charge = -0.98.
colvars: Re-initialized atom group for variable "alpha3":0/49. 2 atoms: total mass = 30.006, total charge = -0.98.
colvars: The restart output state file will be "output/25.0-42.9/25.0-42.9.restart.colvars.state".
colvars: The final output state file will be "output/25.0-42.9/25.0-42.9.colvars.state".
colvars: Synchronizing (emptying the buffer of) trajectory file "output/25.0-42.9/25.0-42.9.colvars.traj".
ETITLE:      TS           BOND          ANGLE          DIHED          IMPRP               ELECT            VDW       BOUNDARY           MISC        KINETIC               TOTAL           TEMP      POTENTIAL         TOTAL3        TEMPAVG            PRESSURE      GPRESSURE         VOLUME       PRESSAVG      GPRESSAVG

ENERGY:       0       741.7998      2111.5281      2068.7988       121.7590        -213616.5477     17786.5922         0.0000        18.1154     36424.2443        -154343.7101       307.6893   -190767.9545   -154243.6341       307.6893           -189.0641      -159.4826    583212.6994      -189.0641      -159.4826

OPENING EXTENDED SYSTEM TRAJECTORY FILE
LDB: ============= START OF LOAD BALANCING ============== 2.70592
LDB: ============== END OF LOAD BALANCING =============== 2.70596
LDB: =============== DONE WITH MIGRATION ================ 2.70607
LDB: ============= START OF LOAD BALANCING ============== 3.86118
LDB: ============== END OF LOAD BALANCING =============== 3.86122
LDB: =============== DONE WITH MIGRATION ================ 3.86147
Info: Initial time: 1 CPUs 0.0144399 s/step 0.0835644 days/ns 0 MB memory
LDB: ============= START OF LOAD BALANCING ============== 4.1476
LDB: ============== END OF LOAD BALANCING =============== 4.14764
LDB: =============== DONE WITH MIGRATION ================ 4.14776
LDB: ============= START OF LOAD BALANCING ============== 5.29433
LDB: ============== END OF LOAD BALANCING =============== 5.29436
LDB: =============== DONE WITH MIGRATION ================ 5.29456
Info: Initial time: 1 CPUs 0.0144088 s/step 0.0833843 days/ns 0 MB memory
LDB: ============= START OF LOAD BALANCING ============== 6.73464
LDB: ============== END OF LOAD BALANCING =============== 6.73469
LDB: =============== DONE WITH MIGRATION ================ 6.73493
Info: Initial time: 1 CPUs 0.0143198 s/step 0.082869 days/ns 0 MB memory
LDB: ============= START OF LOAD BALANCING ============== 8.1691
LDB: ============== END OF LOAD BALANCING =============== 8.16914
LDB: =============== DONE WITH MIGRATION ================ 8.16935
Info: Benchmark time: 1 CPUs 0.0144164 s/step 0.0834282 days/ns 0 MB memory
Info: Benchmark time: 1 CPUs 0.0143209 s/step 0.0828758 days/ns 0 MB memory
Info: Benchmark time: 1 CPUs 0.0143068 s/step 0.0827939 days/ns 0 MB memory
Info: Benchmark time: 1 CPUs 0.0143872 s/step 0.0832594 days/ns 0 MB memory
Info: Benchmark time: 1 CPUs 0.0143183 s/step 0.0828607 days/ns 0 MB memory
Info: Benchmark time: 1 CPUs 0.0143989 s/step 0.0833272 days/ns 0 MB memory
LDB: ============= START OF LOAD BALANCING ============== 64.4848
LDB: ============== END OF LOAD BALANCING =============== 64.4849
LDB: =============== DONE WITH MIGRATION ================ 64.485
LDB: ============= START OF LOAD BALANCING ============== 65.9237
LDB: ============== END OF LOAD BALANCING =============== 65.9237
LDB: =============== DONE WITH MIGRATION ================ 65.9239
LDB: ============= START OF LOAD BALANCING ============== 122.082
LDB: ============== END OF LOAD BALANCING =============== 122.082
LDB: =============== DONE WITH MIGRATION ================ 122.083
LDB: ============= START OF LOAD BALANCING ============== 123.52
LDB: ============== END OF LOAD BALANCING =============== 123.52
LDB: =============== DONE WITH MIGRATION ================ 123.52
colvars: Synchronizing (emptying the buffer of) trajectory file "output/25.0-42.9/25.0-42.9.colvars.traj".
colvars: Saving collective variables state to "output/25.0-42.9/25.0-42.9.restart.colvars.state".
TIMING: 10000  CPU: 143.929, 0.0143869/step  Wall: 144.379, 0.0144316/step, 0.160351 hours remaining, 0.000000 MB of memory in use.
PERFORMANCE: 10000  averaging 11.9737 ns/day, 0.0144316 sec/step with standard deviation 0
ENERGY:   10000       709.7381      2110.0830      2089.6082       121.0072        -214226.9847     18060.4516         0.0000         0.8497     36473.9153        -154661.3316       308.1089   -191135.2469   -154576.7191       309.1852             52.9184        82.7918    580610.4137         1.6034         1.6359

WRITING EXTENDED SYSTEM TO RESTART FILE AT STEP 10000
OPENING COORDINATE DCD FILE
WRITING COORDINATES TO DCD FILE output/25.0-42.9/25.0-42.9.dcd AT STEP 10000
WRITING COORDINATES TO RESTART FILE AT STEP 10000
FINISHED WRITING RESTART COORDINATES
The last position output (seq=10000) takes 0.019 seconds, 0.000 MB of memory in use
WRITING VELOCITIES TO RESTART FILE AT STEP 10000
FINISHED WRITING RESTART VELOCITIES
The last velocity output (seq=10000) takes 0.004 seconds, 0.000 MB of memory in use
LDB: ============= START OF LOAD BALANCING ============== 179.876
LDB: ============== END OF LOAD BALANCING =============== 179.876
LDB: =============== DONE WITH MIGRATION ================ 179.876
LDB: ============= START OF LOAD BALANCING ============== 181.314
LDB: ============== END OF LOAD BALANCING =============== 181.314
LDB: =============== DONE WITH MIGRATION ================ 181.314
LDB: ============= START OF LOAD BALANCING ============== 237.364
LDB: ============== END OF LOAD BALANCING =============== 237.364
LDB: =============== DONE WITH MIGRATION ================ 237.364
LDB: ============= START OF LOAD BALANCING ============== 238.803
LDB: ============== END OF LOAD BALANCING =============== 238.803
LDB: =============== DONE WITH MIGRATION ================ 238.803
colvars: Synchronizing (emptying the buffer of) trajectory file "output/25.0-42.9/25.0-42.9.colvars.traj".
colvars: Saving collective variables state to "output/25.0-42.9/25.0-42.9.restart.colvars.state".
TIMING: 20000  CPU: 287.313, 0.0143384/step  Wall: 288.224, 0.0143846/step, 0.119872 hours remaining, 0.000000 MB of memory in use.
PERFORMANCE: 20000  averaging 11.9932 ns/day, 0.0144081 sec/step with standard deviation 3.32512e-05
ENERGY:   20000       704.4098      2132.3684      2034.2246       121.9140        -214024.1904     17931.4211         0.0000         0.6563     36420.9121        -154678.2843       307.6612   -191099.1963   -154580.1315       309.3809            -99.7309       -62.5093    580314.1998         0.4780         0.4896

WRITING EXTENDED SYSTEM TO RESTART FILE AT STEP 20000
WRITING COORDINATES TO DCD FILE output/25.0-42.9/25.0-42.9.dcd AT STEP 20000
WRITING COORDINATES TO RESTART FILE AT STEP 20000
FINISHED WRITING RESTART COORDINATES
The last position output (seq=20000) takes 0.045 seconds, 0.000 MB of memory in use
WRITING VELOCITIES TO RESTART FILE AT STEP 20000
FINISHED WRITING RESTART VELOCITIES
The last velocity output (seq=20000) takes 0.040 seconds, 0.000 MB of memory in use
LDB: ============= START OF LOAD BALANCING ============== 294.976
LDB: ============== END OF LOAD BALANCING =============== 294.976
LDB: =============== DONE WITH MIGRATION ================ 294.976
LDB: ============= START OF LOAD BALANCING ============== 296.427
LDB: ============== END OF LOAD BALANCING =============== 296.427
LDB: =============== DONE WITH MIGRATION ================ 296.427
LDB: ============= START OF LOAD BALANCING ============== 352.552
LDB: ============== END OF LOAD BALANCING =============== 352.552
LDB: =============== DONE WITH MIGRATION ================ 352.552
LDB: ============= START OF LOAD BALANCING ============== 353.99
LDB: ============== END OF LOAD BALANCING =============== 353.99
LDB: =============== DONE WITH MIGRATION ================ 353.99
LDB: ============= START OF LOAD BALANCING ============== 410.313
LDB: ============== END OF LOAD BALANCING =============== 410.313
LDB: =============== DONE WITH MIGRATION ================ 410.313
LDB: ============= START OF LOAD BALANCING ============== 411.781
LDB: ============== END OF LOAD BALANCING =============== 411.781
LDB: =============== DONE WITH MIGRATION ================ 411.782
colvars: Synchronizing (emptying the buffer of) trajectory file "output/25.0-42.9/25.0-42.9.colvars.traj".
colvars: Saving collective variables state to "output/25.0-42.9/25.0-42.9.restart.colvars.state".
TIMING: 30000  CPU: 431.101, 0.0143788/step  Wall: 432.581, 0.0144357/step, 0.0801983 hours remaining, 0.000000 MB of memory in use.
PERFORMANCE: 30000  averaging 11.9856 ns/day, 0.0144173 sec/step with standard deviation 2.84e-05
ENERGY:   30000       701.2577      2082.1208      2074.8258       125.9406        -214561.4040     18176.9911         0.0000         1.3827     36731.5686        -154667.3166       310.2854   -191398.8853   -154565.0048       309.5834             45.3825        73.6825    579431.6201         3.4863         3.5045

WRITING EXTENDED SYSTEM TO RESTART FILE AT STEP 30000
WRITING COORDINATES TO DCD FILE output/25.0-42.9/25.0-42.9.dcd AT STEP 30000
WRITING COORDINATES TO RESTART FILE AT STEP 30000
FINISHED WRITING RESTART COORDINATES
The last position output (seq=30000) takes 0.063 seconds, 0.000 MB of memory in use
WRITING VELOCITIES TO RESTART FILE AT STEP 30000
FINISHED WRITING RESTART VELOCITIES
The last velocity output (seq=30000) takes 0.005 seconds, 0.000 MB of memory in use
LDB: ============= START OF LOAD BALANCING ============== 468.328
LDB: ============== END OF LOAD BALANCING =============== 468.328
LDB: =============== DONE WITH MIGRATION ================ 468.328
LDB: ============= START OF LOAD BALANCING ============== 469.777
LDB: ============== END OF LOAD BALANCING =============== 469.777
LDB: =============== DONE WITH MIGRATION ================ 469.778
LDB: ============= START OF LOAD BALANCING ============== 526.343
LDB: ============== END OF LOAD BALANCING =============== 526.343
LDB: =============== DONE WITH MIGRATION ================ 526.343
LDB: ============= START OF LOAD BALANCING ============== 527.795
LDB: ============== END OF LOAD BALANCING =============== 527.795
LDB: =============== DONE WITH MIGRATION ================ 527.796
colvars: Synchronizing (emptying the buffer of) trajectory file "output/25.0-42.9/25.0-42.9.colvars.traj".
colvars: Saving collective variables state to "output/25.0-42.9/25.0-42.9.restart.colvars.state".
TIMING: 40000  CPU: 575.217, 0.0144116/step  Wall: 577.277, 0.0144696/step, 0.0401933 hours remaining, 0.000000 MB of memory in use.
PERFORMANCE: 40000  averaging 11.9747 ns/day, 0.0144304 sec/step with standard deviation 3.49401e-05
ENERGY:   40000       752.9733      2094.8303      2072.9847       113.7688        -214292.5527     17869.7715         0.0000         2.5325     36526.4567        -154859.2349       308.5527   -191385.6916   -154756.0629       308.9860           -111.1232       -83.9338    579884.9557         0.0414         0.0462

WRITING EXTENDED SYSTEM TO RESTART FILE AT STEP 40000
WRITING COORDINATES TO DCD FILE output/25.0-42.9/25.0-42.9.dcd AT STEP 40000
WRITING COORDINATES TO RESTART FILE AT STEP 40000
FINISHED WRITING RESTART COORDINATES
The last position output (seq=40000) takes 0.049 seconds, 0.000 MB of memory in use
WRITING VELOCITIES TO RESTART FILE AT STEP 40000
FINISHED WRITING RESTART VELOCITIES
The last velocity output (seq=40000) takes 0.090 seconds, 0.000 MB of memory in use
LDB: ============= START OF LOAD BALANCING ============== 584.094
LDB: ============== END OF LOAD BALANCING =============== 584.094
LDB: =============== DONE WITH MIGRATION ================ 584.095
LDB: ============= START OF LOAD BALANCING ============== 585.533
LDB: ============== END OF LOAD BALANCING =============== 585.533
LDB: =============== DONE WITH MIGRATION ================ 585.533
LDB: ============= START OF LOAD BALANCING ============== 641.671
LDB: ============== END OF LOAD BALANCING =============== 641.671
LDB: =============== DONE WITH MIGRATION ================ 641.671
LDB: ============= START OF LOAD BALANCING ============== 643.109
LDB: ============== END OF LOAD BALANCING =============== 643.109
LDB: =============== DONE WITH MIGRATION ================ 643.109
LDB: ============= START OF LOAD BALANCING ============== 698.823
LDB: ============== END OF LOAD BALANCING =============== 698.823
LDB: =============== DONE WITH MIGRATION ================ 698.823
LDB: ============= START OF LOAD BALANCING ============== 700.245
LDB: ============== END OF LOAD BALANCING =============== 700.245
LDB: =============== DONE WITH MIGRATION ================ 700.245
colvars: Synchronizing (emptying the buffer of) trajectory file "output/25.0-42.9/25.0-42.9.colvars.traj".
colvars: Saving collective variables state to "output/25.0-42.9/25.0-42.9.restart.colvars.state".
colvars: Saving collective variables state to "output/25.0-42.9/25.0-42.9.colvars.state".
TIMING: 50000  CPU: 718.012, 0.0142795/step  Wall: 720.684, 0.0143407/step, 0 hours remaining, 0.000000 MB of memory in use.
PERFORMANCE: 50000  averaging 11.9896 ns/day, 0.0144124 sec/step with standard deviation 5.02388e-05
ENERGY:   50000       744.9767      2080.5445      2074.8909       132.3189        -214000.6196     18008.5669         0.0000         0.4067     36573.3599        -154385.5551       308.9489   -190958.9150   -154281.2764       309.0488            -52.3983       -18.5002    581159.9269         1.4366         1.4668

WRITING EXTENDED SYSTEM TO RESTART FILE AT STEP 50000
WRITING COORDINATES TO DCD FILE output/25.0-42.9/25.0-42.9.dcd AT STEP 50000
WRITING COORDINATES TO RESTART FILE AT STEP 50000
FINISHED WRITING RESTART COORDINATES
The last position output (seq=50000) takes 0.069 seconds, 0.000 MB of memory in use
WRITING VELOCITIES TO RESTART FILE AT STEP 50000
FINISHED WRITING RESTART VELOCITIES
The last velocity output (seq=50000) takes 0.018 seconds, 0.000 MB of memory in use
WRITING EXTENDED SYSTEM TO OUTPUT FILE AT STEP 50000
CLOSING EXTENDED SYSTEM TRAJECTORY FILE
WRITING COORDINATES TO OUTPUT FILE AT STEP 50000
CLOSING COORDINATE DCD FILE output/25.0-42.9/25.0-42.9.dcd
The last position output (seq=-2) takes 0.230 seconds, 0.000 MB of memory in use
WRITING VELOCITIES TO OUTPUT FILE AT STEP 50000
====================================================

WallClock: 723.481995  CPUTime: 719.521240  Memory: 0.000000 MB
[Partition 0][Node 0] End of program
