Charm++> No provisioning arguments specified. Running with a single PE.
         Use +auto-provision to fully subscribe resources or +p1 to silence this message.
Charm++: standalone mode (not using charmrun)
Charm++> Running in Multicore mode: 1 threads (PEs)
Charm++> Using recursive bisection (scheme 3) for topology aware partitions
Converse/Charm++ Commit ID: 
CharmLB> Load balancer assumes all CPUs are same.
Charm++> Running on 1 hosts (2 sockets x 1 cores x 1 PUs = 2-way SMP)
Charm++> cpu topology info is gathered in 0.001 seconds.
Info: Built with CUDA version 11080
Did not find +devices i,j,k,... argument, using all
Pe 0 physical rank 0 binding to CUDA device 0 on hpc3-gpu-24-06: 'NVIDIA A30'  Mem: 24062MB  Rev: 8.0  PCI: 0:65:0
Info: NAMD 3.0b3 for Linux-x86_64-multicore-CUDA
Info: 
Info: Please visit http://www.ks.uiuc.edu/Research/namd/
Info: for updates, documentation, and support information.
Info: 
Info: Please cite Phillips et al., J. Chem. Phys. 153:044130 (2020) doi:10.1063/5.0014475
Info: in all publications reporting results obtained with NAMD.
Info: 
Info: Based on Charm++/Converse 70000 for multicore-linux-x86_64-gcc
Info: Built Mon May 1 12:29:32 CDT 2023 by dhardy on athine.ks.uiuc.edu
Info: 1 NAMD  3.0b3  Linux-x86_64-multicore-CUDA  1    hpc3-gpu-24-06  cannistc
Info: Running on 1 processors, 1 nodes, 1 physical nodes.
Info: CPU topology information available.
Info: Charm++/Converse parallel runtime startup completed at 0.262271 s
CkLoopLib is used in SMP with simple dynamic scheduling (converse-level notification)
Info: 0 MB of memory in use based on /proc/self/stat
Info: Configuration file is equil.conf
Info: Working in the current directory /dfs6/pub/cannistc/umb_111423/steer-2d-1111
TCL: Suspending until startup complete.
Info: EXTENDED SYSTEM FILE   ../steer-1022/output_1024/50.0-47.7/50.0-47.7.restart.xsc
Warning: The Langevin gamma parameters differ over the particles,
Warning: requiring extra work per step to constrain rigid bonds.
Info: Enabling PMEOffload because PMEInterpOrder > 4.
Info: SIMULATION PARAMETERS:
Info: TIMESTEP               2
Info: NUMBER OF STEPS        0
Info: STEPS PER CYCLE        20
Info: PERIODIC CELL BASIS 1  83.4607 0 0
Info: PERIODIC CELL BASIS 2  0 83.4607 0
Info: PERIODIC CELL BASIS 3  0 0 83.4607
Info: PERIODIC CELL CENTER   0 0 0
Info: WRAPPING ALL CLUSTERS AROUND PERIODIC BOUNDARIES ON OUTPUT.
Info: LOAD BALANCER  Centralized
Info: LOAD BALANCING STRATEGY  New Load Balancers -- DEFAULT
Info: LDB PERIOD             4000 steps
Info: FIRST LDB TIMESTEP     100
Info: LAST LDB TIMESTEP     -1
Info: LDB BACKGROUND SCALING 1
Info: HOM BACKGROUND SCALING 1
Info: PME BACKGROUND SCALING 1
Info: MIN ATOMS PER PATCH    40
Info: EMPTY PATCH LOAD       40 ATOMS
Info: VELOCITY FILE          ../steer-1022/output_1024/50.0-47.7/50.0-47.7.restart.vel
Info: CENTER OF MASS MOVING INITIALLY? NO
Info: DIELECTRIC             1
Info: EXCLUDE                SCALED ONE-FOUR
Info: 1-4 ELECTROSTATICS SCALED BY 1
Info: MODIFIED 1-4 VDW PARAMETERS WILL BE USED
Info: DCD FILENAME           output/45.0-47.7/45.0-47.7.dcd
Info: DCD FREQUENCY          10000
Info: DCD FIRST STEP         10000
Info: DCD FILE WILL CONTAIN UNIT CELL DATA
Info: XST FILENAME           output/45.0-47.7/45.0-47.7.xst
Info: XST FREQUENCY          10000
Info: NO VELOCITY DCD OUTPUT
Info: NO FORCE DCD OUTPUT
Info: OUTPUT FILENAME        output/45.0-47.7/45.0-47.7
Info: BINARY OUTPUT FILES WILL BE USED
Info: RESTART FILENAME       output/45.0-47.7/45.0-47.7.restart
Info: RESTART FREQUENCY      10000
Info: BINARY RESTART FILES WILL BE USED
Info: SWITCHING ACTIVE
Info: SWITCHING ON           10
Info: SWITCHING OFF          12
Info: PAIRLIST DISTANCE      13.5
Info: PAIRLIST SHRINK RATE   0.01
Info: PAIRLIST GROW RATE     0.01
Info: PAIRLIST TRIGGER       0.3
Info: PAIRLISTS PER CYCLE    2
Info: PAIRLISTS ENABLED
Info: MARGIN                 0.48
Info: HYDROGEN GROUP CUTOFF  2.5
Info: PATCH DIMENSION        16.48
Info: ENERGY OUTPUT STEPS    10000
Info: ENERGY EVALUATION STEPS    10000
Info: OUTPUT ENERGY PRECISION 4
Info: OUPUT ENERGY PRECISION 4
Info: CROSSTERM ENERGY INCLUDED IN DIHEDRAL
Info: TIMING OUTPUT STEPS    10000
Info: COLLECTIVE VARIABLES CALCULATION REQUESTED
Info: COLLECTIVE VARIABLES CONFIGURATION   colvarsconfig/CA-mature_45.0_47.7.cvc
Info: LANGEVIN DYNAMICS ACTIVE
Info: LANGEVIN TEMPERATURE   310
Info: LANGEVIN USING BBK INTEGRATOR
Info: LANGEVIN DAMPING COEFFICIENT IS 5 INVERSE PS
Info: LANGEVIN DYNAMICS NOT APPLIED TO HYDROGENS
Info: LANGEVIN PISTON PRESSURE CONTROL ACTIVE
Info:        TARGET PRESSURE IS 1.01325 BAR
Info:     OSCILLATION PERIOD IS 200 FS
Info:             DECAY TIME IS 100 FS
Info:     PISTON TEMPERATURE IS 310 K
Info:       PRESSURE CONTROL IS GROUP-BASED
Info:    INITIAL STRAIN RATE IS -3.79334e-05 -3.79334e-05 -3.79334e-05
Info:       CELL FLUCTUATION IS ISOTROPIC
Info: PARTICLE MESH EWALD (PME) ACTIVE
Info: PME TOLERANCE               1e-06
Info: PME EWALD COEFFICIENT       0.257952
Info: PME INTERPOLATION ORDER     6
Info: PME GRID DIMENSIONS         84 84 84
Info: PME MAXIMUM GRID SPACING    1
Info: PME RECIPROCAL SUM OFFLOADED TO GPU
Info: Attempting to read FFTW data from FFTW_NAMD_3.0b3_Linux-x86_64-multicore-CUDA.txt
Info: Optimizing 6 FFT steps.  1... 2... 3... 4... 5... 6...   Done.
Info: Writing FFTW data to FFTW_NAMD_3.0b3_Linux-x86_64-multicore-CUDA.txt
Info: FULL ELECTROSTATIC EVALUATION FREQUENCY      2
Info: USING VERLET I (r-RESPA) MTS SCHEME.
Info: C1 SPLITTING OF LONG RANGE ELECTROSTATICS
Info: PLACING ATOMS IN PATCHES BY HYDROGEN GROUPS
Info: RIGID BONDS TO HYDROGEN : ALL
Info:         ERROR TOLERANCE : 1e-08
Info:          MAX ITERATIONS : 100
Info: RIGID WATER USING SETTLE ALGORITHM
Info: RANDOM NUMBER SEED     1731608872
Info: USE HYDROGEN BONDS?    NO
Info: COORDINATE PDB         CA-mature.pdb
Info: STRUCTURE FILE         CA-mature.psf
Info: PARAMETER file: CHARMM format! 
Info: PARAMETERS             ff/par_all36_prot.prm
Info: PARAMETERS             ff/par_all36_lipid.prm
Info: PARAMETERS             ff/par_all36_carb.prm
Info: PARAMETERS             ff/par_all36_cgenff.prm
Info: PARAMETERS             ff/par_all36_na.prm
Info: PARAMETERS             ff/toppar_water_ions_namd.str
Info: PARAMETERS             ff/ip6.prm
Info: USING ARITHMETIC MEAN TO COMBINE L-J SIGMA PARAMETERS
Info: BINARY COORDINATES     ../steer-1022/output_1024/50.0-47.7/50.0-47.7.restart.coor
Info: SKIPPING rtf SECTION IN STREAM FILE
Info: SUMMARY OF PARAMETERS:
Info: 953 BONDS
Info: 2801 ANGLES
Info: 6885 DIHEDRAL
Info: 196 IMPROPER
Info: 6 CROSSTERM
Info: 355 VDW
Info: 10 VDW_PAIRS
Info: 0 NBTHOLE_PAIRS
Info: TIME FOR READING PSF FILE: 0.632906
Info: Reading pdb file CA-mature.pdb
Info: TIME FOR READING PDB FILE: 0.0582075
Info: 
Info: ****************************
Info: STRUCTURE SUMMARY:
Info: 58658 ATOMS
Info: 40231 BONDS
Info: 24726 ANGLES
Info: 9324 DIHEDRALS
Info: 625 IMPROPERS
Info: 219 CROSSTERMS
Info: 0 EXCLUSIONS
Info: 56831 RIGID BONDS
Info: 119143 DEGREES OF FREEDOM
Info: 20195 HYDROGEN GROUPS
Info: 4 ATOMS IN LARGEST HYDROGEN GROUP
Info: 20195 MIGRATION GROUPS
Info: 4 ATOMS IN LARGEST MIGRATION GROUP
Info: TOTAL MASS = 358421 amu
Info: TOTAL CHARGE = 2.57231e-06 e
Info: MASS DENSITY = 1.02378 g/cm^3
Info: ATOM DENSITY = 0.100898 atoms/A^3
Info: *****************************
Info: Reading from binary file ../steer-1022/output_1024/50.0-47.7/50.0-47.7.restart.coor
Info: 
Info: Entering startup at 1.12027 s, 0 MB of memory in use
Info: Startup phase 0 took 0.000126048 s, 0 MB of memory in use
Info: ADDED 74102 IMPLICIT EXCLUSIONS
Info: Startup phase 1 took 0.0179526 s, 0 MB of memory in use
Info: NONBONDED TABLE R-SQUARED SPACING: 0.0625
Info: NONBONDED TABLE SIZE: 769 POINTS
Info: INCONSISTENCY IN FAST TABLE ENERGY VS FORCE: 0.000325096 AT 11.9556
Info: INCONSISTENCY IN SCOR TABLE ENERGY VS FORCE: 0.000324844 AT 11.9556
Info: INCONSISTENCY IN VDWA TABLE ENERGY VS FORCE: 0.0040507 AT 0.251946
Info: INCONSISTENCY IN VDWB TABLE ENERGY VS FORCE: 0.00150189 AT 0.251946
Info: Startup phase 2 took 0.00235791 s, 0 MB of memory in use
Info: Startup phase 3 took 2.0432e-05 s, 0 MB of memory in use
Info: Startup phase 4 took 0.000156637 s, 0 MB of memory in use
Info: Startup phase 5 took 1.005e-05 s, 0 MB of memory in use
Info: PATCH GRID IS 5 (PERIODIC) BY 5 (PERIODIC) BY 5 (PERIODIC)
Info: PATCH GRID IS 1-AWAY BY 1-AWAY BY 1-AWAY
Info: Reading from binary file ../steer-1022/output_1024/50.0-47.7/50.0-47.7.restart.vel
Info: REMOVING COM VELOCITY 0.011014 0.00439933 -0.0330159
Info: LARGEST PATCH (61) HAS 522 ATOMS
Info: TORUS A SIZE 1 USING 0
Info: TORUS B SIZE 1 USING 0
Info: TORUS C SIZE 1 USING 0
Info: TORUS MINIMAL MESH SIZE IS 1 BY 1 BY 1
Info: Placed 100% of base nodes on same physical node as patch
Info: Startup phase 6 took 0.0106177 s, 0 MB of memory in use
Info: Use 3D box decompostion in PME FFT.
Info: PME using 1 x 1 x 1 pencil grid for FFT and reciprocal sum.
Info: Startup phase 7 took 7.7296e-05 s, 0 MB of memory in use
Info: Updated CUDA force table with 4096 elements.
Info: Updated CUDA LJ table with 355 x 355 elements.
Info: Startup phase 8 took 0.002594 s, 0 MB of memory in use
Info: Startup phase 9 took 3.7108e-05 s, 0 MB of memory in use
Info: Startup phase 10 took 9.914e-06 s, 0 MB of memory in use
Info: Startup phase 11 took 0.00066866 s, 0 MB of memory in use
LDB: Central LB being created...
Info: Startup phase 12 took 0.00217153 s, 0 MB of memory in use
Info: CREATING 2634 COMPUTE OBJECTS
colvars: ----------------------------------------------------------------------
colvars: Initializing the collective variables module, version 2023-01-31.
colvars: Please cite Fiorin et al, Mol Phys 2013:
colvars:   https://doi.org/10.1080/00268976.2013.813594
colvars: as well as all other papers listed below for individual features used.
colvars: SMP parallelism is enabled; if needed, use "smp off" to override this.
colvars: This version was built with the C++11 standard or higher.
colvars: Redefining the Tcl "cv" command to the new script interface.
colvars: Using NAMD interface, version "2023-01-31".
colvars: ----------------------------------------------------------------------
colvars: Reading new configuration from file "colvarsconfig/CA-mature_45.0_47.7.cvc":
colvars: # units = "" [default]
colvars: # smp = on [default]
colvars: # colvarsTrajFrequency = 100 [default]
colvars: # colvarsRestartFrequency = 10000 [default]
colvars: # scriptedColvarForces = off [default]
colvars: # scriptingAfterBiases = off [default]
colvars: # sourceTclFile = "" [default]
colvars: ----------------------------------------------------------------------
colvars:   Initializing a new collective variable.
colvars:   # name = "dist"
colvars:   Initializing a new "distance" component.
colvars:     # name = "" [default]
colvars:     # componentCoeff = 1 [default]
colvars:     # componentExp = 1 [default]
colvars:     # period = 0 [default]
colvars:     # wrapAround = 0 [default]
colvars:     # forceNoPBC = off [default]
colvars:     # scalable = on [default]
colvars:       Initializing atom group "group1".
colvars:       # name = "" [default]
colvars:       # centerToOrigin = off [default]
colvars:       # centerToReference = off [default]
colvars:       # rotateToReference = off [default]
colvars:       # atomsOfGroup = "" [default]
colvars:       # indexGroup = "" [default]
colvars:       # psfSegID =  [default]
colvars:       # atomsFile = "restraints/CA-mature.rstrnt.pdb"
colvars:       # atomsCol = "O"
colvars:       # atomsColValue = 4
colvars:       # dummyAtom = ( 0 , 0 , 0 ) [default]
colvars:       # enableFitGradients = on [default]
colvars:       Enabling scalable calculation for group "group1".
colvars:       # printAtomIDs = off [default]
colvars:       Atom group "group1" defined with 20 atoms requested: total mass = 270.14, total charge = -2.
colvars:       Initializing atom group "group2".
colvars:       # name = "" [default]
colvars:       # centerToOrigin = off [default]
colvars:       # centerToReference = off [default]
colvars:       # rotateToReference = off [default]
colvars:       # atomsOfGroup = "" [default]
colvars:       # indexGroup = "" [default]
colvars:       # psfSegID =  [default]
colvars:       # atomsFile = "restraints/CA-mature.rstrnt.pdb"
colvars:       # atomsCol = "O"
colvars:       # atomsColValue = 7
colvars:       # dummyAtom = ( 0 , 0 , 0 ) [default]
colvars:       # enableFitGradients = on [default]
colvars:       Enabling scalable calculation for group "group2".
colvars:       # printAtomIDs = off [default]
colvars:       Atom group "group2" defined with 32 atoms requested: total mass = 432.224, total charge = -3.2.
colvars:     # oneSiteSystemForce = off [default]
colvars:     # oneSiteTotalForce = off [default]
colvars:   All components initialized.
colvars:   # timeStepFactor = 1 [default]
colvars:   # width = 1 [default]
colvars:   # lowerBoundary = 0 [default]
colvars:   # upperBoundary = 1 [default]
colvars:   # hardLowerBoundary = on [default]
colvars:   # hardUpperBoundary = off [default]
colvars:   # expandBoundaries = off [default]
colvars:   # extendedLagrangian = off [default]
colvars:   # outputValue = on [default]
colvars:   # outputVelocity = off [default]
colvars:   # outputTotalForce = off [default]
colvars:   # outputAppliedForce = off [default]
colvars:   # subtractAppliedForce = off [default]
colvars:   # runAve = off [default]
colvars:   # corrFunc = off [default]
colvars: ----------------------------------------------------------------------
colvars:   Initializing a new collective variable.
colvars:   # name = "theta"
colvars:   Initializing a new "dihedral" component.
colvars:     # name = "" [default]
colvars:     # componentCoeff = 1 [default]
colvars:     # componentExp = 1 [default]
colvars:     # period = 0 [default]
colvars:     # wrapAround = 0 [default]
colvars:     # forceNoPBC = off [default]
colvars:     # scalable = on [default]
colvars:       Initializing atom group "group1".
colvars:       # name = "" [default]
colvars:       # centerToOrigin = off [default]
colvars:       # centerToReference = off [default]
colvars:       # rotateToReference = off [default]
colvars:       # atomsOfGroup = "" [default]
colvars:       # indexGroup = "" [default]
colvars:       # psfSegID =  [default]
colvars:       # atomsFile = "restraints/CA-mature.rstrnt.pdb"
colvars:       # atomsCol = "O"
colvars:       # atomsColValue = 1
colvars:       # dummyAtom = ( 0 , 0 , 0 ) [default]
colvars:       # enableFitGradients = on [default]
colvars:       Enabling scalable calculation for group "group1".
colvars:       # printAtomIDs = off [default]
colvars:       Atom group "group1" defined with 120 atoms requested: total mass = 1620.84, total charge = -11.7.
colvars:       Initializing atom group "group2".
colvars:       # name = "" [default]
colvars:       # centerToOrigin = off [default]
colvars:       # centerToReference = off [default]
colvars:       # rotateToReference = off [default]
colvars:       # atomsOfGroup = "" [default]
colvars:       # indexGroup = "" [default]
colvars:       # psfSegID =  [default]
colvars:       # atomsFile = "restraints/CA-mature.rstrnt.pdb"
colvars:       # atomsCol = "O"
colvars:       # atomsColValue = 4
colvars:       # dummyAtom = ( 0 , 0 , 0 ) [default]
colvars:       # enableFitGradients = on [default]
colvars:       Enabling scalable calculation for group "group2".
colvars:       # printAtomIDs = off [default]
colvars:       Atom group "group2" defined with 20 atoms requested: total mass = 270.14, total charge = -2.
colvars:       Initializing atom group "group3".
colvars:       # name = "" [default]
colvars:       # centerToOrigin = off [default]
colvars:       # centerToReference = off [default]
colvars:       # rotateToReference = off [default]
colvars:       # atomsOfGroup = "" [default]
colvars:       # indexGroup = "" [default]
colvars:       # psfSegID =  [default]
colvars:       # atomsFile = "restraints/CA-mature.rstrnt.pdb"
colvars:       # atomsCol = "O"
colvars:       # atomsColValue = 5
colvars:       # dummyAtom = ( 0 , 0 , 0 ) [default]
colvars:       # enableFitGradients = on [default]
colvars:       Enabling scalable calculation for group "group3".
colvars:       # printAtomIDs = off [default]
colvars:       Atom group "group3" defined with 40 atoms requested: total mass = 540.28, total charge = -4.09.
colvars:       Initializing atom group "group4".
colvars:       # name = "" [default]
colvars:       # centerToOrigin = off [default]
colvars:       # centerToReference = off [default]
colvars:       # rotateToReference = off [default]
colvars:       # atomsOfGroup = "" [default]
colvars:       # indexGroup = "" [default]
colvars:       # psfSegID =  [default]
colvars:       # atomsFile = "restraints/CA-mature.rstrnt.pdb"
colvars:       # atomsCol = "O"
colvars:       # atomsColValue = 6
colvars:       # dummyAtom = ( 0 , 0 , 0 ) [default]
colvars:       # enableFitGradients = on [default]
colvars:       Enabling scalable calculation for group "group4".
colvars:       # printAtomIDs = off [default]
colvars:       Atom group "group4" defined with 40 atoms requested: total mass = 540.28, total charge = -4.
colvars:     # oneSiteSystemForce = off [default]
colvars:     # oneSiteTotalForce = off [default]
colvars:   All components initialized.
colvars:   # timeStepFactor = 1 [default]
colvars:   # width = 1 [default]
colvars:   # lowerBoundary = -180 [default]
colvars:   # upperBoundary = 180 [default]
colvars:   # hardLowerBoundary = on [default]
colvars:   # hardUpperBoundary = on [default]
colvars:   # expandBoundaries = off [default]
colvars:   # extendedLagrangian = off [default]
colvars:   # outputValue = on [default]
colvars:   # outputVelocity = off [default]
colvars:   # outputTotalForce = off [default]
colvars:   # outputAppliedForce = off [default]
colvars:   # subtractAppliedForce = off [default]
colvars:   # runAve = off [default]
colvars:   # corrFunc = off [default]
colvars: ----------------------------------------------------------------------
colvars:   Initializing a new collective variable.
colvars:   # name = "alpha2"
colvars:   Initializing a new "alpha" component.
colvars:     # name = "" [default]
colvars:     # componentCoeff = 1 [default]
colvars:     # componentExp = 1 [default]
colvars:     # period = 0 [default]
colvars:     # wrapAround = 0 [default]
colvars:     # forceNoPBC = off [default]
colvars:     # scalable = on [default]
colvars:     # psfSegID = "0A0"
colvars:     # hBondCoeff = 0.5 [default]
colvars:     # angleRef = 88 [default]
colvars:     # angleTol = 15 [default]
colvars:     # hBondCutoff = 3.3 [default]
colvars:     # hBondExpNumer = 6 [default]
colvars:     # hBondExpDenom = 8 [default]
colvars:   All components initialized.
colvars:   # timeStepFactor = 1 [default]
colvars:   # width = 1 [default]
colvars:   # lowerBoundary = 0 [default]
colvars:   # upperBoundary = 1 [default]
colvars:   # hardLowerBoundary = off [default]
colvars:   # hardUpperBoundary = off [default]
colvars:   # expandBoundaries = off [default]
colvars:   # extendedLagrangian = off [default]
colvars:   # outputValue = on [default]
colvars:   # outputVelocity = off [default]
colvars:   # outputTotalForce = off [default]
colvars:   # outputAppliedForce = off [default]
colvars:   # subtractAppliedForce = off [default]
colvars:   # runAve = off [default]
colvars:   # corrFunc = off [default]
colvars: ----------------------------------------------------------------------
colvars:   Initializing a new collective variable.
colvars:   # name = "alpha3"
colvars:   Initializing a new "alpha" component.
colvars:     # name = "" [default]
colvars:     # componentCoeff = 1 [default]
colvars:     # componentExp = 1 [default]
colvars:     # period = 0 [default]
colvars:     # wrapAround = 0 [default]
colvars:     # forceNoPBC = off [default]
colvars:     # scalable = on [default]
colvars:     # psfSegID = "0A0"
colvars:     # hBondCoeff = 0.5 [default]
colvars:     # angleRef = 88 [default]
colvars:     # angleTol = 15 [default]
colvars:     # hBondCutoff = 3.3 [default]
colvars:     # hBondExpNumer = 6 [default]
colvars:     # hBondExpDenom = 8 [default]
colvars:   All components initialized.
colvars:   # timeStepFactor = 1 [default]
colvars:   # width = 1 [default]
colvars:   # lowerBoundary = 0 [default]
colvars:   # upperBoundary = 1 [default]
colvars:   # hardLowerBoundary = off [default]
colvars:   # hardUpperBoundary = off [default]
colvars:   # expandBoundaries = off [default]
colvars:   # extendedLagrangian = off [default]
colvars:   # outputValue = on [default]
colvars:   # outputVelocity = off [default]
colvars:   # outputTotalForce = off [default]
colvars:   # outputAppliedForce = off [default]
colvars:   # subtractAppliedForce = off [default]
colvars:   # runAve = off [default]
colvars:   # corrFunc = off [default]
colvars: ----------------------------------------------------------------------
colvars: Collective variables initialized, 4 in total.
colvars: ----------------------------------------------------------------------
colvars:   Initializing a new "harmonic" instance.
colvars:   # name = "theta-trans"
colvars:   # colvars = { theta }
colvars:   # stepZeroData = off [default]
colvars:   # outputEnergy = off [default]
colvars:   # outputFreq = 10000 [default]
colvars:   # timeStepFactor = 1 [default]
colvars:   # writeTISamples = off [default]
colvars:   # writeTIPMF = off [default]
colvars:   # centers = { 45 }
colvars:   # targetCenters = { 45 } [default]
colvars:   # outputCenters = off [default]
colvars:   # forceConstant = 1
colvars:   # decoupling = off [default]
colvars:   # targetForceConstant = -1 [default]
colvars:   The force constant for colvar "theta" will be rescaled to 1 according to the specified width (1).
colvars: ----------------------------------------------------------------------
colvars:   Initializing a new "harmonic" instance.
colvars:   # name = "dist-trans"
colvars:   # colvars = { dist }
colvars:   # stepZeroData = off [default]
colvars:   # outputEnergy = off [default]
colvars:   # outputFreq = 10000 [default]
colvars:   # timeStepFactor = 1 [default]
colvars:   # writeTISamples = off [default]
colvars:   # writeTIPMF = off [default]
colvars:   # centers = { 47.7 }
colvars:   # targetCenters = { 47.7 } [default]
colvars:   # outputCenters = off [default]
colvars:   # forceConstant = 3
colvars:   # decoupling = off [default]
colvars:   # targetForceConstant = -1 [default]
colvars:   The force constant for colvar "dist" will be rescaled to 3 according to the specified width (1).
colvars: ----------------------------------------------------------------------
colvars:   Initializing a new "harmonic" instance.
colvars:   # name = "alpha-rstrnt"
colvars:   # colvars = { alpha2, alpha3 }
colvars:   # stepZeroData = off [default]
colvars:   # outputEnergy = off [default]
colvars:   # outputFreq = 10000 [default]
colvars:   # timeStepFactor = 1 [default]
colvars:   # writeTISamples = off [default]
colvars:   # writeTIPMF = off [default]
colvars:   # centers = { 0.9, 0.9 }
colvars:   # targetCenters = { 0.9, 0.9 } [default]
colvars:   # outputCenters = off [default]
colvars:   # forceConstant = 10
colvars:   # decoupling = off [default]
colvars:   # targetForceConstant = -1 [default]
colvars:   The force constant for colvar "alpha2" will be rescaled to 10 according to the specified width (1).
colvars:   The force constant for colvar "alpha3" will be rescaled to 10 according to the specified width (1).
colvars: ----------------------------------------------------------------------
colvars: Collective variables biases initialized, 3 in total.
colvars: ----------------------------------------------------------------------
colvars: Collective variables module (re)initialized.
colvars: ----------------------------------------------------------------------
colvars: Updating NAMD interface:
colvars: Warning: enabling wrapAll can lead to inconsistent results for Colvars calculations: please disable wrapAll, as is the default option in NAMD.
colvars: updating atomic data (53 atoms).
colvars: updating group data (5 scalable groups, 252 atoms in total).
colvars: updating grid object data (0 grid objects in total).
colvars: 
colvars: SUMMARY OF COLVARS FEATURES USED SO FAR AND THEIR CITATIONS:
colvars: 
colvars: - Colvars module:
colvars: - Colvars-NAMD interface:
colvars: - Harmonic colvar bias implementation:
colvars: - Optimal rotation via flexible fitting:
colvars: - alpha colvar component:
colvars: - angle colvar component:
colvars: - dihedral colvar component:
colvars: - distance colvar component:
colvars: - hBond colvar component:
colvars:   Fiorin2013 https://doi.org/10.1080/00268976.2013.813594
colvars: 
colvars: - NAMD engine:
colvars: - Scalable center-of-mass computation (NAMD):
colvars:   Phillips2020 https://doi.org/10.1063/5.0014475
colvars: 
colvars: updating target temperature (T = 310 K).
colvars: Re-initialized atom group for variable "dist":0/0. 20 atoms: total mass = 270.14, total charge = -2.
colvars: Re-initialized atom group for variable "dist":0/1. 32 atoms: total mass = 432.224, total charge = -3.2.
colvars: Re-initialized atom group for variable "theta":0/0. 120 atoms: total mass = 1620.84, total charge = -11.7.
colvars: Re-initialized atom group for variable "theta":0/1. 20 atoms: total mass = 270.14, total charge = -2.
colvars: Re-initialized atom group for variable "theta":0/2. 40 atoms: total mass = 540.28, total charge = -4.09.
colvars: Re-initialized atom group for variable "theta":0/3. 40 atoms: total mass = 540.28, total charge = -4.
colvars: Re-initialized atom group for variable "alpha2":0/0. 1 atoms: total mass = 12.011, total charge = 0.07.
colvars: Re-initialized atom group for variable "alpha2":0/1. 1 atoms: total mass = 12.011, total charge = 0.07.
colvars: Re-initialized atom group for variable "alpha2":0/2. 1 atoms: total mass = 12.011, total charge = 0.07.
colvars: Re-initialized atom group for variable "alpha2":0/3. 1 atoms: total mass = 12.011, total charge = 0.07.
colvars: Re-initialized atom group for variable "alpha2":0/4. 1 atoms: total mass = 12.011, total charge = 0.07.
colvars: Re-initialized atom group for variable "alpha2":0/5. 1 atoms: total mass = 12.011, total charge = 0.07.
colvars: Re-initialized atom group for variable "alpha2":0/6. 1 atoms: total mass = 12.011, total charge = 0.07.
colvars: Re-initialized atom group for variable "alpha2":0/7. 1 atoms: total mass = 12.011, total charge = 0.07.
colvars: Re-initialized atom group for variable "alpha2":0/8. 1 atoms: total mass = 12.011, total charge = 0.07.
colvars: Re-initialized atom group for variable "alpha2":0/9. 1 atoms: total mass = 12.011, total charge = 0.07.
colvars: Re-initialized atom group for variable "alpha2":0/10. 1 atoms: total mass = 12.011, total charge = 0.07.
colvars: Re-initialized atom group for variable "alpha2":0/11. 1 atoms: total mass = 12.011, total charge = -0.02.
colvars: Re-initialized atom group for variable "alpha2":0/12. 1 atoms: total mass = 12.011, total charge = 0.07.
colvars: Re-initialized atom group for variable "alpha2":0/13. 1 atoms: total mass = 12.011, total charge = -0.02.
colvars: Re-initialized atom group for variable "alpha2":0/14. 1 atoms: total mass = 12.011, total charge = 0.07.
colvars: Re-initialized atom group for variable "alpha2":0/15. 1 atoms: total mass = 12.011, total charge = -0.02.
colvars: Re-initialized atom group for variable "alpha2":0/16. 1 atoms: total mass = 12.011, total charge = 0.07.
colvars: Re-initialized atom group for variable "alpha2":0/17. 1 atoms: total mass = 12.011, total charge = 0.07.
colvars: Re-initialized atom group for variable "alpha2":0/18. 2 atoms: total mass = 30.006, total charge = -0.98.
colvars: Re-initialized atom group for variable "alpha2":0/19. 2 atoms: total mass = 30.006, total charge = -0.98.
colvars: Re-initialized atom group for variable "alpha2":0/20. 2 atoms: total mass = 30.006, total charge = -0.98.
colvars: Re-initialized atom group for variable "alpha2":0/21. 2 atoms: total mass = 30.006, total charge = -0.98.
colvars: Re-initialized atom group for variable "alpha3":0/0. 1 atoms: total mass = 12.011, total charge = 0.07.
colvars: Re-initialized atom group for variable "alpha3":0/1. 1 atoms: total mass = 12.011, total charge = 0.07.
colvars: Re-initialized atom group for variable "alpha3":0/2. 1 atoms: total mass = 12.011, total charge = 0.07.
colvars: Re-initialized atom group for variable "alpha3":0/3. 1 atoms: total mass = 12.011, total charge = 0.07.
colvars: Re-initialized atom group for variable "alpha3":0/4. 1 atoms: total mass = 12.011, total charge = 0.07.
colvars: Re-initialized atom group for variable "alpha3":0/5. 1 atoms: total mass = 12.011, total charge = 0.07.
colvars: Re-initialized atom group for variable "alpha3":0/6. 1 atoms: total mass = 12.011, total charge = 0.07.
colvars: Re-initialized atom group for variable "alpha3":0/7. 1 atoms: total mass = 12.011, total charge = 0.07.
colvars: Re-initialized atom group for variable "alpha3":0/8. 1 atoms: total mass = 12.011, total charge = 0.07.
colvars: Re-initialized atom group for variable "alpha3":0/9. 1 atoms: total mass = 12.011, total charge = 0.07.
colvars: Re-initialized atom group for variable "alpha3":0/10. 1 atoms: total mass = 12.011, total charge = 0.07.
colvars: Re-initialized atom group for variable "alpha3":0/11. 1 atoms: total mass = 12.011, total charge = 0.07.
colvars: Re-initialized atom group for variable "alpha3":0/12. 1 atoms: total mass = 12.011, total charge = 0.07.
colvars: Re-initialized atom group for variable "alpha3":0/13. 1 atoms: total mass = 12.011, total charge = 0.07.
colvars: Re-initialized atom group for variable "alpha3":0/14. 1 atoms: total mass = 12.011, total charge = -0.02.
colvars: Re-initialized atom group for variable "alpha3":0/15. 1 atoms: total mass = 12.011, total charge = 0.07.
colvars: Re-initialized atom group for variable "alpha3":0/16. 1 atoms: total mass = 12.011, total charge = -0.02.
colvars: Re-initialized atom group for variable "alpha3":0/17. 1 atoms: total mass = 12.011, total charge = 0.07.
colvars: Re-initialized atom group for variable "alpha3":0/18. 1 atoms: total mass = 12.011, total charge = -0.02.
colvars: Re-initialized atom group for variable "alpha3":0/19. 1 atoms: total mass = 12.011, total charge = 0.07.
colvars: Re-initialized atom group for variable "alpha3":0/20. 1 atoms: total mass = 12.011, total charge = 0.07.
colvars: Re-initialized atom group for variable "alpha3":0/21. 1 atoms: total mass = 12.011, total charge = 0.07.
colvars: Re-initialized atom group for variable "alpha3":0/22. 1 atoms: total mass = 12.011, total charge = 0.07.
colvars: Re-initialized atom group for variable "alpha3":0/23. 1 atoms: total mass = 12.011, total charge = 0.07.
colvars: Re-initialized atom group for variable "alpha3":0/24. 1 atoms: total mass = 12.011, total charge = 0.07.
colvars: Re-initialized atom group for variable "alpha3":0/25. 1 atoms: total mass = 12.011, total charge = 0.07.
colvars: Re-initialized atom group for variable "alpha3":0/26. 1 atoms: total mass = 12.011, total charge = 0.07.
colvars: Re-initialized atom group for variable "alpha3":0/27. 1 atoms: total mass = 12.011, total charge = 0.07.
colvars: Re-initialized atom group for variable "alpha3":0/28. 1 atoms: total mass = 12.011, total charge = 0.07.
colvars: Re-initialized atom group for variable "alpha3":0/29. 1 atoms: total mass = 12.011, total charge = 0.07.
colvars: Re-initialized atom group for variable "alpha3":0/30. 1 atoms: total mass = 12.011, total charge = 0.07.
colvars: Re-initialized atom group for variable "alpha3":0/31. 1 atoms: total mass = 12.011, total charge = 0.07.
colvars: Re-initialized atom group for variable "alpha3":0/32. 1 atoms: total mass = 12.011, total charge = 0.07.
colvars: Re-initialized atom group for variable "alpha3":0/33. 1 atoms: total mass = 12.011, total charge = 0.07.
colvars: Re-initialized atom group for variable "alpha3":0/34. 1 atoms: total mass = 12.011, total charge = 0.07.
colvars: Re-initialized atom group for variable "alpha3":0/35. 1 atoms: total mass = 12.011, total charge = 0.07.
colvars: Re-initialized atom group for variable "alpha3":0/36. 1 atoms: total mass = 12.011, total charge = 0.07.
colvars: Re-initialized atom group for variable "alpha3":0/37. 1 atoms: total mass = 12.011, total charge = 0.07.
colvars: Re-initialized atom group for variable "alpha3":0/38. 1 atoms: total mass = 12.011, total charge = 0.07.
colvars: Re-initialized atom group for variable "alpha3":0/39. 2 atoms: total mass = 30.006, total charge = -0.98.
colvars: Re-initialized atom group for variable "alpha3":0/40. 2 atoms: total mass = 30.006, total charge = -0.98.
colvars: Re-initialized atom group for variable "alpha3":0/41. 2 atoms: total mass = 30.006, total charge = -0.98.
colvars: Re-initialized atom group for variable "alpha3":0/42. 2 atoms: total mass = 30.006, total charge = -0.98.
colvars: Re-initialized atom group for variable "alpha3":0/43. 2 atoms: total mass = 30.006, total charge = -0.98.
colvars: Re-initialized atom group for variable "alpha3":0/44. 2 atoms: total mass = 30.006, total charge = -0.98.
colvars: Re-initialized atom group for variable "alpha3":0/45. 2 atoms: total mass = 30.006, total charge = -0.98.
colvars: Re-initialized atom group for variable "alpha3":0/46. 2 atoms: total mass = 30.006, total charge = -0.98.
colvars: Re-initialized atom group for variable "alpha3":0/47. 2 atoms: total mass = 30.006, total charge = -0.98.
colvars: Re-initialized atom group for variable "alpha3":0/48. 2 atoms: total mass = 30.006, total charge = -0.98.
colvars: Re-initialized atom group for variable "alpha3":0/49. 2 atoms: total mass = 30.006, total charge = -0.98.
colvars: The restart output state file will be "output/45.0-47.7/45.0-47.7.restart.colvars.state".
colvars: The final output state file will be "output/45.0-47.7/45.0-47.7.colvars.state".
Info: Found 303 unique exclusion lists needing 1220 bytes
Info: Startup phase 13 took 0.360522 s, 0 MB of memory in use
Info: Startup phase 14 took 4.3479e-05 s, 0 MB of memory in use
Info: Startup phase 15 took 0.000244317 s, 0 MB of memory in use
Info: Finished startup at 1.51788 s, 0 MB of memory in use

TCL: Running for 50000 steps
colvars: Updating NAMD interface:
colvars: Warning: enabling wrapAll can lead to inconsistent results for Colvars calculations: please disable wrapAll, as is the default option in NAMD.
colvars: updating atomic data (53 atoms).
colvars: updating group data (5 scalable groups, 252 atoms in total).
colvars: updating grid object data (0 grid objects in total).
colvars: updating target temperature (T = 310 K).
colvars: Re-initialized atom group for variable "dist":0/0. 20 atoms: total mass = 270.14, total charge = -2.
colvars: Re-initialized atom group for variable "dist":0/1. 32 atoms: total mass = 432.224, total charge = -3.2.
colvars: Re-initialized atom group for variable "theta":0/0. 120 atoms: total mass = 1620.84, total charge = -11.7.
colvars: Re-initialized atom group for variable "theta":0/1. 20 atoms: total mass = 270.14, total charge = -2.
colvars: Re-initialized atom group for variable "theta":0/2. 40 atoms: total mass = 540.28, total charge = -4.09.
colvars: Re-initialized atom group for variable "theta":0/3. 40 atoms: total mass = 540.28, total charge = -4.
colvars: Re-initialized atom group for variable "alpha2":0/0. 1 atoms: total mass = 12.011, total charge = 0.07.
colvars: Re-initialized atom group for variable "alpha2":0/1. 1 atoms: total mass = 12.011, total charge = 0.07.
colvars: Re-initialized atom group for variable "alpha2":0/2. 1 atoms: total mass = 12.011, total charge = 0.07.
colvars: Re-initialized atom group for variable "alpha2":0/3. 1 atoms: total mass = 12.011, total charge = 0.07.
colvars: Re-initialized atom group for variable "alpha2":0/4. 1 atoms: total mass = 12.011, total charge = 0.07.
colvars: Re-initialized atom group for variable "alpha2":0/5. 1 atoms: total mass = 12.011, total charge = 0.07.
colvars: Re-initialized atom group for variable "alpha2":0/6. 1 atoms: total mass = 12.011, total charge = 0.07.
colvars: Re-initialized atom group for variable "alpha2":0/7. 1 atoms: total mass = 12.011, total charge = 0.07.
colvars: Re-initialized atom group for variable "alpha2":0/8. 1 atoms: total mass = 12.011, total charge = 0.07.
colvars: Re-initialized atom group for variable "alpha2":0/9. 1 atoms: total mass = 12.011, total charge = 0.07.
colvars: Re-initialized atom group for variable "alpha2":0/10. 1 atoms: total mass = 12.011, total charge = 0.07.
colvars: Re-initialized atom group for variable "alpha2":0/11. 1 atoms: total mass = 12.011, total charge = -0.02.
colvars: Re-initialized atom group for variable "alpha2":0/12. 1 atoms: total mass = 12.011, total charge = 0.07.
colvars: Re-initialized atom group for variable "alpha2":0/13. 1 atoms: total mass = 12.011, total charge = -0.02.
colvars: Re-initialized atom group for variable "alpha2":0/14. 1 atoms: total mass = 12.011, total charge = 0.07.
colvars: Re-initialized atom group for variable "alpha2":0/15. 1 atoms: total mass = 12.011, total charge = -0.02.
colvars: Re-initialized atom group for variable "alpha2":0/16. 1 atoms: total mass = 12.011, total charge = 0.07.
colvars: Re-initialized atom group for variable "alpha2":0/17. 1 atoms: total mass = 12.011, total charge = 0.07.
colvars: Re-initialized atom group for variable "alpha2":0/18. 2 atoms: total mass = 30.006, total charge = -0.98.
colvars: Re-initialized atom group for variable "alpha2":0/19. 2 atoms: total mass = 30.006, total charge = -0.98.
colvars: Re-initialized atom group for variable "alpha2":0/20. 2 atoms: total mass = 30.006, total charge = -0.98.
colvars: Re-initialized atom group for variable "alpha2":0/21. 2 atoms: total mass = 30.006, total charge = -0.98.
colvars: Re-initialized atom group for variable "alpha3":0/0. 1 atoms: total mass = 12.011, total charge = 0.07.
colvars: Re-initialized atom group for variable "alpha3":0/1. 1 atoms: total mass = 12.011, total charge = 0.07.
colvars: Re-initialized atom group for variable "alpha3":0/2. 1 atoms: total mass = 12.011, total charge = 0.07.
colvars: Re-initialized atom group for variable "alpha3":0/3. 1 atoms: total mass = 12.011, total charge = 0.07.
colvars: Re-initialized atom group for variable "alpha3":0/4. 1 atoms: total mass = 12.011, total charge = 0.07.
colvars: Re-initialized atom group for variable "alpha3":0/5. 1 atoms: total mass = 12.011, total charge = 0.07.
colvars: Re-initialized atom group for variable "alpha3":0/6. 1 atoms: total mass = 12.011, total charge = 0.07.
colvars: Re-initialized atom group for variable "alpha3":0/7. 1 atoms: total mass = 12.011, total charge = 0.07.
colvars: Re-initialized atom group for variable "alpha3":0/8. 1 atoms: total mass = 12.011, total charge = 0.07.
colvars: Re-initialized atom group for variable "alpha3":0/9. 1 atoms: total mass = 12.011, total charge = 0.07.
colvars: Re-initialized atom group for variable "alpha3":0/10. 1 atoms: total mass = 12.011, total charge = 0.07.
colvars: Re-initialized atom group for variable "alpha3":0/11. 1 atoms: total mass = 12.011, total charge = 0.07.
colvars: Re-initialized atom group for variable "alpha3":0/12. 1 atoms: total mass = 12.011, total charge = 0.07.
colvars: Re-initialized atom group for variable "alpha3":0/13. 1 atoms: total mass = 12.011, total charge = 0.07.
colvars: Re-initialized atom group for variable "alpha3":0/14. 1 atoms: total mass = 12.011, total charge = -0.02.
colvars: Re-initialized atom group for variable "alpha3":0/15. 1 atoms: total mass = 12.011, total charge = 0.07.
colvars: Re-initialized atom group for variable "alpha3":0/16. 1 atoms: total mass = 12.011, total charge = -0.02.
colvars: Re-initialized atom group for variable "alpha3":0/17. 1 atoms: total mass = 12.011, total charge = 0.07.
colvars: Re-initialized atom group for variable "alpha3":0/18. 1 atoms: total mass = 12.011, total charge = -0.02.
colvars: Re-initialized atom group for variable "alpha3":0/19. 1 atoms: total mass = 12.011, total charge = 0.07.
colvars: Re-initialized atom group for variable "alpha3":0/20. 1 atoms: total mass = 12.011, total charge = 0.07.
colvars: Re-initialized atom group for variable "alpha3":0/21. 1 atoms: total mass = 12.011, total charge = 0.07.
colvars: Re-initialized atom group for variable "alpha3":0/22. 1 atoms: total mass = 12.011, total charge = 0.07.
colvars: Re-initialized atom group for variable "alpha3":0/23. 1 atoms: total mass = 12.011, total charge = 0.07.
colvars: Re-initialized atom group for variable "alpha3":0/24. 1 atoms: total mass = 12.011, total charge = 0.07.
colvars: Re-initialized atom group for variable "alpha3":0/25. 1 atoms: total mass = 12.011, total charge = 0.07.
colvars: Re-initialized atom group for variable "alpha3":0/26. 1 atoms: total mass = 12.011, total charge = 0.07.
colvars: Re-initialized atom group for variable "alpha3":0/27. 1 atoms: total mass = 12.011, total charge = 0.07.
colvars: Re-initialized atom group for variable "alpha3":0/28. 1 atoms: total mass = 12.011, total charge = 0.07.
colvars: Re-initialized atom group for variable "alpha3":0/29. 1 atoms: total mass = 12.011, total charge = 0.07.
colvars: Re-initialized atom group for variable "alpha3":0/30. 1 atoms: total mass = 12.011, total charge = 0.07.
colvars: Re-initialized atom group for variable "alpha3":0/31. 1 atoms: total mass = 12.011, total charge = 0.07.
colvars: Re-initialized atom group for variable "alpha3":0/32. 1 atoms: total mass = 12.011, total charge = 0.07.
colvars: Re-initialized atom group for variable "alpha3":0/33. 1 atoms: total mass = 12.011, total charge = 0.07.
colvars: Re-initialized atom group for variable "alpha3":0/34. 1 atoms: total mass = 12.011, total charge = 0.07.
colvars: Re-initialized atom group for variable "alpha3":0/35. 1 atoms: total mass = 12.011, total charge = 0.07.
colvars: Re-initialized atom group for variable "alpha3":0/36. 1 atoms: total mass = 12.011, total charge = 0.07.
colvars: Re-initialized atom group for variable "alpha3":0/37. 1 atoms: total mass = 12.011, total charge = 0.07.
colvars: Re-initialized atom group for variable "alpha3":0/38. 1 atoms: total mass = 12.011, total charge = 0.07.
colvars: Re-initialized atom group for variable "alpha3":0/39. 2 atoms: total mass = 30.006, total charge = -0.98.
colvars: Re-initialized atom group for variable "alpha3":0/40. 2 atoms: total mass = 30.006, total charge = -0.98.
colvars: Re-initialized atom group for variable "alpha3":0/41. 2 atoms: total mass = 30.006, total charge = -0.98.
colvars: Re-initialized atom group for variable "alpha3":0/42. 2 atoms: total mass = 30.006, total charge = -0.98.
colvars: Re-initialized atom group for variable "alpha3":0/43. 2 atoms: total mass = 30.006, total charge = -0.98.
colvars: Re-initialized atom group for variable "alpha3":0/44. 2 atoms: total mass = 30.006, total charge = -0.98.
colvars: Re-initialized atom group for variable "alpha3":0/45. 2 atoms: total mass = 30.006, total charge = -0.98.
colvars: Re-initialized atom group for variable "alpha3":0/46. 2 atoms: total mass = 30.006, total charge = -0.98.
colvars: Re-initialized atom group for variable "alpha3":0/47. 2 atoms: total mass = 30.006, total charge = -0.98.
colvars: Re-initialized atom group for variable "alpha3":0/48. 2 atoms: total mass = 30.006, total charge = -0.98.
colvars: Re-initialized atom group for variable "alpha3":0/49. 2 atoms: total mass = 30.006, total charge = -0.98.
colvars: The restart output state file will be "output/45.0-47.7/45.0-47.7.restart.colvars.state".
colvars: The final output state file will be "output/45.0-47.7/45.0-47.7.colvars.state".
colvars: Synchronizing (emptying the buffer of) trajectory file "output/45.0-47.7/45.0-47.7.colvars.traj".
ETITLE:      TS           BOND          ANGLE          DIHED          IMPRP               ELECT            VDW       BOUNDARY           MISC        KINETIC               TOTAL           TEMP      POTENTIAL         TOTAL3        TEMPAVG            PRESSURE      GPRESSURE         VOLUME       PRESSAVG      GPRESSAVG

ENERGY:       0       719.1361      2104.9719      2069.7628       128.6237        -214302.3135     18034.8023         0.0000        20.3299     36654.5961        -154570.0907       309.6352   -191224.6868   -154470.0374       309.6352            -58.4309       -28.7418    581362.1270       -58.4309       -28.7418

OPENING EXTENDED SYSTEM TRAJECTORY FILE
LDB: ============= START OF LOAD BALANCING ============== 1.82314
LDB: ============== END OF LOAD BALANCING =============== 1.82318
LDB: =============== DONE WITH MIGRATION ================ 1.82329
LDB: ============= START OF LOAD BALANCING ============== 2.93662
LDB: ============== END OF LOAD BALANCING =============== 2.93667
LDB: =============== DONE WITH MIGRATION ================ 2.93687
Info: Initial time: 1 CPUs 0.0139527 s/step 0.080745 days/ns 0 MB memory
LDB: ============= START OF LOAD BALANCING ============== 3.22075
LDB: ============== END OF LOAD BALANCING =============== 3.22083
LDB: =============== DONE WITH MIGRATION ================ 3.22099
LDB: ============= START OF LOAD BALANCING ============== 4.3339
LDB: ============== END OF LOAD BALANCING =============== 4.33393
LDB: =============== DONE WITH MIGRATION ================ 4.33414
Info: Initial time: 1 CPUs 0.0139685 s/step 0.0808364 days/ns 0 MB memory
LDB: ============= START OF LOAD BALANCING ============== 5.729
LDB: ============== END OF LOAD BALANCING =============== 5.72904
LDB: =============== DONE WITH MIGRATION ================ 5.72928
Info: Initial time: 1 CPUs 0.0139693 s/step 0.0808407 days/ns 0 MB memory
LDB: ============= START OF LOAD BALANCING ============== 7.12301
LDB: ============== END OF LOAD BALANCING =============== 7.12306
LDB: =============== DONE WITH MIGRATION ================ 7.12326
Info: Benchmark time: 1 CPUs 0.0139147 s/step 0.0805249 days/ns 0 MB memory
Info: Benchmark time: 1 CPUs 0.0139261 s/step 0.0805911 days/ns 0 MB memory
Info: Benchmark time: 1 CPUs 0.0140133 s/step 0.0810952 days/ns 0 MB memory
Info: Benchmark time: 1 CPUs 0.0139358 s/step 0.0806469 days/ns 0 MB memory
Info: Benchmark time: 1 CPUs 0.0139179 s/step 0.0805432 days/ns 0 MB memory
Info: Benchmark time: 1 CPUs 0.014 s/step 0.0810187 days/ns 0 MB memory
LDB: ============= START OF LOAD BALANCING ============== 61.5277
LDB: ============== END OF LOAD BALANCING =============== 61.5277
LDB: =============== DONE WITH MIGRATION ================ 61.5279
LDB: ============= START OF LOAD BALANCING ============== 62.9242
LDB: ============== END OF LOAD BALANCING =============== 62.9242
LDB: =============== DONE WITH MIGRATION ================ 62.9244
LDB: ============= START OF LOAD BALANCING ============== 117.345
LDB: ============== END OF LOAD BALANCING =============== 117.345
LDB: =============== DONE WITH MIGRATION ================ 117.345
LDB: ============= START OF LOAD BALANCING ============== 118.744
LDB: ============== END OF LOAD BALANCING =============== 118.744
LDB: =============== DONE WITH MIGRATION ================ 118.745
colvars: Synchronizing (emptying the buffer of) trajectory file "output/45.0-47.7/45.0-47.7.colvars.traj".
colvars: Saving collective variables state to "output/45.0-47.7/45.0-47.7.restart.colvars.state".
TIMING: 10000  CPU: 139.096, 0.0139038/step  Wall: 139.611, 0.0139551/step, 0.155056 hours remaining, 0.000000 MB of memory in use.
PERFORMANCE: 10000  averaging 12.3826 ns/day, 0.0139551 sec/step with standard deviation 0
ENERGY:   10000       717.9121      2121.9278      2090.2157       116.0605        -213798.4595     17971.8107         0.0000         0.1548     36603.8680        -154176.5099       309.2067   -190780.3779   -154073.3358       309.4297           -136.2872      -107.2580    581250.5826         1.9592         1.9050

WRITING EXTENDED SYSTEM TO RESTART FILE AT STEP 10000
OPENING COORDINATE DCD FILE
WRITING COORDINATES TO DCD FILE output/45.0-47.7/45.0-47.7.dcd AT STEP 10000
WRITING COORDINATES TO RESTART FILE AT STEP 10000
FINISHED WRITING RESTART COORDINATES
The last position output (seq=10000) takes 0.012 seconds, 0.000 MB of memory in use
WRITING VELOCITIES TO RESTART FILE AT STEP 10000
FINISHED WRITING RESTART VELOCITIES
The last velocity output (seq=10000) takes 0.003 seconds, 0.000 MB of memory in use
LDB: ============= START OF LOAD BALANCING ============== 173.222
LDB: ============== END OF LOAD BALANCING =============== 173.222
LDB: =============== DONE WITH MIGRATION ================ 173.222
LDB: ============= START OF LOAD BALANCING ============== 174.622
LDB: ============== END OF LOAD BALANCING =============== 174.622
LDB: =============== DONE WITH MIGRATION ================ 174.622
LDB: ============= START OF LOAD BALANCING ============== 229.079
LDB: ============== END OF LOAD BALANCING =============== 229.079
LDB: =============== DONE WITH MIGRATION ================ 229.079
LDB: ============= START OF LOAD BALANCING ============== 230.479
LDB: ============== END OF LOAD BALANCING =============== 230.479
LDB: =============== DONE WITH MIGRATION ================ 230.479
colvars: Synchronizing (emptying the buffer of) trajectory file "output/45.0-47.7/45.0-47.7.colvars.traj".
colvars: Saving collective variables state to "output/45.0-47.7/45.0-47.7.restart.colvars.state".
TIMING: 20000  CPU: 278.224, 0.0139128/step  Wall: 279.278, 0.0139667/step, 0.116389 hours remaining, 0.000000 MB of memory in use.
PERFORMANCE: 20000  averaging 12.3775 ns/day, 0.0139609 sec/step with standard deviation 8.2045e-06
ENERGY:   20000       716.1686      2089.2543      2098.8864       110.0414        -213838.7192     17975.3515         0.0000         0.2525     36851.3922        -153997.3723       311.2976   -190848.7645   -153893.2773       309.3006            -37.5403        -3.3088    581173.6122         1.3251         1.3536

WRITING EXTENDED SYSTEM TO RESTART FILE AT STEP 20000
WRITING COORDINATES TO DCD FILE output/45.0-47.7/45.0-47.7.dcd AT STEP 20000
WRITING COORDINATES TO RESTART FILE AT STEP 20000
FINISHED WRITING RESTART COORDINATES
The last position output (seq=20000) takes 0.060 seconds, 0.000 MB of memory in use
WRITING VELOCITIES TO RESTART FILE AT STEP 20000
FINISHED WRITING RESTART VELOCITIES
The last velocity output (seq=20000) takes 0.004 seconds, 0.000 MB of memory in use
LDB: ============= START OF LOAD BALANCING ============== 285.018
LDB: ============== END OF LOAD BALANCING =============== 285.018
LDB: =============== DONE WITH MIGRATION ================ 285.018
LDB: ============= START OF LOAD BALANCING ============== 286.415
LDB: ============== END OF LOAD BALANCING =============== 286.415
LDB: =============== DONE WITH MIGRATION ================ 286.416
LDB: ============= START OF LOAD BALANCING ============== 340.846
LDB: ============== END OF LOAD BALANCING =============== 340.846
LDB: =============== DONE WITH MIGRATION ================ 340.846
LDB: ============= START OF LOAD BALANCING ============== 342.241
LDB: ============== END OF LOAD BALANCING =============== 342.241
LDB: =============== DONE WITH MIGRATION ================ 342.241
LDB: ============= START OF LOAD BALANCING ============== 396.683
LDB: ============== END OF LOAD BALANCING =============== 396.683
LDB: =============== DONE WITH MIGRATION ================ 396.684
LDB: ============= START OF LOAD BALANCING ============== 398.082
LDB: ============== END OF LOAD BALANCING =============== 398.082
LDB: =============== DONE WITH MIGRATION ================ 398.082
colvars: Synchronizing (emptying the buffer of) trajectory file "output/45.0-47.7/45.0-47.7.colvars.traj".
colvars: Saving collective variables state to "output/45.0-47.7/45.0-47.7.restart.colvars.state".
TIMING: 30000  CPU: 417.404, 0.013918/step  Wall: 418.968, 0.013969/step, 0.0776055 hours remaining, 0.000000 MB of memory in use.
PERFORMANCE: 30000  averaging 12.3751 ns/day, 0.0139636 sec/step with standard deviation 7.45562e-06
ENERGY:   30000       749.3539      2098.5888      2055.8023       120.9780        -214636.2214     18456.3052         0.0000         0.0507     36892.6965        -154262.4459       311.6465   -191155.1425   -154160.8129       309.0361            108.2722       138.1121    580748.7118         0.4948         0.4979

WRITING EXTENDED SYSTEM TO RESTART FILE AT STEP 30000
WRITING COORDINATES TO DCD FILE output/45.0-47.7/45.0-47.7.dcd AT STEP 30000
WRITING COORDINATES TO RESTART FILE AT STEP 30000
FINISHED WRITING RESTART COORDINATES
The last position output (seq=30000) takes 0.039 seconds, 0.000 MB of memory in use
WRITING VELOCITIES TO RESTART FILE AT STEP 30000
FINISHED WRITING RESTART VELOCITIES
The last velocity output (seq=30000) takes 0.006 seconds, 0.000 MB of memory in use
LDB: ============= START OF LOAD BALANCING ============== 452.622
LDB: ============== END OF LOAD BALANCING =============== 452.622
LDB: =============== DONE WITH MIGRATION ================ 452.623
LDB: ============= START OF LOAD BALANCING ============== 454.023
LDB: ============== END OF LOAD BALANCING =============== 454.023
LDB: =============== DONE WITH MIGRATION ================ 454.023
LDB: ============= START OF LOAD BALANCING ============== 508.462
LDB: ============== END OF LOAD BALANCING =============== 508.462
LDB: =============== DONE WITH MIGRATION ================ 508.462
LDB: ============= START OF LOAD BALANCING ============== 509.862
LDB: ============== END OF LOAD BALANCING =============== 509.862
LDB: =============== DONE WITH MIGRATION ================ 509.862
colvars: Synchronizing (emptying the buffer of) trajectory file "output/45.0-47.7/45.0-47.7.colvars.traj".
colvars: Saving collective variables state to "output/45.0-47.7/45.0-47.7.restart.colvars.state".
TIMING: 40000  CPU: 556.595, 0.0139191/step  Wall: 558.658, 0.013969/step, 0.0388028 hours remaining, 0.000000 MB of memory in use.
PERFORMANCE: 40000  averaging 12.3739 ns/day, 0.0139649 sec/step with standard deviation 6.66344e-06
ENERGY:   40000       702.4319      2108.2201      2077.7900       125.3911        -213997.8334     17893.1941         0.0000         0.4810     36636.7857        -154453.5396       309.4847   -191090.3253   -154356.1984       309.3767            -41.4856       -11.2035    579695.2019        -0.3977        -0.4215

WRITING EXTENDED SYSTEM TO RESTART FILE AT STEP 40000
WRITING COORDINATES TO DCD FILE output/45.0-47.7/45.0-47.7.dcd AT STEP 40000
WRITING COORDINATES TO RESTART FILE AT STEP 40000
FINISHED WRITING RESTART COORDINATES
The last position output (seq=40000) takes 0.182 seconds, 0.000 MB of memory in use
WRITING VELOCITIES TO RESTART FILE AT STEP 40000
FINISHED WRITING RESTART VELOCITIES
The last velocity output (seq=40000) takes 0.005 seconds, 0.000 MB of memory in use
LDB: ============= START OF LOAD BALANCING ============== 564.533
LDB: ============== END OF LOAD BALANCING =============== 564.533
LDB: =============== DONE WITH MIGRATION ================ 564.533
LDB: ============= START OF LOAD BALANCING ============== 565.932
LDB: ============== END OF LOAD BALANCING =============== 565.932
LDB: =============== DONE WITH MIGRATION ================ 565.932
LDB: ============= START OF LOAD BALANCING ============== 620.375
LDB: ============== END OF LOAD BALANCING =============== 620.375
LDB: =============== DONE WITH MIGRATION ================ 620.375
LDB: ============= START OF LOAD BALANCING ============== 621.772
LDB: ============== END OF LOAD BALANCING =============== 621.772
LDB: =============== DONE WITH MIGRATION ================ 621.772
LDB: ============= START OF LOAD BALANCING ============== 676.217
LDB: ============== END OF LOAD BALANCING =============== 676.217
LDB: =============== DONE WITH MIGRATION ================ 676.218
LDB: ============= START OF LOAD BALANCING ============== 677.621
LDB: ============== END OF LOAD BALANCING =============== 677.621
LDB: =============== DONE WITH MIGRATION ================ 677.622
colvars: Synchronizing (emptying the buffer of) trajectory file "output/45.0-47.7/45.0-47.7.colvars.traj".
colvars: Saving collective variables state to "output/45.0-47.7/45.0-47.7.restart.colvars.state".
colvars: Saving collective variables state to "output/45.0-47.7/45.0-47.7.colvars.state".
TIMING: 50000  CPU: 695.777, 0.0139182/step  Wall: 698.492, 0.0139834/step, 0 hours remaining, 0.000000 MB of memory in use.
PERFORMANCE: 50000  averaging 12.3706 ns/day, 0.0139686 sec/step with standard deviation 1.00671e-05
ENERGY:   50000       693.4813      2072.3249      2079.9896       121.5036        -213830.1284     17887.0423         0.0000         0.6482     36542.0303        -154433.1081       308.6843   -190975.1384   -154318.5616       308.9796             20.3708        58.8035    581173.8451         3.0608         3.0127

WRITING EXTENDED SYSTEM TO RESTART FILE AT STEP 50000
WRITING COORDINATES TO DCD FILE output/45.0-47.7/45.0-47.7.dcd AT STEP 50000
WRITING COORDINATES TO RESTART FILE AT STEP 50000
FINISHED WRITING RESTART COORDINATES
The last position output (seq=50000) takes 0.053 seconds, 0.000 MB of memory in use
WRITING VELOCITIES TO RESTART FILE AT STEP 50000
FINISHED WRITING RESTART VELOCITIES
The last velocity output (seq=50000) takes 0.005 seconds, 0.000 MB of memory in use
WRITING EXTENDED SYSTEM TO OUTPUT FILE AT STEP 50000
CLOSING EXTENDED SYSTEM TRAJECTORY FILE
WRITING COORDINATES TO OUTPUT FILE AT STEP 50000
CLOSING COORDINATE DCD FILE output/45.0-47.7/45.0-47.7.dcd
The last position output (seq=-2) takes 0.047 seconds, 0.000 MB of memory in use
WRITING VELOCITIES TO OUTPUT FILE AT STEP 50000
====================================================

WallClock: 700.137756  CPUTime: 697.248291  Memory: 0.000000 MB
[Partition 0][Node 0] End of program
