Charm++> No provisioning arguments specified. Running with a single PE.
         Use +auto-provision to fully subscribe resources or +p1 to silence this message.
Charm++: standalone mode (not using charmrun)
Charm++> Running in Multicore mode: 1 threads (PEs)
Charm++> Using recursive bisection (scheme 3) for topology aware partitions
Converse/Charm++ Commit ID: 
CharmLB> Load balancer assumes all CPUs are same.
Charm++> Running on 1 hosts (2 sockets x 1 cores x 1 PUs = 2-way SMP)
Charm++> cpu topology info is gathered in 0.001 seconds.
Info: Built with CUDA version 11080
Did not find +devices i,j,k,... argument, using all
Pe 0 physical rank 0 binding to CUDA device 0 on hpc3-gpu-l54-07: 'NVIDIA A30'  Mem: 24062MB  Rev: 8.0  PCI: 0:e3:0
Info: NAMD 3.0b3 for Linux-x86_64-multicore-CUDA
Info: 
Info: Please visit http://www.ks.uiuc.edu/Research/namd/
Info: for updates, documentation, and support information.
Info: 
Info: Please cite Phillips et al., J. Chem. Phys. 153:044130 (2020) doi:10.1063/5.0014475
Info: in all publications reporting results obtained with NAMD.
Info: 
Info: Based on Charm++/Converse 70000 for multicore-linux-x86_64-gcc
Info: Built Mon May 1 12:29:32 CDT 2023 by dhardy on athine.ks.uiuc.edu
Info: 1 NAMD  3.0b3  Linux-x86_64-multicore-CUDA  1    hpc3-gpu-l54-07  cannistc
Info: Running on 1 processors, 1 nodes, 1 physical nodes.
Info: CPU topology information available.
Info: Charm++/Converse parallel runtime startup completed at 0.482637 s
CkLoopLib is used in SMP with simple dynamic scheduling (converse-level notification)
Info: 0 MB of memory in use based on /proc/self/stat
Info: Configuration file is equil.conf
Info: Working in the current directory /dfs6/pub/cannistc/umb_111423/steer-2d-1111
TCL: Suspending until startup complete.
Info: EXTENDED SYSTEM FILE   output/45.0-42.3/45.0-42.3.restart.xsc
Warning: The Langevin gamma parameters differ over the particles,
Warning: requiring extra work per step to constrain rigid bonds.
Info: Enabling PMEOffload because PMEInterpOrder > 4.
Info: SIMULATION PARAMETERS:
Info: TIMESTEP               2
Info: NUMBER OF STEPS        0
Info: STEPS PER CYCLE        20
Info: PERIODIC CELL BASIS 1  83.4263 0 0
Info: PERIODIC CELL BASIS 2  0 83.4263 0
Info: PERIODIC CELL BASIS 3  0 0 83.4263
Info: PERIODIC CELL CENTER   0 0 0
Info: WRAPPING ALL CLUSTERS AROUND PERIODIC BOUNDARIES ON OUTPUT.
Info: LOAD BALANCER  Centralized
Info: LOAD BALANCING STRATEGY  New Load Balancers -- DEFAULT
Info: LDB PERIOD             4000 steps
Info: FIRST LDB TIMESTEP     100
Info: LAST LDB TIMESTEP     -1
Info: LDB BACKGROUND SCALING 1
Info: HOM BACKGROUND SCALING 1
Info: PME BACKGROUND SCALING 1
Info: MIN ATOMS PER PATCH    40
Info: EMPTY PATCH LOAD       40 ATOMS
Info: VELOCITY FILE          output/45.0-42.3/45.0-42.3.restart.vel
Info: CENTER OF MASS MOVING INITIALLY? NO
Info: DIELECTRIC             1
Info: EXCLUDE                SCALED ONE-FOUR
Info: 1-4 ELECTROSTATICS SCALED BY 1
Info: MODIFIED 1-4 VDW PARAMETERS WILL BE USED
Info: DCD FILENAME           output/40.0-42.3/40.0-42.3.dcd
Info: DCD FREQUENCY          10000
Info: DCD FIRST STEP         10000
Info: DCD FILE WILL CONTAIN UNIT CELL DATA
Info: XST FILENAME           output/40.0-42.3/40.0-42.3.xst
Info: XST FREQUENCY          10000
Info: NO VELOCITY DCD OUTPUT
Info: NO FORCE DCD OUTPUT
Info: OUTPUT FILENAME        output/40.0-42.3/40.0-42.3
Info: BINARY OUTPUT FILES WILL BE USED
Info: RESTART FILENAME       output/40.0-42.3/40.0-42.3.restart
Info: RESTART FREQUENCY      10000
Info: BINARY RESTART FILES WILL BE USED
Info: SWITCHING ACTIVE
Info: SWITCHING ON           10
Info: SWITCHING OFF          12
Info: PAIRLIST DISTANCE      13.5
Info: PAIRLIST SHRINK RATE   0.01
Info: PAIRLIST GROW RATE     0.01
Info: PAIRLIST TRIGGER       0.3
Info: PAIRLISTS PER CYCLE    2
Info: PAIRLISTS ENABLED
Info: MARGIN                 0.48
Info: HYDROGEN GROUP CUTOFF  2.5
Info: PATCH DIMENSION        16.48
Info: ENERGY OUTPUT STEPS    10000
Info: ENERGY EVALUATION STEPS    10000
Info: OUTPUT ENERGY PRECISION 4
Info: OUPUT ENERGY PRECISION 4
Info: CROSSTERM ENERGY INCLUDED IN DIHEDRAL
Info: TIMING OUTPUT STEPS    10000
Info: COLLECTIVE VARIABLES CALCULATION REQUESTED
Info: COLLECTIVE VARIABLES CONFIGURATION   colvarsconfig/CA-mature_40.0_42.3.cvc
Info: LANGEVIN DYNAMICS ACTIVE
Info: LANGEVIN TEMPERATURE   310
Info: LANGEVIN USING BBK INTEGRATOR
Info: LANGEVIN DAMPING COEFFICIENT IS 5 INVERSE PS
Info: LANGEVIN DYNAMICS NOT APPLIED TO HYDROGENS
Info: LANGEVIN PISTON PRESSURE CONTROL ACTIVE
Info:        TARGET PRESSURE IS 1.01325 BAR
Info:     OSCILLATION PERIOD IS 200 FS
Info:             DECAY TIME IS 100 FS
Info:     PISTON TEMPERATURE IS 310 K
Info:       PRESSURE CONTROL IS GROUP-BASED
Info:    INITIAL STRAIN RATE IS -9.13249e-06 -9.13249e-06 -9.13249e-06
Info:       CELL FLUCTUATION IS ISOTROPIC
Info: PARTICLE MESH EWALD (PME) ACTIVE
Info: PME TOLERANCE               1e-06
Info: PME EWALD COEFFICIENT       0.257952
Info: PME INTERPOLATION ORDER     6
Info: PME GRID DIMENSIONS         84 84 84
Info: PME MAXIMUM GRID SPACING    1
Info: PME RECIPROCAL SUM OFFLOADED TO GPU
Info: Attempting to read FFTW data from FFTW_NAMD_3.0b3_Linux-x86_64-multicore-CUDA.txt
Info: Optimizing 6 FFT steps.  1... 2... 3... 4... 5... 6...   Done.
Info: Writing FFTW data to FFTW_NAMD_3.0b3_Linux-x86_64-multicore-CUDA.txt
Info: FULL ELECTROSTATIC EVALUATION FREQUENCY      2
Info: USING VERLET I (r-RESPA) MTS SCHEME.
Info: C1 SPLITTING OF LONG RANGE ELECTROSTATICS
Info: PLACING ATOMS IN PATCHES BY HYDROGEN GROUPS
Info: RIGID BONDS TO HYDROGEN : ALL
Info:         ERROR TOLERANCE : 1e-08
Info:          MAX ITERATIONS : 100
Info: RIGID WATER USING SETTLE ALGORITHM
Info: RANDOM NUMBER SEED     1731618842
Info: USE HYDROGEN BONDS?    NO
Info: COORDINATE PDB         CA-mature.pdb
Info: STRUCTURE FILE         CA-mature.psf
Info: PARAMETER file: CHARMM format! 
Info: PARAMETERS             ff/par_all36_prot.prm
Info: PARAMETERS             ff/par_all36_lipid.prm
Info: PARAMETERS             ff/par_all36_carb.prm
Info: PARAMETERS             ff/par_all36_cgenff.prm
Info: PARAMETERS             ff/par_all36_na.prm
Info: PARAMETERS             ff/toppar_water_ions_namd.str
Info: PARAMETERS             ff/ip6.prm
Info: USING ARITHMETIC MEAN TO COMBINE L-J SIGMA PARAMETERS
Info: BINARY COORDINATES     output/45.0-42.3/45.0-42.3.restart.coor
Info: SKIPPING rtf SECTION IN STREAM FILE
Info: SUMMARY OF PARAMETERS:
Info: 953 BONDS
Info: 2801 ANGLES
Info: 6885 DIHEDRAL
Info: 196 IMPROPER
Info: 6 CROSSTERM
Info: 355 VDW
Info: 10 VDW_PAIRS
Info: 0 NBTHOLE_PAIRS
Info: TIME FOR READING PSF FILE: 0.689444
Info: Reading pdb file CA-mature.pdb
Info: TIME FOR READING PDB FILE: 0.103495
Info: 
Info: ****************************
Info: STRUCTURE SUMMARY:
Info: 58658 ATOMS
Info: 40231 BONDS
Info: 24726 ANGLES
Info: 9324 DIHEDRALS
Info: 625 IMPROPERS
Info: 219 CROSSTERMS
Info: 0 EXCLUSIONS
Info: 56831 RIGID BONDS
Info: 119143 DEGREES OF FREEDOM
Info: 20195 HYDROGEN GROUPS
Info: 4 ATOMS IN LARGEST HYDROGEN GROUP
Info: 20195 MIGRATION GROUPS
Info: 4 ATOMS IN LARGEST MIGRATION GROUP
Info: TOTAL MASS = 358421 amu
Info: TOTAL CHARGE = 2.57231e-06 e
Info: MASS DENSITY = 1.02505 g/cm^3
Info: ATOM DENSITY = 0.101023 atoms/A^3
Info: *****************************
Info: Reading from binary file output/45.0-42.3/45.0-42.3.restart.coor
Info: 
Info: Entering startup at 1.43883 s, 0 MB of memory in use
Info: Startup phase 0 took 0.00034952 s, 0 MB of memory in use
Info: ADDED 74102 IMPLICIT EXCLUSIONS
Info: Startup phase 1 took 0.0187079 s, 0 MB of memory in use
Info: NONBONDED TABLE R-SQUARED SPACING: 0.0625
Info: NONBONDED TABLE SIZE: 769 POINTS
Info: INCONSISTENCY IN FAST TABLE ENERGY VS FORCE: 0.000325096 AT 11.9556
Info: INCONSISTENCY IN SCOR TABLE ENERGY VS FORCE: 0.000324844 AT 11.9556
Info: INCONSISTENCY IN VDWA TABLE ENERGY VS FORCE: 0.0040507 AT 0.251946
Info: INCONSISTENCY IN VDWB TABLE ENERGY VS FORCE: 0.00150189 AT 0.251946
Info: Startup phase 2 took 0.00240955 s, 0 MB of memory in use
Info: Startup phase 3 took 1.994e-05 s, 0 MB of memory in use
Info: Startup phase 4 took 0.000166887 s, 0 MB of memory in use
Info: Startup phase 5 took 1.0592e-05 s, 0 MB of memory in use
Info: PATCH GRID IS 5 (PERIODIC) BY 5 (PERIODIC) BY 5 (PERIODIC)
Info: PATCH GRID IS 1-AWAY BY 1-AWAY BY 1-AWAY
Info: Reading from binary file output/45.0-42.3/45.0-42.3.restart.vel
Info: REMOVING COM VELOCITY -0.0439239 0.0257673 0.0259416
Info: LARGEST PATCH (38) HAS 509 ATOMS
Info: TORUS A SIZE 1 USING 0
Info: TORUS B SIZE 1 USING 0
Info: TORUS C SIZE 1 USING 0
Info: TORUS MINIMAL MESH SIZE IS 1 BY 1 BY 1
Info: Placed 100% of base nodes on same physical node as patch
Info: Startup phase 6 took 0.0112736 s, 0 MB of memory in use
Info: Use 3D box decompostion in PME FFT.
Info: PME using 1 x 1 x 1 pencil grid for FFT and reciprocal sum.
Info: Startup phase 7 took 7.2158e-05 s, 0 MB of memory in use
Info: Updated CUDA force table with 4096 elements.
Info: Updated CUDA LJ table with 355 x 355 elements.
Info: Startup phase 8 took 0.00226828 s, 0 MB of memory in use
Info: Startup phase 9 took 3.8358e-05 s, 0 MB of memory in use
Info: Startup phase 10 took 1.0592e-05 s, 0 MB of memory in use
Info: Startup phase 11 took 0.000659437 s, 0 MB of memory in use
LDB: Central LB being created...
Info: Startup phase 12 took 0.0025114 s, 0 MB of memory in use
Info: CREATING 2634 COMPUTE OBJECTS
colvars: ----------------------------------------------------------------------
colvars: Initializing the collective variables module, version 2023-01-31.
colvars: Please cite Fiorin et al, Mol Phys 2013:
colvars:   https://doi.org/10.1080/00268976.2013.813594
colvars: as well as all other papers listed below for individual features used.
colvars: SMP parallelism is enabled; if needed, use "smp off" to override this.
colvars: This version was built with the C++11 standard or higher.
colvars: Redefining the Tcl "cv" command to the new script interface.
colvars: Using NAMD interface, version "2023-01-31".
colvars: ----------------------------------------------------------------------
colvars: Reading new configuration from file "colvarsconfig/CA-mature_40.0_42.3.cvc":
colvars: # units = "" [default]
colvars: # smp = on [default]
colvars: # colvarsTrajFrequency = 100 [default]
colvars: # colvarsRestartFrequency = 10000 [default]
colvars: # scriptedColvarForces = off [default]
colvars: # scriptingAfterBiases = off [default]
colvars: # sourceTclFile = "" [default]
colvars: ----------------------------------------------------------------------
colvars:   Initializing a new collective variable.
colvars:   # name = "dist"
colvars:   Initializing a new "distance" component.
colvars:     # name = "" [default]
colvars:     # componentCoeff = 1 [default]
colvars:     # componentExp = 1 [default]
colvars:     # period = 0 [default]
colvars:     # wrapAround = 0 [default]
colvars:     # forceNoPBC = off [default]
colvars:     # scalable = on [default]
colvars:       Initializing atom group "group1".
colvars:       # name = "" [default]
colvars:       # centerToOrigin = off [default]
colvars:       # centerToReference = off [default]
colvars:       # rotateToReference = off [default]
colvars:       # atomsOfGroup = "" [default]
colvars:       # indexGroup = "" [default]
colvars:       # psfSegID =  [default]
colvars:       # atomsFile = "restraints/CA-mature.rstrnt.pdb"
colvars:       # atomsCol = "O"
colvars:       # atomsColValue = 4
colvars:       # dummyAtom = ( 0 , 0 , 0 ) [default]
colvars:       # enableFitGradients = on [default]
colvars:       Enabling scalable calculation for group "group1".
colvars:       # printAtomIDs = off [default]
colvars:       Atom group "group1" defined with 20 atoms requested: total mass = 270.14, total charge = -2.
colvars:       Initializing atom group "group2".
colvars:       # name = "" [default]
colvars:       # centerToOrigin = off [default]
colvars:       # centerToReference = off [default]
colvars:       # rotateToReference = off [default]
colvars:       # atomsOfGroup = "" [default]
colvars:       # indexGroup = "" [default]
colvars:       # psfSegID =  [default]
colvars:       # atomsFile = "restraints/CA-mature.rstrnt.pdb"
colvars:       # atomsCol = "O"
colvars:       # atomsColValue = 7
colvars:       # dummyAtom = ( 0 , 0 , 0 ) [default]
colvars:       # enableFitGradients = on [default]
colvars:       Enabling scalable calculation for group "group2".
colvars:       # printAtomIDs = off [default]
colvars:       Atom group "group2" defined with 32 atoms requested: total mass = 432.224, total charge = -3.2.
colvars:     # oneSiteSystemForce = off [default]
colvars:     # oneSiteTotalForce = off [default]
colvars:   All components initialized.
colvars:   # timeStepFactor = 1 [default]
colvars:   # width = 1 [default]
colvars:   # lowerBoundary = 0 [default]
colvars:   # upperBoundary = 1 [default]
colvars:   # hardLowerBoundary = on [default]
colvars:   # hardUpperBoundary = off [default]
colvars:   # expandBoundaries = off [default]
colvars:   # extendedLagrangian = off [default]
colvars:   # outputValue = on [default]
colvars:   # outputVelocity = off [default]
colvars:   # outputTotalForce = off [default]
colvars:   # outputAppliedForce = off [default]
colvars:   # subtractAppliedForce = off [default]
colvars:   # runAve = off [default]
colvars:   # corrFunc = off [default]
colvars: ----------------------------------------------------------------------
colvars:   Initializing a new collective variable.
colvars:   # name = "theta"
colvars:   Initializing a new "dihedral" component.
colvars:     # name = "" [default]
colvars:     # componentCoeff = 1 [default]
colvars:     # componentExp = 1 [default]
colvars:     # period = 0 [default]
colvars:     # wrapAround = 0 [default]
colvars:     # forceNoPBC = off [default]
colvars:     # scalable = on [default]
colvars:       Initializing atom group "group1".
colvars:       # name = "" [default]
colvars:       # centerToOrigin = off [default]
colvars:       # centerToReference = off [default]
colvars:       # rotateToReference = off [default]
colvars:       # atomsOfGroup = "" [default]
colvars:       # indexGroup = "" [default]
colvars:       # psfSegID =  [default]
colvars:       # atomsFile = "restraints/CA-mature.rstrnt.pdb"
colvars:       # atomsCol = "O"
colvars:       # atomsColValue = 1
colvars:       # dummyAtom = ( 0 , 0 , 0 ) [default]
colvars:       # enableFitGradients = on [default]
colvars:       Enabling scalable calculation for group "group1".
colvars:       # printAtomIDs = off [default]
colvars:       Atom group "group1" defined with 120 atoms requested: total mass = 1620.84, total charge = -11.7.
colvars:       Initializing atom group "group2".
colvars:       # name = "" [default]
colvars:       # centerToOrigin = off [default]
colvars:       # centerToReference = off [default]
colvars:       # rotateToReference = off [default]
colvars:       # atomsOfGroup = "" [default]
colvars:       # indexGroup = "" [default]
colvars:       # psfSegID =  [default]
colvars:       # atomsFile = "restraints/CA-mature.rstrnt.pdb"
colvars:       # atomsCol = "O"
colvars:       # atomsColValue = 4
colvars:       # dummyAtom = ( 0 , 0 , 0 ) [default]
colvars:       # enableFitGradients = on [default]
colvars:       Enabling scalable calculation for group "group2".
colvars:       # printAtomIDs = off [default]
colvars:       Atom group "group2" defined with 20 atoms requested: total mass = 270.14, total charge = -2.
colvars:       Initializing atom group "group3".
colvars:       # name = "" [default]
colvars:       # centerToOrigin = off [default]
colvars:       # centerToReference = off [default]
colvars:       # rotateToReference = off [default]
colvars:       # atomsOfGroup = "" [default]
colvars:       # indexGroup = "" [default]
colvars:       # psfSegID =  [default]
colvars:       # atomsFile = "restraints/CA-mature.rstrnt.pdb"
colvars:       # atomsCol = "O"
colvars:       # atomsColValue = 5
colvars:       # dummyAtom = ( 0 , 0 , 0 ) [default]
colvars:       # enableFitGradients = on [default]
colvars:       Enabling scalable calculation for group "group3".
colvars:       # printAtomIDs = off [default]
colvars:       Atom group "group3" defined with 40 atoms requested: total mass = 540.28, total charge = -4.09.
colvars:       Initializing atom group "group4".
colvars:       # name = "" [default]
colvars:       # centerToOrigin = off [default]
colvars:       # centerToReference = off [default]
colvars:       # rotateToReference = off [default]
colvars:       # atomsOfGroup = "" [default]
colvars:       # indexGroup = "" [default]
colvars:       # psfSegID =  [default]
colvars:       # atomsFile = "restraints/CA-mature.rstrnt.pdb"
colvars:       # atomsCol = "O"
colvars:       # atomsColValue = 6
colvars:       # dummyAtom = ( 0 , 0 , 0 ) [default]
colvars:       # enableFitGradients = on [default]
colvars:       Enabling scalable calculation for group "group4".
colvars:       # printAtomIDs = off [default]
colvars:       Atom group "group4" defined with 40 atoms requested: total mass = 540.28, total charge = -4.
colvars:     # oneSiteSystemForce = off [default]
colvars:     # oneSiteTotalForce = off [default]
colvars:   All components initialized.
colvars:   # timeStepFactor = 1 [default]
colvars:   # width = 1 [default]
colvars:   # lowerBoundary = -180 [default]
colvars:   # upperBoundary = 180 [default]
colvars:   # hardLowerBoundary = on [default]
colvars:   # hardUpperBoundary = on [default]
colvars:   # expandBoundaries = off [default]
colvars:   # extendedLagrangian = off [default]
colvars:   # outputValue = on [default]
colvars:   # outputVelocity = off [default]
colvars:   # outputTotalForce = off [default]
colvars:   # outputAppliedForce = off [default]
colvars:   # subtractAppliedForce = off [default]
colvars:   # runAve = off [default]
colvars:   # corrFunc = off [default]
colvars: ----------------------------------------------------------------------
colvars:   Initializing a new collective variable.
colvars:   # name = "alpha2"
colvars:   Initializing a new "alpha" component.
colvars:     # name = "" [default]
colvars:     # componentCoeff = 1 [default]
colvars:     # componentExp = 1 [default]
colvars:     # period = 0 [default]
colvars:     # wrapAround = 0 [default]
colvars:     # forceNoPBC = off [default]
colvars:     # scalable = on [default]
colvars:     # psfSegID = "0A0"
colvars:     # hBondCoeff = 0.5 [default]
colvars:     # angleRef = 88 [default]
colvars:     # angleTol = 15 [default]
colvars:     # hBondCutoff = 3.3 [default]
colvars:     # hBondExpNumer = 6 [default]
colvars:     # hBondExpDenom = 8 [default]
colvars:   All components initialized.
colvars:   # timeStepFactor = 1 [default]
colvars:   # width = 1 [default]
colvars:   # lowerBoundary = 0 [default]
colvars:   # upperBoundary = 1 [default]
colvars:   # hardLowerBoundary = off [default]
colvars:   # hardUpperBoundary = off [default]
colvars:   # expandBoundaries = off [default]
colvars:   # extendedLagrangian = off [default]
colvars:   # outputValue = on [default]
colvars:   # outputVelocity = off [default]
colvars:   # outputTotalForce = off [default]
colvars:   # outputAppliedForce = off [default]
colvars:   # subtractAppliedForce = off [default]
colvars:   # runAve = off [default]
colvars:   # corrFunc = off [default]
colvars: ----------------------------------------------------------------------
colvars:   Initializing a new collective variable.
colvars:   # name = "alpha3"
colvars:   Initializing a new "alpha" component.
colvars:     # name = "" [default]
colvars:     # componentCoeff = 1 [default]
colvars:     # componentExp = 1 [default]
colvars:     # period = 0 [default]
colvars:     # wrapAround = 0 [default]
colvars:     # forceNoPBC = off [default]
colvars:     # scalable = on [default]
colvars:     # psfSegID = "0A0"
colvars:     # hBondCoeff = 0.5 [default]
colvars:     # angleRef = 88 [default]
colvars:     # angleTol = 15 [default]
colvars:     # hBondCutoff = 3.3 [default]
colvars:     # hBondExpNumer = 6 [default]
colvars:     # hBondExpDenom = 8 [default]
colvars:   All components initialized.
colvars:   # timeStepFactor = 1 [default]
colvars:   # width = 1 [default]
colvars:   # lowerBoundary = 0 [default]
colvars:   # upperBoundary = 1 [default]
colvars:   # hardLowerBoundary = off [default]
colvars:   # hardUpperBoundary = off [default]
colvars:   # expandBoundaries = off [default]
colvars:   # extendedLagrangian = off [default]
colvars:   # outputValue = on [default]
colvars:   # outputVelocity = off [default]
colvars:   # outputTotalForce = off [default]
colvars:   # outputAppliedForce = off [default]
colvars:   # subtractAppliedForce = off [default]
colvars:   # runAve = off [default]
colvars:   # corrFunc = off [default]
colvars: ----------------------------------------------------------------------
colvars: Collective variables initialized, 4 in total.
colvars: ----------------------------------------------------------------------
colvars:   Initializing a new "harmonic" instance.
colvars:   # name = "theta-trans"
colvars:   # colvars = { theta }
colvars:   # stepZeroData = off [default]
colvars:   # outputEnergy = off [default]
colvars:   # outputFreq = 10000 [default]
colvars:   # timeStepFactor = 1 [default]
colvars:   # writeTISamples = off [default]
colvars:   # writeTIPMF = off [default]
colvars:   # centers = { 40 }
colvars:   # targetCenters = { 40 } [default]
colvars:   # outputCenters = off [default]
colvars:   # forceConstant = 1
colvars:   # decoupling = off [default]
colvars:   # targetForceConstant = -1 [default]
colvars:   The force constant for colvar "theta" will be rescaled to 1 according to the specified width (1).
colvars: ----------------------------------------------------------------------
colvars:   Initializing a new "harmonic" instance.
colvars:   # name = "dist-trans"
colvars:   # colvars = { dist }
colvars:   # stepZeroData = off [default]
colvars:   # outputEnergy = off [default]
colvars:   # outputFreq = 10000 [default]
colvars:   # timeStepFactor = 1 [default]
colvars:   # writeTISamples = off [default]
colvars:   # writeTIPMF = off [default]
colvars:   # centers = { 42.3 }
colvars:   # targetCenters = { 42.3 } [default]
colvars:   # outputCenters = off [default]
colvars:   # forceConstant = 3
colvars:   # decoupling = off [default]
colvars:   # targetForceConstant = -1 [default]
colvars:   The force constant for colvar "dist" will be rescaled to 3 according to the specified width (1).
colvars: ----------------------------------------------------------------------
colvars:   Initializing a new "harmonic" instance.
colvars:   # name = "alpha-rstrnt"
colvars:   # colvars = { alpha2, alpha3 }
colvars:   # stepZeroData = off [default]
colvars:   # outputEnergy = off [default]
colvars:   # outputFreq = 10000 [default]
colvars:   # timeStepFactor = 1 [default]
colvars:   # writeTISamples = off [default]
colvars:   # writeTIPMF = off [default]
colvars:   # centers = { 0.9, 0.9 }
colvars:   # targetCenters = { 0.9, 0.9 } [default]
colvars:   # outputCenters = off [default]
colvars:   # forceConstant = 10
colvars:   # decoupling = off [default]
colvars:   # targetForceConstant = -1 [default]
colvars:   The force constant for colvar "alpha2" will be rescaled to 10 according to the specified width (1).
colvars:   The force constant for colvar "alpha3" will be rescaled to 10 according to the specified width (1).
colvars: ----------------------------------------------------------------------
colvars: Collective variables biases initialized, 3 in total.
colvars: ----------------------------------------------------------------------
colvars: Collective variables module (re)initialized.
colvars: ----------------------------------------------------------------------
colvars: Updating NAMD interface:
colvars: Warning: enabling wrapAll can lead to inconsistent results for Colvars calculations: please disable wrapAll, as is the default option in NAMD.
colvars: updating atomic data (53 atoms).
colvars: updating group data (5 scalable groups, 252 atoms in total).
colvars: updating grid object data (0 grid objects in total).
colvars: 
colvars: SUMMARY OF COLVARS FEATURES USED SO FAR AND THEIR CITATIONS:
colvars: 
colvars: - Colvars module:
colvars: - Colvars-NAMD interface:
colvars: - Harmonic colvar bias implementation:
colvars: - Optimal rotation via flexible fitting:
colvars: - alpha colvar component:
colvars: - angle colvar component:
colvars: - dihedral colvar component:
colvars: - distance colvar component:
colvars: - hBond colvar component:
colvars:   Fiorin2013 https://doi.org/10.1080/00268976.2013.813594
colvars: 
colvars: - NAMD engine:
colvars: - Scalable center-of-mass computation (NAMD):
colvars:   Phillips2020 https://doi.org/10.1063/5.0014475
colvars: 
colvars: updating target temperature (T = 310 K).
colvars: Re-initialized atom group for variable "dist":0/0. 20 atoms: total mass = 270.14, total charge = -2.
colvars: Re-initialized atom group for variable "dist":0/1. 32 atoms: total mass = 432.224, total charge = -3.2.
colvars: Re-initialized atom group for variable "theta":0/0. 120 atoms: total mass = 1620.84, total charge = -11.7.
colvars: Re-initialized atom group for variable "theta":0/1. 20 atoms: total mass = 270.14, total charge = -2.
colvars: Re-initialized atom group for variable "theta":0/2. 40 atoms: total mass = 540.28, total charge = -4.09.
colvars: Re-initialized atom group for variable "theta":0/3. 40 atoms: total mass = 540.28, total charge = -4.
colvars: Re-initialized atom group for variable "alpha2":0/0. 1 atoms: total mass = 12.011, total charge = 0.07.
colvars: Re-initialized atom group for variable "alpha2":0/1. 1 atoms: total mass = 12.011, total charge = 0.07.
colvars: Re-initialized atom group for variable "alpha2":0/2. 1 atoms: total mass = 12.011, total charge = 0.07.
colvars: Re-initialized atom group for variable "alpha2":0/3. 1 atoms: total mass = 12.011, total charge = 0.07.
colvars: Re-initialized atom group for variable "alpha2":0/4. 1 atoms: total mass = 12.011, total charge = 0.07.
colvars: Re-initialized atom group for variable "alpha2":0/5. 1 atoms: total mass = 12.011, total charge = 0.07.
colvars: Re-initialized atom group for variable "alpha2":0/6. 1 atoms: total mass = 12.011, total charge = 0.07.
colvars: Re-initialized atom group for variable "alpha2":0/7. 1 atoms: total mass = 12.011, total charge = 0.07.
colvars: Re-initialized atom group for variable "alpha2":0/8. 1 atoms: total mass = 12.011, total charge = 0.07.
colvars: Re-initialized atom group for variable "alpha2":0/9. 1 atoms: total mass = 12.011, total charge = 0.07.
colvars: Re-initialized atom group for variable "alpha2":0/10. 1 atoms: total mass = 12.011, total charge = 0.07.
colvars: Re-initialized atom group for variable "alpha2":0/11. 1 atoms: total mass = 12.011, total charge = -0.02.
colvars: Re-initialized atom group for variable "alpha2":0/12. 1 atoms: total mass = 12.011, total charge = 0.07.
colvars: Re-initialized atom group for variable "alpha2":0/13. 1 atoms: total mass = 12.011, total charge = -0.02.
colvars: Re-initialized atom group for variable "alpha2":0/14. 1 atoms: total mass = 12.011, total charge = 0.07.
colvars: Re-initialized atom group for variable "alpha2":0/15. 1 atoms: total mass = 12.011, total charge = -0.02.
colvars: Re-initialized atom group for variable "alpha2":0/16. 1 atoms: total mass = 12.011, total charge = 0.07.
colvars: Re-initialized atom group for variable "alpha2":0/17. 1 atoms: total mass = 12.011, total charge = 0.07.
colvars: Re-initialized atom group for variable "alpha2":0/18. 2 atoms: total mass = 30.006, total charge = -0.98.
colvars: Re-initialized atom group for variable "alpha2":0/19. 2 atoms: total mass = 30.006, total charge = -0.98.
colvars: Re-initialized atom group for variable "alpha2":0/20. 2 atoms: total mass = 30.006, total charge = -0.98.
colvars: Re-initialized atom group for variable "alpha2":0/21. 2 atoms: total mass = 30.006, total charge = -0.98.
colvars: Re-initialized atom group for variable "alpha3":0/0. 1 atoms: total mass = 12.011, total charge = 0.07.
colvars: Re-initialized atom group for variable "alpha3":0/1. 1 atoms: total mass = 12.011, total charge = 0.07.
colvars: Re-initialized atom group for variable "alpha3":0/2. 1 atoms: total mass = 12.011, total charge = 0.07.
colvars: Re-initialized atom group for variable "alpha3":0/3. 1 atoms: total mass = 12.011, total charge = 0.07.
colvars: Re-initialized atom group for variable "alpha3":0/4. 1 atoms: total mass = 12.011, total charge = 0.07.
colvars: Re-initialized atom group for variable "alpha3":0/5. 1 atoms: total mass = 12.011, total charge = 0.07.
colvars: Re-initialized atom group for variable "alpha3":0/6. 1 atoms: total mass = 12.011, total charge = 0.07.
colvars: Re-initialized atom group for variable "alpha3":0/7. 1 atoms: total mass = 12.011, total charge = 0.07.
colvars: Re-initialized atom group for variable "alpha3":0/8. 1 atoms: total mass = 12.011, total charge = 0.07.
colvars: Re-initialized atom group for variable "alpha3":0/9. 1 atoms: total mass = 12.011, total charge = 0.07.
colvars: Re-initialized atom group for variable "alpha3":0/10. 1 atoms: total mass = 12.011, total charge = 0.07.
colvars: Re-initialized atom group for variable "alpha3":0/11. 1 atoms: total mass = 12.011, total charge = 0.07.
colvars: Re-initialized atom group for variable "alpha3":0/12. 1 atoms: total mass = 12.011, total charge = 0.07.
colvars: Re-initialized atom group for variable "alpha3":0/13. 1 atoms: total mass = 12.011, total charge = 0.07.
colvars: Re-initialized atom group for variable "alpha3":0/14. 1 atoms: total mass = 12.011, total charge = -0.02.
colvars: Re-initialized atom group for variable "alpha3":0/15. 1 atoms: total mass = 12.011, total charge = 0.07.
colvars: Re-initialized atom group for variable "alpha3":0/16. 1 atoms: total mass = 12.011, total charge = -0.02.
colvars: Re-initialized atom group for variable "alpha3":0/17. 1 atoms: total mass = 12.011, total charge = 0.07.
colvars: Re-initialized atom group for variable "alpha3":0/18. 1 atoms: total mass = 12.011, total charge = -0.02.
colvars: Re-initialized atom group for variable "alpha3":0/19. 1 atoms: total mass = 12.011, total charge = 0.07.
colvars: Re-initialized atom group for variable "alpha3":0/20. 1 atoms: total mass = 12.011, total charge = 0.07.
colvars: Re-initialized atom group for variable "alpha3":0/21. 1 atoms: total mass = 12.011, total charge = 0.07.
colvars: Re-initialized atom group for variable "alpha3":0/22. 1 atoms: total mass = 12.011, total charge = 0.07.
colvars: Re-initialized atom group for variable "alpha3":0/23. 1 atoms: total mass = 12.011, total charge = 0.07.
colvars: Re-initialized atom group for variable "alpha3":0/24. 1 atoms: total mass = 12.011, total charge = 0.07.
colvars: Re-initialized atom group for variable "alpha3":0/25. 1 atoms: total mass = 12.011, total charge = 0.07.
colvars: Re-initialized atom group for variable "alpha3":0/26. 1 atoms: total mass = 12.011, total charge = 0.07.
colvars: Re-initialized atom group for variable "alpha3":0/27. 1 atoms: total mass = 12.011, total charge = 0.07.
colvars: Re-initialized atom group for variable "alpha3":0/28. 1 atoms: total mass = 12.011, total charge = 0.07.
colvars: Re-initialized atom group for variable "alpha3":0/29. 1 atoms: total mass = 12.011, total charge = 0.07.
colvars: Re-initialized atom group for variable "alpha3":0/30. 1 atoms: total mass = 12.011, total charge = 0.07.
colvars: Re-initialized atom group for variable "alpha3":0/31. 1 atoms: total mass = 12.011, total charge = 0.07.
colvars: Re-initialized atom group for variable "alpha3":0/32. 1 atoms: total mass = 12.011, total charge = 0.07.
colvars: Re-initialized atom group for variable "alpha3":0/33. 1 atoms: total mass = 12.011, total charge = 0.07.
colvars: Re-initialized atom group for variable "alpha3":0/34. 1 atoms: total mass = 12.011, total charge = 0.07.
colvars: Re-initialized atom group for variable "alpha3":0/35. 1 atoms: total mass = 12.011, total charge = 0.07.
colvars: Re-initialized atom group for variable "alpha3":0/36. 1 atoms: total mass = 12.011, total charge = 0.07.
colvars: Re-initialized atom group for variable "alpha3":0/37. 1 atoms: total mass = 12.011, total charge = 0.07.
colvars: Re-initialized atom group for variable "alpha3":0/38. 1 atoms: total mass = 12.011, total charge = 0.07.
colvars: Re-initialized atom group for variable "alpha3":0/39. 2 atoms: total mass = 30.006, total charge = -0.98.
colvars: Re-initialized atom group for variable "alpha3":0/40. 2 atoms: total mass = 30.006, total charge = -0.98.
colvars: Re-initialized atom group for variable "alpha3":0/41. 2 atoms: total mass = 30.006, total charge = -0.98.
colvars: Re-initialized atom group for variable "alpha3":0/42. 2 atoms: total mass = 30.006, total charge = -0.98.
colvars: Re-initialized atom group for variable "alpha3":0/43. 2 atoms: total mass = 30.006, total charge = -0.98.
colvars: Re-initialized atom group for variable "alpha3":0/44. 2 atoms: total mass = 30.006, total charge = -0.98.
colvars: Re-initialized atom group for variable "alpha3":0/45. 2 atoms: total mass = 30.006, total charge = -0.98.
colvars: Re-initialized atom group for variable "alpha3":0/46. 2 atoms: total mass = 30.006, total charge = -0.98.
colvars: Re-initialized atom group for variable "alpha3":0/47. 2 atoms: total mass = 30.006, total charge = -0.98.
colvars: Re-initialized atom group for variable "alpha3":0/48. 2 atoms: total mass = 30.006, total charge = -0.98.
colvars: Re-initialized atom group for variable "alpha3":0/49. 2 atoms: total mass = 30.006, total charge = -0.98.
colvars: The restart output state file will be "output/40.0-42.3/40.0-42.3.restart.colvars.state".
colvars: The final output state file will be "output/40.0-42.3/40.0-42.3.colvars.state".
Info: Found 303 unique exclusion lists needing 1220 bytes
Info: Startup phase 13 took 0.60208 s, 0 MB of memory in use
Info: Startup phase 14 took 6.0689e-05 s, 0 MB of memory in use
Info: Startup phase 15 took 0.000249983 s, 0 MB of memory in use
Info: Finished startup at 2.07971 s, 0 MB of memory in use

TCL: Running for 50000 steps
colvars: Updating NAMD interface:
colvars: Warning: enabling wrapAll can lead to inconsistent results for Colvars calculations: please disable wrapAll, as is the default option in NAMD.
colvars: updating atomic data (53 atoms).
colvars: updating group data (5 scalable groups, 252 atoms in total).
colvars: updating grid object data (0 grid objects in total).
colvars: updating target temperature (T = 310 K).
colvars: Re-initialized atom group for variable "dist":0/0. 20 atoms: total mass = 270.14, total charge = -2.
colvars: Re-initialized atom group for variable "dist":0/1. 32 atoms: total mass = 432.224, total charge = -3.2.
colvars: Re-initialized atom group for variable "theta":0/0. 120 atoms: total mass = 1620.84, total charge = -11.7.
colvars: Re-initialized atom group for variable "theta":0/1. 20 atoms: total mass = 270.14, total charge = -2.
colvars: Re-initialized atom group for variable "theta":0/2. 40 atoms: total mass = 540.28, total charge = -4.09.
colvars: Re-initialized atom group for variable "theta":0/3. 40 atoms: total mass = 540.28, total charge = -4.
colvars: Re-initialized atom group for variable "alpha2":0/0. 1 atoms: total mass = 12.011, total charge = 0.07.
colvars: Re-initialized atom group for variable "alpha2":0/1. 1 atoms: total mass = 12.011, total charge = 0.07.
colvars: Re-initialized atom group for variable "alpha2":0/2. 1 atoms: total mass = 12.011, total charge = 0.07.
colvars: Re-initialized atom group for variable "alpha2":0/3. 1 atoms: total mass = 12.011, total charge = 0.07.
colvars: Re-initialized atom group for variable "alpha2":0/4. 1 atoms: total mass = 12.011, total charge = 0.07.
colvars: Re-initialized atom group for variable "alpha2":0/5. 1 atoms: total mass = 12.011, total charge = 0.07.
colvars: Re-initialized atom group for variable "alpha2":0/6. 1 atoms: total mass = 12.011, total charge = 0.07.
colvars: Re-initialized atom group for variable "alpha2":0/7. 1 atoms: total mass = 12.011, total charge = 0.07.
colvars: Re-initialized atom group for variable "alpha2":0/8. 1 atoms: total mass = 12.011, total charge = 0.07.
colvars: Re-initialized atom group for variable "alpha2":0/9. 1 atoms: total mass = 12.011, total charge = 0.07.
colvars: Re-initialized atom group for variable "alpha2":0/10. 1 atoms: total mass = 12.011, total charge = 0.07.
colvars: Re-initialized atom group for variable "alpha2":0/11. 1 atoms: total mass = 12.011, total charge = -0.02.
colvars: Re-initialized atom group for variable "alpha2":0/12. 1 atoms: total mass = 12.011, total charge = 0.07.
colvars: Re-initialized atom group for variable "alpha2":0/13. 1 atoms: total mass = 12.011, total charge = -0.02.
colvars: Re-initialized atom group for variable "alpha2":0/14. 1 atoms: total mass = 12.011, total charge = 0.07.
colvars: Re-initialized atom group for variable "alpha2":0/15. 1 atoms: total mass = 12.011, total charge = -0.02.
colvars: Re-initialized atom group for variable "alpha2":0/16. 1 atoms: total mass = 12.011, total charge = 0.07.
colvars: Re-initialized atom group for variable "alpha2":0/17. 1 atoms: total mass = 12.011, total charge = 0.07.
colvars: Re-initialized atom group for variable "alpha2":0/18. 2 atoms: total mass = 30.006, total charge = -0.98.
colvars: Re-initialized atom group for variable "alpha2":0/19. 2 atoms: total mass = 30.006, total charge = -0.98.
colvars: Re-initialized atom group for variable "alpha2":0/20. 2 atoms: total mass = 30.006, total charge = -0.98.
colvars: Re-initialized atom group for variable "alpha2":0/21. 2 atoms: total mass = 30.006, total charge = -0.98.
colvars: Re-initialized atom group for variable "alpha3":0/0. 1 atoms: total mass = 12.011, total charge = 0.07.
colvars: Re-initialized atom group for variable "alpha3":0/1. 1 atoms: total mass = 12.011, total charge = 0.07.
colvars: Re-initialized atom group for variable "alpha3":0/2. 1 atoms: total mass = 12.011, total charge = 0.07.
colvars: Re-initialized atom group for variable "alpha3":0/3. 1 atoms: total mass = 12.011, total charge = 0.07.
colvars: Re-initialized atom group for variable "alpha3":0/4. 1 atoms: total mass = 12.011, total charge = 0.07.
colvars: Re-initialized atom group for variable "alpha3":0/5. 1 atoms: total mass = 12.011, total charge = 0.07.
colvars: Re-initialized atom group for variable "alpha3":0/6. 1 atoms: total mass = 12.011, total charge = 0.07.
colvars: Re-initialized atom group for variable "alpha3":0/7. 1 atoms: total mass = 12.011, total charge = 0.07.
colvars: Re-initialized atom group for variable "alpha3":0/8. 1 atoms: total mass = 12.011, total charge = 0.07.
colvars: Re-initialized atom group for variable "alpha3":0/9. 1 atoms: total mass = 12.011, total charge = 0.07.
colvars: Re-initialized atom group for variable "alpha3":0/10. 1 atoms: total mass = 12.011, total charge = 0.07.
colvars: Re-initialized atom group for variable "alpha3":0/11. 1 atoms: total mass = 12.011, total charge = 0.07.
colvars: Re-initialized atom group for variable "alpha3":0/12. 1 atoms: total mass = 12.011, total charge = 0.07.
colvars: Re-initialized atom group for variable "alpha3":0/13. 1 atoms: total mass = 12.011, total charge = 0.07.
colvars: Re-initialized atom group for variable "alpha3":0/14. 1 atoms: total mass = 12.011, total charge = -0.02.
colvars: Re-initialized atom group for variable "alpha3":0/15. 1 atoms: total mass = 12.011, total charge = 0.07.
colvars: Re-initialized atom group for variable "alpha3":0/16. 1 atoms: total mass = 12.011, total charge = -0.02.
colvars: Re-initialized atom group for variable "alpha3":0/17. 1 atoms: total mass = 12.011, total charge = 0.07.
colvars: Re-initialized atom group for variable "alpha3":0/18. 1 atoms: total mass = 12.011, total charge = -0.02.
colvars: Re-initialized atom group for variable "alpha3":0/19. 1 atoms: total mass = 12.011, total charge = 0.07.
colvars: Re-initialized atom group for variable "alpha3":0/20. 1 atoms: total mass = 12.011, total charge = 0.07.
colvars: Re-initialized atom group for variable "alpha3":0/21. 1 atoms: total mass = 12.011, total charge = 0.07.
colvars: Re-initialized atom group for variable "alpha3":0/22. 1 atoms: total mass = 12.011, total charge = 0.07.
colvars: Re-initialized atom group for variable "alpha3":0/23. 1 atoms: total mass = 12.011, total charge = 0.07.
colvars: Re-initialized atom group for variable "alpha3":0/24. 1 atoms: total mass = 12.011, total charge = 0.07.
colvars: Re-initialized atom group for variable "alpha3":0/25. 1 atoms: total mass = 12.011, total charge = 0.07.
colvars: Re-initialized atom group for variable "alpha3":0/26. 1 atoms: total mass = 12.011, total charge = 0.07.
colvars: Re-initialized atom group for variable "alpha3":0/27. 1 atoms: total mass = 12.011, total charge = 0.07.
colvars: Re-initialized atom group for variable "alpha3":0/28. 1 atoms: total mass = 12.011, total charge = 0.07.
colvars: Re-initialized atom group for variable "alpha3":0/29. 1 atoms: total mass = 12.011, total charge = 0.07.
colvars: Re-initialized atom group for variable "alpha3":0/30. 1 atoms: total mass = 12.011, total charge = 0.07.
colvars: Re-initialized atom group for variable "alpha3":0/31. 1 atoms: total mass = 12.011, total charge = 0.07.
colvars: Re-initialized atom group for variable "alpha3":0/32. 1 atoms: total mass = 12.011, total charge = 0.07.
colvars: Re-initialized atom group for variable "alpha3":0/33. 1 atoms: total mass = 12.011, total charge = 0.07.
colvars: Re-initialized atom group for variable "alpha3":0/34. 1 atoms: total mass = 12.011, total charge = 0.07.
colvars: Re-initialized atom group for variable "alpha3":0/35. 1 atoms: total mass = 12.011, total charge = 0.07.
colvars: Re-initialized atom group for variable "alpha3":0/36. 1 atoms: total mass = 12.011, total charge = 0.07.
colvars: Re-initialized atom group for variable "alpha3":0/37. 1 atoms: total mass = 12.011, total charge = 0.07.
colvars: Re-initialized atom group for variable "alpha3":0/38. 1 atoms: total mass = 12.011, total charge = 0.07.
colvars: Re-initialized atom group for variable "alpha3":0/39. 2 atoms: total mass = 30.006, total charge = -0.98.
colvars: Re-initialized atom group for variable "alpha3":0/40. 2 atoms: total mass = 30.006, total charge = -0.98.
colvars: Re-initialized atom group for variable "alpha3":0/41. 2 atoms: total mass = 30.006, total charge = -0.98.
colvars: Re-initialized atom group for variable "alpha3":0/42. 2 atoms: total mass = 30.006, total charge = -0.98.
colvars: Re-initialized atom group for variable "alpha3":0/43. 2 atoms: total mass = 30.006, total charge = -0.98.
colvars: Re-initialized atom group for variable "alpha3":0/44. 2 atoms: total mass = 30.006, total charge = -0.98.
colvars: Re-initialized atom group for variable "alpha3":0/45. 2 atoms: total mass = 30.006, total charge = -0.98.
colvars: Re-initialized atom group for variable "alpha3":0/46. 2 atoms: total mass = 30.006, total charge = -0.98.
colvars: Re-initialized atom group for variable "alpha3":0/47. 2 atoms: total mass = 30.006, total charge = -0.98.
colvars: Re-initialized atom group for variable "alpha3":0/48. 2 atoms: total mass = 30.006, total charge = -0.98.
colvars: Re-initialized atom group for variable "alpha3":0/49. 2 atoms: total mass = 30.006, total charge = -0.98.
colvars: The restart output state file will be "output/40.0-42.3/40.0-42.3.restart.colvars.state".
colvars: The final output state file will be "output/40.0-42.3/40.0-42.3.colvars.state".
colvars: Synchronizing (emptying the buffer of) trajectory file "output/40.0-42.3/40.0-42.3.colvars.traj".
ETITLE:      TS           BOND          ANGLE          DIHED          IMPRP               ELECT            VDW       BOUNDARY           MISC        KINETIC               TOTAL           TEMP      POTENTIAL         TOTAL3        TEMPAVG            PRESSURE      GPRESSURE         VOLUME       PRESSAVG      GPRESSAVG

ENERGY:       0       774.4632      2116.3943      2053.6454       116.7581        -214339.0555     18040.6519         0.0000        11.6120     36881.6973        -154343.8333       311.5536   -191225.5306   -154243.3752       311.5536           -102.3136       -68.4021    580642.2032      -102.3136       -68.4021

OPENING EXTENDED SYSTEM TRAJECTORY FILE
LDB: ============= START OF LOAD BALANCING ============== 2.39794
LDB: ============== END OF LOAD BALANCING =============== 2.39798
LDB: =============== DONE WITH MIGRATION ================ 2.39809
LDB: ============= START OF LOAD BALANCING ============== 3.58189
LDB: ============== END OF LOAD BALANCING =============== 3.58196
LDB: =============== DONE WITH MIGRATION ================ 3.58221
Info: Initial time: 1 CPUs 0.0147861 s/step 0.0855676 days/ns 0 MB memory
LDB: ============= START OF LOAD BALANCING ============== 3.87397
LDB: ============== END OF LOAD BALANCING =============== 3.87402
LDB: =============== DONE WITH MIGRATION ================ 3.87414
LDB: ============= START OF LOAD BALANCING ============== 5.04847
LDB: ============== END OF LOAD BALANCING =============== 5.04854
LDB: =============== DONE WITH MIGRATION ================ 5.04888
Info: Initial time: 1 CPUs 0.0147411 s/step 0.0853076 days/ns 0 MB memory
LDB: ============= START OF LOAD BALANCING ============== 6.52834
LDB: ============== END OF LOAD BALANCING =============== 6.52838
LDB: =============== DONE WITH MIGRATION ================ 6.52858
Info: Initial time: 1 CPUs 0.0147163 s/step 0.0851636 days/ns 0 MB memory
LDB: ============= START OF LOAD BALANCING ============== 7.99767
LDB: ============== END OF LOAD BALANCING =============== 7.99772
LDB: =============== DONE WITH MIGRATION ================ 7.99793
Info: Benchmark time: 1 CPUs 0.014689 s/step 0.085006 days/ns 0 MB memory
Info: Benchmark time: 1 CPUs 0.0148243 s/step 0.0857885 days/ns 0 MB memory
Info: Benchmark time: 1 CPUs 0.0146732 s/step 0.0849145 days/ns 0 MB memory
Info: Benchmark time: 1 CPUs 0.0147612 s/step 0.0854239 days/ns 0 MB memory
Info: Benchmark time: 1 CPUs 0.014663 s/step 0.0848555 days/ns 0 MB memory
Info: Benchmark time: 1 CPUs 0.0146931 s/step 0.0850294 days/ns 0 MB memory
LDB: ============= START OF LOAD BALANCING ============== 65.4223
LDB: ============== END OF LOAD BALANCING =============== 65.4224
LDB: =============== DONE WITH MIGRATION ================ 65.4226
LDB: ============= START OF LOAD BALANCING ============== 66.895
LDB: ============== END OF LOAD BALANCING =============== 66.895
LDB: =============== DONE WITH MIGRATION ================ 66.8952
LDB: ============= START OF LOAD BALANCING ============== 124.378
LDB: ============== END OF LOAD BALANCING =============== 124.378
LDB: =============== DONE WITH MIGRATION ================ 124.379
LDB: ============= START OF LOAD BALANCING ============== 125.862
LDB: ============== END OF LOAD BALANCING =============== 125.862
LDB: =============== DONE WITH MIGRATION ================ 125.863
colvars: Synchronizing (emptying the buffer of) trajectory file "output/40.0-42.3/40.0-42.3.colvars.traj".
colvars: Saving collective variables state to "output/40.0-42.3/40.0-42.3.restart.colvars.state".
TIMING: 10000  CPU: 146.886, 0.0146826/step  Wall: 147.408, 0.0147346/step, 0.163717 hours remaining, 0.000000 MB of memory in use.
PERFORMANCE: 10000  averaging 11.7275 ns/day, 0.0147346 sec/step with standard deviation 0
ENERGY:   10000       701.4259      2095.0811      2041.8941       132.1907        -214347.2022     18261.2511         0.0000         0.1089     36596.6278        -154518.6226       309.1455   -191115.2503   -154439.3021       309.3335            100.7142       132.5975    579932.7891        -0.0164        -0.0572

WRITING EXTENDED SYSTEM TO RESTART FILE AT STEP 10000
OPENING COORDINATE DCD FILE
WRITING COORDINATES TO DCD FILE output/40.0-42.3/40.0-42.3.dcd AT STEP 10000
WRITING COORDINATES TO RESTART FILE AT STEP 10000
FINISHED WRITING RESTART COORDINATES
The last position output (seq=10000) takes 0.009 seconds, 0.000 MB of memory in use
WRITING VELOCITIES TO RESTART FILE AT STEP 10000
FINISHED WRITING RESTART VELOCITIES
The last velocity output (seq=10000) takes 0.003 seconds, 0.000 MB of memory in use
LDB: ============= START OF LOAD BALANCING ============== 183.399
LDB: ============== END OF LOAD BALANCING =============== 183.399
LDB: =============== DONE WITH MIGRATION ================ 183.399
LDB: ============= START OF LOAD BALANCING ============== 184.879
LDB: ============== END OF LOAD BALANCING =============== 184.879
LDB: =============== DONE WITH MIGRATION ================ 184.879
LDB: ============= START OF LOAD BALANCING ============== 242.42
LDB: ============== END OF LOAD BALANCING =============== 242.42
LDB: =============== DONE WITH MIGRATION ================ 242.42
LDB: ============= START OF LOAD BALANCING ============== 243.901
LDB: ============== END OF LOAD BALANCING =============== 243.901
LDB: =============== DONE WITH MIGRATION ================ 243.902
colvars: Synchronizing (emptying the buffer of) trajectory file "output/40.0-42.3/40.0-42.3.colvars.traj".
colvars: Saving collective variables state to "output/40.0-42.3/40.0-42.3.restart.colvars.state".
TIMING: 20000  CPU: 293.981, 0.0147095/step  Wall: 295.035, 0.0147627/step, 0.123022 hours remaining, 0.000000 MB of memory in use.
PERFORMANCE: 20000  averaging 11.7163 ns/day, 0.0147486 sec/step with standard deviation 1.98736e-05
ENERGY:   20000       745.5141      2160.7654      2068.0054       105.9427        -213958.1746     17741.9586         0.0000         0.0469     36864.0399        -154271.9016       311.4044   -191135.9415   -154164.1028       309.1887           -224.0911      -197.0050    581435.5864         2.7748         2.7524

WRITING EXTENDED SYSTEM TO RESTART FILE AT STEP 20000
WRITING COORDINATES TO DCD FILE output/40.0-42.3/40.0-42.3.dcd AT STEP 20000
WRITING COORDINATES TO RESTART FILE AT STEP 20000
FINISHED WRITING RESTART COORDINATES
The last position output (seq=20000) takes 0.056 seconds, 0.000 MB of memory in use
WRITING VELOCITIES TO RESTART FILE AT STEP 20000
FINISHED WRITING RESTART VELOCITIES
The last velocity output (seq=20000) takes 0.004 seconds, 0.000 MB of memory in use
LDB: ============= START OF LOAD BALANCING ============== 301.559
LDB: ============== END OF LOAD BALANCING =============== 301.559
LDB: =============== DONE WITH MIGRATION ================ 301.559
LDB: ============= START OF LOAD BALANCING ============== 303.034
LDB: ============== END OF LOAD BALANCING =============== 303.034
LDB: =============== DONE WITH MIGRATION ================ 303.035
LDB: ============= START OF LOAD BALANCING ============== 360.547
LDB: ============== END OF LOAD BALANCING =============== 360.547
LDB: =============== DONE WITH MIGRATION ================ 360.547
LDB: ============= START OF LOAD BALANCING ============== 362.027
LDB: ============== END OF LOAD BALANCING =============== 362.027
LDB: =============== DONE WITH MIGRATION ================ 362.028
LDB: ============= START OF LOAD BALANCING ============== 419.617
LDB: ============== END OF LOAD BALANCING =============== 419.617
LDB: =============== DONE WITH MIGRATION ================ 419.617
LDB: ============= START OF LOAD BALANCING ============== 421.097
LDB: ============== END OF LOAD BALANCING =============== 421.097
LDB: =============== DONE WITH MIGRATION ================ 421.097
colvars: Synchronizing (emptying the buffer of) trajectory file "output/40.0-42.3/40.0-42.3.colvars.traj".
colvars: Saving collective variables state to "output/40.0-42.3/40.0-42.3.restart.colvars.state".
TIMING: 30000  CPU: 441.085, 0.0147104/step  Wall: 442.71, 0.0147676/step, 0.0820421 hours remaining, 0.000000 MB of memory in use.
PERFORMANCE: 30000  averaging 11.7113 ns/day, 0.0147549 sec/step with standard deviation 1.78125e-05
ENERGY:   30000       734.8723      2190.0136      2033.2997       130.9738        -214310.0657     17961.0001         0.0000         0.0531     36811.8631        -154447.9898       310.9637   -191259.8529   -154341.2964       309.1977           -151.8982      -120.0034    580943.4687         2.5962         2.5968

WRITING EXTENDED SYSTEM TO RESTART FILE AT STEP 30000
WRITING COORDINATES TO DCD FILE output/40.0-42.3/40.0-42.3.dcd AT STEP 30000
WRITING COORDINATES TO RESTART FILE AT STEP 30000
FINISHED WRITING RESTART COORDINATES
The last position output (seq=30000) takes 0.108 seconds, 0.000 MB of memory in use
WRITING VELOCITIES TO RESTART FILE AT STEP 30000
FINISHED WRITING RESTART VELOCITIES
The last velocity output (seq=30000) takes 0.009 seconds, 0.000 MB of memory in use
LDB: ============= START OF LOAD BALANCING ============== 478.785
LDB: ============== END OF LOAD BALANCING =============== 478.785
LDB: =============== DONE WITH MIGRATION ================ 478.786
LDB: ============= START OF LOAD BALANCING ============== 480.263
LDB: ============== END OF LOAD BALANCING =============== 480.264
LDB: =============== DONE WITH MIGRATION ================ 480.264
LDB: ============= START OF LOAD BALANCING ============== 537.804
LDB: ============== END OF LOAD BALANCING =============== 537.804
LDB: =============== DONE WITH MIGRATION ================ 537.804
LDB: ============= START OF LOAD BALANCING ============== 539.285
LDB: ============== END OF LOAD BALANCING =============== 539.285
LDB: =============== DONE WITH MIGRATION ================ 539.285
colvars: Synchronizing (emptying the buffer of) trajectory file "output/40.0-42.3/40.0-42.3.colvars.traj".
colvars: Saving collective variables state to "output/40.0-42.3/40.0-42.3.restart.colvars.state".
TIMING: 40000  CPU: 588.134, 0.0147049/step  Wall: 590.397, 0.0147687/step, 0.0410241 hours remaining, 0.000000 MB of memory in use.
PERFORMANCE: 40000  averaging 11.7086 ns/day, 0.0147584 sec/step with standard deviation 1.60833e-05
ENERGY:   40000       708.7165      2086.1945      2039.7843       127.6503        -214108.1629     17863.0713         0.0000         1.8335     36422.1433        -154858.7693       307.6716   -191280.9126   -154766.3877       309.4712           -110.3164       -84.6506    579256.9844         1.5991         1.6472

WRITING EXTENDED SYSTEM TO RESTART FILE AT STEP 40000
WRITING COORDINATES TO DCD FILE output/40.0-42.3/40.0-42.3.dcd AT STEP 40000
WRITING COORDINATES TO RESTART FILE AT STEP 40000
FINISHED WRITING RESTART COORDINATES
The last position output (seq=40000) takes 0.085 seconds, 0.000 MB of memory in use
WRITING VELOCITIES TO RESTART FILE AT STEP 40000
FINISHED WRITING RESTART VELOCITIES
The last velocity output (seq=40000) takes 0.006 seconds, 0.000 MB of memory in use
LDB: ============= START OF LOAD BALANCING ============== 596.959
LDB: ============== END OF LOAD BALANCING =============== 596.959
LDB: =============== DONE WITH MIGRATION ================ 596.959
LDB: ============= START OF LOAD BALANCING ============== 598.436
LDB: ============== END OF LOAD BALANCING =============== 598.436
LDB: =============== DONE WITH MIGRATION ================ 598.436
LDB: ============= START OF LOAD BALANCING ============== 655.972
LDB: ============== END OF LOAD BALANCING =============== 655.972
LDB: =============== DONE WITH MIGRATION ================ 655.973
LDB: ============= START OF LOAD BALANCING ============== 657.453
LDB: ============== END OF LOAD BALANCING =============== 657.453
LDB: =============== DONE WITH MIGRATION ================ 657.453
LDB: ============= START OF LOAD BALANCING ============== 715.003
LDB: ============== END OF LOAD BALANCING =============== 715.003
LDB: =============== DONE WITH MIGRATION ================ 715.003
LDB: ============= START OF LOAD BALANCING ============== 716.48
LDB: ============== END OF LOAD BALANCING =============== 716.48
LDB: =============== DONE WITH MIGRATION ================ 716.48
colvars: Synchronizing (emptying the buffer of) trajectory file "output/40.0-42.3/40.0-42.3.colvars.traj".
colvars: Saving collective variables state to "output/40.0-42.3/40.0-42.3.restart.colvars.state".
colvars: Saving collective variables state to "output/40.0-42.3/40.0-42.3.colvars.state".
TIMING: 50000  CPU: 735.179, 0.0147045/step  Wall: 738.05, 0.0147653/step, 0 hours remaining, 0.000000 MB of memory in use.
PERFORMANCE: 50000  averaging 11.7075 ns/day, 0.0147598 sec/step with standard deviation 1.42696e-05
ENERGY:   50000       746.3195      2122.9730      2066.9312       115.2687        -214167.4893     17942.6797         0.0000         0.8130     36901.6793        -154270.8249       311.7224   -191172.5043   -154181.1552       309.2503            -35.3025        -9.3819    581377.5151        -1.7892        -1.7739

WRITING EXTENDED SYSTEM TO RESTART FILE AT STEP 50000
WRITING COORDINATES TO DCD FILE output/40.0-42.3/40.0-42.3.dcd AT STEP 50000
WRITING COORDINATES TO RESTART FILE AT STEP 50000
FINISHED WRITING RESTART COORDINATES
The last position output (seq=50000) takes 0.082 seconds, 0.000 MB of memory in use
WRITING VELOCITIES TO RESTART FILE AT STEP 50000
FINISHED WRITING RESTART VELOCITIES
The last velocity output (seq=50000) takes 0.005 seconds, 0.000 MB of memory in use
WRITING EXTENDED SYSTEM TO OUTPUT FILE AT STEP 50000
CLOSING EXTENDED SYSTEM TRAJECTORY FILE
WRITING COORDINATES TO OUTPUT FILE AT STEP 50000
CLOSING COORDINATE DCD FILE output/40.0-42.3/40.0-42.3.dcd
The last position output (seq=-2) takes 0.042 seconds, 0.000 MB of memory in use
WRITING VELOCITIES TO OUTPUT FILE AT STEP 50000
====================================================

WallClock: 740.280884  CPUTime: 736.825745  Memory: 0.000000 MB
[Partition 0][Node 0] End of program
