Charm++> No provisioning arguments specified. Running with a single PE.
         Use +auto-provision to fully subscribe resources or +p1 to silence this message.
Charm++: standalone mode (not using charmrun)
Charm++> Running in Multicore mode: 1 threads (PEs)
Charm++> Using recursive bisection (scheme 3) for topology aware partitions
Converse/Charm++ Commit ID: 
CharmLB> Load balancer assumes all CPUs are same.
Charm++> Running on 1 hosts (2 sockets x 1 cores x 1 PUs = 2-way SMP)
Charm++> cpu topology info is gathered in 0.001 seconds.
Info: Built with CUDA version 11080
Did not find +devices i,j,k,... argument, using all
Pe 0 physical rank 0 binding to CUDA device 0 on hpc3-gpu-l54-02: 'NVIDIA A30'  Mem: 24062MB  Rev: 8.0  PCI: 0:ca:0
Info: NAMD 3.0b3 for Linux-x86_64-multicore-CUDA
Info: 
Info: Please visit http://www.ks.uiuc.edu/Research/namd/
Info: for updates, documentation, and support information.
Info: 
Info: Please cite Phillips et al., J. Chem. Phys. 153:044130 (2020) doi:10.1063/5.0014475
Info: in all publications reporting results obtained with NAMD.
Info: 
Info: Based on Charm++/Converse 70000 for multicore-linux-x86_64-gcc
Info: Built Mon May 1 12:29:32 CDT 2023 by dhardy on athine.ks.uiuc.edu
Info: 1 NAMD  3.0b3  Linux-x86_64-multicore-CUDA  1    hpc3-gpu-l54-02  cannistc
Info: Running on 1 processors, 1 nodes, 1 physical nodes.
Info: CPU topology information available.
Info: Charm++/Converse parallel runtime startup completed at 0.271999 s
CkLoopLib is used in SMP with simple dynamic scheduling (converse-level notification)
Info: 0 MB of memory in use based on /proc/self/stat
Info: Configuration file is equil.conf
Info: Working in the current directory /dfs6/pub/cannistc/umb_111423/steer-2d-1111
TCL: Suspending until startup complete.
Info: EXTENDED SYSTEM FILE   output/80.0-44.3/80.0-44.3.restart.xsc
Warning: The Langevin gamma parameters differ over the particles,
Warning: requiring extra work per step to constrain rigid bonds.
Info: Enabling PMEOffload because PMEInterpOrder > 4.
Info: SIMULATION PARAMETERS:
Info: TIMESTEP               2
Info: NUMBER OF STEPS        0
Info: STEPS PER CYCLE        20
Info: PERIODIC CELL BASIS 1  83.4441 0 0
Info: PERIODIC CELL BASIS 2  0 83.4441 0
Info: PERIODIC CELL BASIS 3  0 0 83.4441
Info: PERIODIC CELL CENTER   0 0 0
Info: WRAPPING ALL CLUSTERS AROUND PERIODIC BOUNDARIES ON OUTPUT.
Info: LOAD BALANCER  Centralized
Info: LOAD BALANCING STRATEGY  New Load Balancers -- DEFAULT
Info: LDB PERIOD             4000 steps
Info: FIRST LDB TIMESTEP     100
Info: LAST LDB TIMESTEP     -1
Info: LDB BACKGROUND SCALING 1
Info: HOM BACKGROUND SCALING 1
Info: PME BACKGROUND SCALING 1
Info: MIN ATOMS PER PATCH    40
Info: EMPTY PATCH LOAD       40 ATOMS
Info: VELOCITY FILE          output/80.0-44.3/80.0-44.3.restart.vel
Info: CENTER OF MASS MOVING INITIALLY? NO
Info: DIELECTRIC             1
Info: EXCLUDE                SCALED ONE-FOUR
Info: 1-4 ELECTROSTATICS SCALED BY 1
Info: MODIFIED 1-4 VDW PARAMETERS WILL BE USED
Info: DCD FILENAME           output/75.0-44.3/75.0-44.3.dcd
Info: DCD FREQUENCY          10000
Info: DCD FIRST STEP         10000
Info: DCD FILE WILL CONTAIN UNIT CELL DATA
Info: XST FILENAME           output/75.0-44.3/75.0-44.3.xst
Info: XST FREQUENCY          10000
Info: NO VELOCITY DCD OUTPUT
Info: NO FORCE DCD OUTPUT
Info: OUTPUT FILENAME        output/75.0-44.3/75.0-44.3
Info: BINARY OUTPUT FILES WILL BE USED
Info: RESTART FILENAME       output/75.0-44.3/75.0-44.3.restart
Info: RESTART FREQUENCY      10000
Info: BINARY RESTART FILES WILL BE USED
Info: SWITCHING ACTIVE
Info: SWITCHING ON           10
Info: SWITCHING OFF          12
Info: PAIRLIST DISTANCE      13.5
Info: PAIRLIST SHRINK RATE   0.01
Info: PAIRLIST GROW RATE     0.01
Info: PAIRLIST TRIGGER       0.3
Info: PAIRLISTS PER CYCLE    2
Info: PAIRLISTS ENABLED
Info: MARGIN                 0.48
Info: HYDROGEN GROUP CUTOFF  2.5
Info: PATCH DIMENSION        16.48
Info: ENERGY OUTPUT STEPS    10000
Info: ENERGY EVALUATION STEPS    10000
Info: OUTPUT ENERGY PRECISION 4
Info: OUPUT ENERGY PRECISION 4
Info: CROSSTERM ENERGY INCLUDED IN DIHEDRAL
Info: TIMING OUTPUT STEPS    10000
Info: COLLECTIVE VARIABLES CALCULATION REQUESTED
Info: COLLECTIVE VARIABLES CONFIGURATION   colvarsconfig/CA-mature_75.0_44.3.cvc
Info: LANGEVIN DYNAMICS ACTIVE
Info: LANGEVIN TEMPERATURE   310
Info: LANGEVIN USING BBK INTEGRATOR
Info: LANGEVIN DAMPING COEFFICIENT IS 5 INVERSE PS
Info: LANGEVIN DYNAMICS NOT APPLIED TO HYDROGENS
Info: LANGEVIN PISTON PRESSURE CONTROL ACTIVE
Info:        TARGET PRESSURE IS 1.01325 BAR
Info:     OSCILLATION PERIOD IS 200 FS
Info:             DECAY TIME IS 100 FS
Info:     PISTON TEMPERATURE IS 310 K
Info:       PRESSURE CONTROL IS GROUP-BASED
Info:    INITIAL STRAIN RATE IS 2.21567e-05 2.21567e-05 2.21567e-05
Info:       CELL FLUCTUATION IS ISOTROPIC
Info: PARTICLE MESH EWALD (PME) ACTIVE
Info: PME TOLERANCE               1e-06
Info: PME EWALD COEFFICIENT       0.257952
Info: PME INTERPOLATION ORDER     6
Info: PME GRID DIMENSIONS         84 84 84
Info: PME MAXIMUM GRID SPACING    1
Info: PME RECIPROCAL SUM OFFLOADED TO GPU
Info: Attempting to read FFTW data from FFTW_NAMD_3.0b3_Linux-x86_64-multicore-CUDA.txt
Info: Optimizing 6 FFT steps.  1... 2... 3... 4... 5... 6...   Done.
Info: Writing FFTW data to FFTW_NAMD_3.0b3_Linux-x86_64-multicore-CUDA.txt
Info: FULL ELECTROSTATIC EVALUATION FREQUENCY      2
Info: USING VERLET I (r-RESPA) MTS SCHEME.
Info: C1 SPLITTING OF LONG RANGE ELECTROSTATICS
Info: PLACING ATOMS IN PATCHES BY HYDROGEN GROUPS
Info: RIGID BONDS TO HYDROGEN : ALL
Info:         ERROR TOLERANCE : 1e-08
Info:          MAX ITERATIONS : 100
Info: RIGID WATER USING SETTLE ALGORITHM
Info: RANDOM NUMBER SEED     1731611824
Info: USE HYDROGEN BONDS?    NO
Info: COORDINATE PDB         CA-mature.pdb
Info: STRUCTURE FILE         CA-mature.psf
Info: PARAMETER file: CHARMM format! 
Info: PARAMETERS             ff/par_all36_prot.prm
Info: PARAMETERS             ff/par_all36_lipid.prm
Info: PARAMETERS             ff/par_all36_carb.prm
Info: PARAMETERS             ff/par_all36_cgenff.prm
Info: PARAMETERS             ff/par_all36_na.prm
Info: PARAMETERS             ff/toppar_water_ions_namd.str
Info: PARAMETERS             ff/ip6.prm
Info: USING ARITHMETIC MEAN TO COMBINE L-J SIGMA PARAMETERS
Info: BINARY COORDINATES     output/80.0-44.3/80.0-44.3.restart.coor
Info: SKIPPING rtf SECTION IN STREAM FILE
Info: SUMMARY OF PARAMETERS:
Info: 953 BONDS
Info: 2801 ANGLES
Info: 6885 DIHEDRAL
Info: 196 IMPROPER
Info: 6 CROSSTERM
Info: 355 VDW
Info: 10 VDW_PAIRS
Info: 0 NBTHOLE_PAIRS
Info: TIME FOR READING PSF FILE: 0.63612
Info: Reading pdb file CA-mature.pdb
Info: TIME FOR READING PDB FILE: 0.0593797
Info: 
Info: ****************************
Info: STRUCTURE SUMMARY:
Info: 58658 ATOMS
Info: 40231 BONDS
Info: 24726 ANGLES
Info: 9324 DIHEDRALS
Info: 625 IMPROPERS
Info: 219 CROSSTERMS
Info: 0 EXCLUSIONS
Info: 56831 RIGID BONDS
Info: 119143 DEGREES OF FREEDOM
Info: 20195 HYDROGEN GROUPS
Info: 4 ATOMS IN LARGEST HYDROGEN GROUP
Info: 20195 MIGRATION GROUPS
Info: 4 ATOMS IN LARGEST MIGRATION GROUP
Info: TOTAL MASS = 358421 amu
Info: TOTAL CHARGE = 2.57231e-06 e
Info: MASS DENSITY = 1.02439 g/cm^3
Info: ATOM DENSITY = 0.100958 atoms/A^3
Info: *****************************
Info: Reading from binary file output/80.0-44.3/80.0-44.3.restart.coor
Info: 
Info: Entering startup at 1.14582 s, 0 MB of memory in use
Info: Startup phase 0 took 0.000433502 s, 0 MB of memory in use
Info: ADDED 74102 IMPLICIT EXCLUSIONS
Info: Startup phase 1 took 0.018932 s, 0 MB of memory in use
Info: NONBONDED TABLE R-SQUARED SPACING: 0.0625
Info: NONBONDED TABLE SIZE: 769 POINTS
Info: INCONSISTENCY IN FAST TABLE ENERGY VS FORCE: 0.000325096 AT 11.9556
Info: INCONSISTENCY IN SCOR TABLE ENERGY VS FORCE: 0.000324844 AT 11.9556
Info: INCONSISTENCY IN VDWA TABLE ENERGY VS FORCE: 0.0040507 AT 0.251946
Info: INCONSISTENCY IN VDWB TABLE ENERGY VS FORCE: 0.00150189 AT 0.251946
Info: Startup phase 2 took 0.00276784 s, 0 MB of memory in use
Info: Startup phase 3 took 3.7033e-05 s, 0 MB of memory in use
Info: Startup phase 4 took 0.000166777 s, 0 MB of memory in use
Info: Startup phase 5 took 1.0527e-05 s, 0 MB of memory in use
Info: PATCH GRID IS 5 (PERIODIC) BY 5 (PERIODIC) BY 5 (PERIODIC)
Info: PATCH GRID IS 1-AWAY BY 1-AWAY BY 1-AWAY
Info: Reading from binary file output/80.0-44.3/80.0-44.3.restart.vel
Info: REMOVING COM VELOCITY -0.0129111 0.0270732 0.00963085
Info: LARGEST PATCH (56) HAS 531 ATOMS
Info: TORUS A SIZE 1 USING 0
Info: TORUS B SIZE 1 USING 0
Info: TORUS C SIZE 1 USING 0
Info: TORUS MINIMAL MESH SIZE IS 1 BY 1 BY 1
Info: Placed 100% of base nodes on same physical node as patch
Info: Startup phase 6 took 0.012155 s, 0 MB of memory in use
Info: Use 3D box decompostion in PME FFT.
Info: PME using 1 x 1 x 1 pencil grid for FFT and reciprocal sum.
Info: Startup phase 7 took 9.7891e-05 s, 0 MB of memory in use
Info: Updated CUDA force table with 4096 elements.
Info: Updated CUDA LJ table with 355 x 355 elements.
Info: Startup phase 8 took 0.00270404 s, 0 MB of memory in use
Info: Startup phase 9 took 5.5818e-05 s, 0 MB of memory in use
Info: Startup phase 10 took 1.0173e-05 s, 0 MB of memory in use
Info: Startup phase 11 took 0.000655709 s, 0 MB of memory in use
LDB: Central LB being created...
Info: Startup phase 12 took 0.00217993 s, 0 MB of memory in use
Info: CREATING 2634 COMPUTE OBJECTS
colvars: ----------------------------------------------------------------------
colvars: Initializing the collective variables module, version 2023-01-31.
colvars: Please cite Fiorin et al, Mol Phys 2013:
colvars:   https://doi.org/10.1080/00268976.2013.813594
colvars: as well as all other papers listed below for individual features used.
colvars: SMP parallelism is enabled; if needed, use "smp off" to override this.
colvars: This version was built with the C++11 standard or higher.
colvars: Redefining the Tcl "cv" command to the new script interface.
colvars: Using NAMD interface, version "2023-01-31".
colvars: ----------------------------------------------------------------------
colvars: Reading new configuration from file "colvarsconfig/CA-mature_75.0_44.3.cvc":
colvars: # units = "" [default]
colvars: # smp = on [default]
colvars: # colvarsTrajFrequency = 100 [default]
colvars: # colvarsRestartFrequency = 10000 [default]
colvars: # scriptedColvarForces = off [default]
colvars: # scriptingAfterBiases = off [default]
colvars: # sourceTclFile = "" [default]
colvars: ----------------------------------------------------------------------
colvars:   Initializing a new collective variable.
colvars:   # name = "dist"
colvars:   Initializing a new "distance" component.
colvars:     # name = "" [default]
colvars:     # componentCoeff = 1 [default]
colvars:     # componentExp = 1 [default]
colvars:     # period = 0 [default]
colvars:     # wrapAround = 0 [default]
colvars:     # forceNoPBC = off [default]
colvars:     # scalable = on [default]
colvars:       Initializing atom group "group1".
colvars:       # name = "" [default]
colvars:       # centerToOrigin = off [default]
colvars:       # centerToReference = off [default]
colvars:       # rotateToReference = off [default]
colvars:       # atomsOfGroup = "" [default]
colvars:       # indexGroup = "" [default]
colvars:       # psfSegID =  [default]
colvars:       # atomsFile = "restraints/CA-mature.rstrnt.pdb"
colvars:       # atomsCol = "O"
colvars:       # atomsColValue = 4
colvars:       # dummyAtom = ( 0 , 0 , 0 ) [default]
colvars:       # enableFitGradients = on [default]
colvars:       Enabling scalable calculation for group "group1".
colvars:       # printAtomIDs = off [default]
colvars:       Atom group "group1" defined with 20 atoms requested: total mass = 270.14, total charge = -2.
colvars:       Initializing atom group "group2".
colvars:       # name = "" [default]
colvars:       # centerToOrigin = off [default]
colvars:       # centerToReference = off [default]
colvars:       # rotateToReference = off [default]
colvars:       # atomsOfGroup = "" [default]
colvars:       # indexGroup = "" [default]
colvars:       # psfSegID =  [default]
colvars:       # atomsFile = "restraints/CA-mature.rstrnt.pdb"
colvars:       # atomsCol = "O"
colvars:       # atomsColValue = 7
colvars:       # dummyAtom = ( 0 , 0 , 0 ) [default]
colvars:       # enableFitGradients = on [default]
colvars:       Enabling scalable calculation for group "group2".
colvars:       # printAtomIDs = off [default]
colvars:       Atom group "group2" defined with 32 atoms requested: total mass = 432.224, total charge = -3.2.
colvars:     # oneSiteSystemForce = off [default]
colvars:     # oneSiteTotalForce = off [default]
colvars:   All components initialized.
colvars:   # timeStepFactor = 1 [default]
colvars:   # width = 1 [default]
colvars:   # lowerBoundary = 0 [default]
colvars:   # upperBoundary = 1 [default]
colvars:   # hardLowerBoundary = on [default]
colvars:   # hardUpperBoundary = off [default]
colvars:   # expandBoundaries = off [default]
colvars:   # extendedLagrangian = off [default]
colvars:   # outputValue = on [default]
colvars:   # outputVelocity = off [default]
colvars:   # outputTotalForce = off [default]
colvars:   # outputAppliedForce = off [default]
colvars:   # subtractAppliedForce = off [default]
colvars:   # runAve = off [default]
colvars:   # corrFunc = off [default]
colvars: ----------------------------------------------------------------------
colvars:   Initializing a new collective variable.
colvars:   # name = "theta"
colvars:   Initializing a new "dihedral" component.
colvars:     # name = "" [default]
colvars:     # componentCoeff = 1 [default]
colvars:     # componentExp = 1 [default]
colvars:     # period = 0 [default]
colvars:     # wrapAround = 0 [default]
colvars:     # forceNoPBC = off [default]
colvars:     # scalable = on [default]
colvars:       Initializing atom group "group1".
colvars:       # name = "" [default]
colvars:       # centerToOrigin = off [default]
colvars:       # centerToReference = off [default]
colvars:       # rotateToReference = off [default]
colvars:       # atomsOfGroup = "" [default]
colvars:       # indexGroup = "" [default]
colvars:       # psfSegID =  [default]
colvars:       # atomsFile = "restraints/CA-mature.rstrnt.pdb"
colvars:       # atomsCol = "O"
colvars:       # atomsColValue = 1
colvars:       # dummyAtom = ( 0 , 0 , 0 ) [default]
colvars:       # enableFitGradients = on [default]
colvars:       Enabling scalable calculation for group "group1".
colvars:       # printAtomIDs = off [default]
colvars:       Atom group "group1" defined with 120 atoms requested: total mass = 1620.84, total charge = -11.7.
colvars:       Initializing atom group "group2".
colvars:       # name = "" [default]
colvars:       # centerToOrigin = off [default]
colvars:       # centerToReference = off [default]
colvars:       # rotateToReference = off [default]
colvars:       # atomsOfGroup = "" [default]
colvars:       # indexGroup = "" [default]
colvars:       # psfSegID =  [default]
colvars:       # atomsFile = "restraints/CA-mature.rstrnt.pdb"
colvars:       # atomsCol = "O"
colvars:       # atomsColValue = 4
colvars:       # dummyAtom = ( 0 , 0 , 0 ) [default]
colvars:       # enableFitGradients = on [default]
colvars:       Enabling scalable calculation for group "group2".
colvars:       # printAtomIDs = off [default]
colvars:       Atom group "group2" defined with 20 atoms requested: total mass = 270.14, total charge = -2.
colvars:       Initializing atom group "group3".
colvars:       # name = "" [default]
colvars:       # centerToOrigin = off [default]
colvars:       # centerToReference = off [default]
colvars:       # rotateToReference = off [default]
colvars:       # atomsOfGroup = "" [default]
colvars:       # indexGroup = "" [default]
colvars:       # psfSegID =  [default]
colvars:       # atomsFile = "restraints/CA-mature.rstrnt.pdb"
colvars:       # atomsCol = "O"
colvars:       # atomsColValue = 5
colvars:       # dummyAtom = ( 0 , 0 , 0 ) [default]
colvars:       # enableFitGradients = on [default]
colvars:       Enabling scalable calculation for group "group3".
colvars:       # printAtomIDs = off [default]
colvars:       Atom group "group3" defined with 40 atoms requested: total mass = 540.28, total charge = -4.09.
colvars:       Initializing atom group "group4".
colvars:       # name = "" [default]
colvars:       # centerToOrigin = off [default]
colvars:       # centerToReference = off [default]
colvars:       # rotateToReference = off [default]
colvars:       # atomsOfGroup = "" [default]
colvars:       # indexGroup = "" [default]
colvars:       # psfSegID =  [default]
colvars:       # atomsFile = "restraints/CA-mature.rstrnt.pdb"
colvars:       # atomsCol = "O"
colvars:       # atomsColValue = 6
colvars:       # dummyAtom = ( 0 , 0 , 0 ) [default]
colvars:       # enableFitGradients = on [default]
colvars:       Enabling scalable calculation for group "group4".
colvars:       # printAtomIDs = off [default]
colvars:       Atom group "group4" defined with 40 atoms requested: total mass = 540.28, total charge = -4.
colvars:     # oneSiteSystemForce = off [default]
colvars:     # oneSiteTotalForce = off [default]
colvars:   All components initialized.
colvars:   # timeStepFactor = 1 [default]
colvars:   # width = 1 [default]
colvars:   # lowerBoundary = -180 [default]
colvars:   # upperBoundary = 180 [default]
colvars:   # hardLowerBoundary = on [default]
colvars:   # hardUpperBoundary = on [default]
colvars:   # expandBoundaries = off [default]
colvars:   # extendedLagrangian = off [default]
colvars:   # outputValue = on [default]
colvars:   # outputVelocity = off [default]
colvars:   # outputTotalForce = off [default]
colvars:   # outputAppliedForce = off [default]
colvars:   # subtractAppliedForce = off [default]
colvars:   # runAve = off [default]
colvars:   # corrFunc = off [default]
colvars: ----------------------------------------------------------------------
colvars:   Initializing a new collective variable.
colvars:   # name = "alpha2"
colvars:   Initializing a new "alpha" component.
colvars:     # name = "" [default]
colvars:     # componentCoeff = 1 [default]
colvars:     # componentExp = 1 [default]
colvars:     # period = 0 [default]
colvars:     # wrapAround = 0 [default]
colvars:     # forceNoPBC = off [default]
colvars:     # scalable = on [default]
colvars:     # psfSegID = "0A0"
colvars:     # hBondCoeff = 0.5 [default]
colvars:     # angleRef = 88 [default]
colvars:     # angleTol = 15 [default]
colvars:     # hBondCutoff = 3.3 [default]
colvars:     # hBondExpNumer = 6 [default]
colvars:     # hBondExpDenom = 8 [default]
colvars:   All components initialized.
colvars:   # timeStepFactor = 1 [default]
colvars:   # width = 1 [default]
colvars:   # lowerBoundary = 0 [default]
colvars:   # upperBoundary = 1 [default]
colvars:   # hardLowerBoundary = off [default]
colvars:   # hardUpperBoundary = off [default]
colvars:   # expandBoundaries = off [default]
colvars:   # extendedLagrangian = off [default]
colvars:   # outputValue = on [default]
colvars:   # outputVelocity = off [default]
colvars:   # outputTotalForce = off [default]
colvars:   # outputAppliedForce = off [default]
colvars:   # subtractAppliedForce = off [default]
colvars:   # runAve = off [default]
colvars:   # corrFunc = off [default]
colvars: ----------------------------------------------------------------------
colvars:   Initializing a new collective variable.
colvars:   # name = "alpha3"
colvars:   Initializing a new "alpha" component.
colvars:     # name = "" [default]
colvars:     # componentCoeff = 1 [default]
colvars:     # componentExp = 1 [default]
colvars:     # period = 0 [default]
colvars:     # wrapAround = 0 [default]
colvars:     # forceNoPBC = off [default]
colvars:     # scalable = on [default]
colvars:     # psfSegID = "0A0"
colvars:     # hBondCoeff = 0.5 [default]
colvars:     # angleRef = 88 [default]
colvars:     # angleTol = 15 [default]
colvars:     # hBondCutoff = 3.3 [default]
colvars:     # hBondExpNumer = 6 [default]
colvars:     # hBondExpDenom = 8 [default]
colvars:   All components initialized.
colvars:   # timeStepFactor = 1 [default]
colvars:   # width = 1 [default]
colvars:   # lowerBoundary = 0 [default]
colvars:   # upperBoundary = 1 [default]
colvars:   # hardLowerBoundary = off [default]
colvars:   # hardUpperBoundary = off [default]
colvars:   # expandBoundaries = off [default]
colvars:   # extendedLagrangian = off [default]
colvars:   # outputValue = on [default]
colvars:   # outputVelocity = off [default]
colvars:   # outputTotalForce = off [default]
colvars:   # outputAppliedForce = off [default]
colvars:   # subtractAppliedForce = off [default]
colvars:   # runAve = off [default]
colvars:   # corrFunc = off [default]
colvars: ----------------------------------------------------------------------
colvars: Collective variables initialized, 4 in total.
colvars: ----------------------------------------------------------------------
colvars:   Initializing a new "harmonic" instance.
colvars:   # name = "theta-trans"
colvars:   # colvars = { theta }
colvars:   # stepZeroData = off [default]
colvars:   # outputEnergy = off [default]
colvars:   # outputFreq = 10000 [default]
colvars:   # timeStepFactor = 1 [default]
colvars:   # writeTISamples = off [default]
colvars:   # writeTIPMF = off [default]
colvars:   # centers = { 75 }
colvars:   # targetCenters = { 75 } [default]
colvars:   # outputCenters = off [default]
colvars:   # forceConstant = 1
colvars:   # decoupling = off [default]
colvars:   # targetForceConstant = -1 [default]
colvars:   The force constant for colvar "theta" will be rescaled to 1 according to the specified width (1).
colvars: ----------------------------------------------------------------------
colvars:   Initializing a new "harmonic" instance.
colvars:   # name = "dist-trans"
colvars:   # colvars = { dist }
colvars:   # stepZeroData = off [default]
colvars:   # outputEnergy = off [default]
colvars:   # outputFreq = 10000 [default]
colvars:   # timeStepFactor = 1 [default]
colvars:   # writeTISamples = off [default]
colvars:   # writeTIPMF = off [default]
colvars:   # centers = { 44.3 }
colvars:   # targetCenters = { 44.3 } [default]
colvars:   # outputCenters = off [default]
colvars:   # forceConstant = 3
colvars:   # decoupling = off [default]
colvars:   # targetForceConstant = -1 [default]
colvars:   The force constant for colvar "dist" will be rescaled to 3 according to the specified width (1).
colvars: ----------------------------------------------------------------------
colvars:   Initializing a new "harmonic" instance.
colvars:   # name = "alpha-rstrnt"
colvars:   # colvars = { alpha2, alpha3 }
colvars:   # stepZeroData = off [default]
colvars:   # outputEnergy = off [default]
colvars:   # outputFreq = 10000 [default]
colvars:   # timeStepFactor = 1 [default]
colvars:   # writeTISamples = off [default]
colvars:   # writeTIPMF = off [default]
colvars:   # centers = { 0.9, 0.9 }
colvars:   # targetCenters = { 0.9, 0.9 } [default]
colvars:   # outputCenters = off [default]
colvars:   # forceConstant = 10
colvars:   # decoupling = off [default]
colvars:   # targetForceConstant = -1 [default]
colvars:   The force constant for colvar "alpha2" will be rescaled to 10 according to the specified width (1).
colvars:   The force constant for colvar "alpha3" will be rescaled to 10 according to the specified width (1).
colvars: ----------------------------------------------------------------------
colvars: Collective variables biases initialized, 3 in total.
colvars: ----------------------------------------------------------------------
colvars: Collective variables module (re)initialized.
colvars: ----------------------------------------------------------------------
colvars: Updating NAMD interface:
colvars: Warning: enabling wrapAll can lead to inconsistent results for Colvars calculations: please disable wrapAll, as is the default option in NAMD.
colvars: updating atomic data (53 atoms).
colvars: updating group data (5 scalable groups, 252 atoms in total).
colvars: updating grid object data (0 grid objects in total).
colvars: 
colvars: SUMMARY OF COLVARS FEATURES USED SO FAR AND THEIR CITATIONS:
colvars: 
colvars: - Colvars module:
colvars: - Colvars-NAMD interface:
colvars: - Harmonic colvar bias implementation:
colvars: - Optimal rotation via flexible fitting:
colvars: - alpha colvar component:
colvars: - angle colvar component:
colvars: - dihedral colvar component:
colvars: - distance colvar component:
colvars: - hBond colvar component:
colvars:   Fiorin2013 https://doi.org/10.1080/00268976.2013.813594
colvars: 
colvars: - NAMD engine:
colvars: - Scalable center-of-mass computation (NAMD):
colvars:   Phillips2020 https://doi.org/10.1063/5.0014475
colvars: 
colvars: updating target temperature (T = 310 K).
colvars: Re-initialized atom group for variable "dist":0/0. 20 atoms: total mass = 270.14, total charge = -2.
colvars: Re-initialized atom group for variable "dist":0/1. 32 atoms: total mass = 432.224, total charge = -3.2.
colvars: Re-initialized atom group for variable "theta":0/0. 120 atoms: total mass = 1620.84, total charge = -11.7.
colvars: Re-initialized atom group for variable "theta":0/1. 20 atoms: total mass = 270.14, total charge = -2.
colvars: Re-initialized atom group for variable "theta":0/2. 40 atoms: total mass = 540.28, total charge = -4.09.
colvars: Re-initialized atom group for variable "theta":0/3. 40 atoms: total mass = 540.28, total charge = -4.
colvars: Re-initialized atom group for variable "alpha2":0/0. 1 atoms: total mass = 12.011, total charge = 0.07.
colvars: Re-initialized atom group for variable "alpha2":0/1. 1 atoms: total mass = 12.011, total charge = 0.07.
colvars: Re-initialized atom group for variable "alpha2":0/2. 1 atoms: total mass = 12.011, total charge = 0.07.
colvars: Re-initialized atom group for variable "alpha2":0/3. 1 atoms: total mass = 12.011, total charge = 0.07.
colvars: Re-initialized atom group for variable "alpha2":0/4. 1 atoms: total mass = 12.011, total charge = 0.07.
colvars: Re-initialized atom group for variable "alpha2":0/5. 1 atoms: total mass = 12.011, total charge = 0.07.
colvars: Re-initialized atom group for variable "alpha2":0/6. 1 atoms: total mass = 12.011, total charge = 0.07.
colvars: Re-initialized atom group for variable "alpha2":0/7. 1 atoms: total mass = 12.011, total charge = 0.07.
colvars: Re-initialized atom group for variable "alpha2":0/8. 1 atoms: total mass = 12.011, total charge = 0.07.
colvars: Re-initialized atom group for variable "alpha2":0/9. 1 atoms: total mass = 12.011, total charge = 0.07.
colvars: Re-initialized atom group for variable "alpha2":0/10. 1 atoms: total mass = 12.011, total charge = 0.07.
colvars: Re-initialized atom group for variable "alpha2":0/11. 1 atoms: total mass = 12.011, total charge = -0.02.
colvars: Re-initialized atom group for variable "alpha2":0/12. 1 atoms: total mass = 12.011, total charge = 0.07.
colvars: Re-initialized atom group for variable "alpha2":0/13. 1 atoms: total mass = 12.011, total charge = -0.02.
colvars: Re-initialized atom group for variable "alpha2":0/14. 1 atoms: total mass = 12.011, total charge = 0.07.
colvars: Re-initialized atom group for variable "alpha2":0/15. 1 atoms: total mass = 12.011, total charge = -0.02.
colvars: Re-initialized atom group for variable "alpha2":0/16. 1 atoms: total mass = 12.011, total charge = 0.07.
colvars: Re-initialized atom group for variable "alpha2":0/17. 1 atoms: total mass = 12.011, total charge = 0.07.
colvars: Re-initialized atom group for variable "alpha2":0/18. 2 atoms: total mass = 30.006, total charge = -0.98.
colvars: Re-initialized atom group for variable "alpha2":0/19. 2 atoms: total mass = 30.006, total charge = -0.98.
colvars: Re-initialized atom group for variable "alpha2":0/20. 2 atoms: total mass = 30.006, total charge = -0.98.
colvars: Re-initialized atom group for variable "alpha2":0/21. 2 atoms: total mass = 30.006, total charge = -0.98.
colvars: Re-initialized atom group for variable "alpha3":0/0. 1 atoms: total mass = 12.011, total charge = 0.07.
colvars: Re-initialized atom group for variable "alpha3":0/1. 1 atoms: total mass = 12.011, total charge = 0.07.
colvars: Re-initialized atom group for variable "alpha3":0/2. 1 atoms: total mass = 12.011, total charge = 0.07.
colvars: Re-initialized atom group for variable "alpha3":0/3. 1 atoms: total mass = 12.011, total charge = 0.07.
colvars: Re-initialized atom group for variable "alpha3":0/4. 1 atoms: total mass = 12.011, total charge = 0.07.
colvars: Re-initialized atom group for variable "alpha3":0/5. 1 atoms: total mass = 12.011, total charge = 0.07.
colvars: Re-initialized atom group for variable "alpha3":0/6. 1 atoms: total mass = 12.011, total charge = 0.07.
colvars: Re-initialized atom group for variable "alpha3":0/7. 1 atoms: total mass = 12.011, total charge = 0.07.
colvars: Re-initialized atom group for variable "alpha3":0/8. 1 atoms: total mass = 12.011, total charge = 0.07.
colvars: Re-initialized atom group for variable "alpha3":0/9. 1 atoms: total mass = 12.011, total charge = 0.07.
colvars: Re-initialized atom group for variable "alpha3":0/10. 1 atoms: total mass = 12.011, total charge = 0.07.
colvars: Re-initialized atom group for variable "alpha3":0/11. 1 atoms: total mass = 12.011, total charge = 0.07.
colvars: Re-initialized atom group for variable "alpha3":0/12. 1 atoms: total mass = 12.011, total charge = 0.07.
colvars: Re-initialized atom group for variable "alpha3":0/13. 1 atoms: total mass = 12.011, total charge = 0.07.
colvars: Re-initialized atom group for variable "alpha3":0/14. 1 atoms: total mass = 12.011, total charge = -0.02.
colvars: Re-initialized atom group for variable "alpha3":0/15. 1 atoms: total mass = 12.011, total charge = 0.07.
colvars: Re-initialized atom group for variable "alpha3":0/16. 1 atoms: total mass = 12.011, total charge = -0.02.
colvars: Re-initialized atom group for variable "alpha3":0/17. 1 atoms: total mass = 12.011, total charge = 0.07.
colvars: Re-initialized atom group for variable "alpha3":0/18. 1 atoms: total mass = 12.011, total charge = -0.02.
colvars: Re-initialized atom group for variable "alpha3":0/19. 1 atoms: total mass = 12.011, total charge = 0.07.
colvars: Re-initialized atom group for variable "alpha3":0/20. 1 atoms: total mass = 12.011, total charge = 0.07.
colvars: Re-initialized atom group for variable "alpha3":0/21. 1 atoms: total mass = 12.011, total charge = 0.07.
colvars: Re-initialized atom group for variable "alpha3":0/22. 1 atoms: total mass = 12.011, total charge = 0.07.
colvars: Re-initialized atom group for variable "alpha3":0/23. 1 atoms: total mass = 12.011, total charge = 0.07.
colvars: Re-initialized atom group for variable "alpha3":0/24. 1 atoms: total mass = 12.011, total charge = 0.07.
colvars: Re-initialized atom group for variable "alpha3":0/25. 1 atoms: total mass = 12.011, total charge = 0.07.
colvars: Re-initialized atom group for variable "alpha3":0/26. 1 atoms: total mass = 12.011, total charge = 0.07.
colvars: Re-initialized atom group for variable "alpha3":0/27. 1 atoms: total mass = 12.011, total charge = 0.07.
colvars: Re-initialized atom group for variable "alpha3":0/28. 1 atoms: total mass = 12.011, total charge = 0.07.
colvars: Re-initialized atom group for variable "alpha3":0/29. 1 atoms: total mass = 12.011, total charge = 0.07.
colvars: Re-initialized atom group for variable "alpha3":0/30. 1 atoms: total mass = 12.011, total charge = 0.07.
colvars: Re-initialized atom group for variable "alpha3":0/31. 1 atoms: total mass = 12.011, total charge = 0.07.
colvars: Re-initialized atom group for variable "alpha3":0/32. 1 atoms: total mass = 12.011, total charge = 0.07.
colvars: Re-initialized atom group for variable "alpha3":0/33. 1 atoms: total mass = 12.011, total charge = 0.07.
colvars: Re-initialized atom group for variable "alpha3":0/34. 1 atoms: total mass = 12.011, total charge = 0.07.
colvars: Re-initialized atom group for variable "alpha3":0/35. 1 atoms: total mass = 12.011, total charge = 0.07.
colvars: Re-initialized atom group for variable "alpha3":0/36. 1 atoms: total mass = 12.011, total charge = 0.07.
colvars: Re-initialized atom group for variable "alpha3":0/37. 1 atoms: total mass = 12.011, total charge = 0.07.
colvars: Re-initialized atom group for variable "alpha3":0/38. 1 atoms: total mass = 12.011, total charge = 0.07.
colvars: Re-initialized atom group for variable "alpha3":0/39. 2 atoms: total mass = 30.006, total charge = -0.98.
colvars: Re-initialized atom group for variable "alpha3":0/40. 2 atoms: total mass = 30.006, total charge = -0.98.
colvars: Re-initialized atom group for variable "alpha3":0/41. 2 atoms: total mass = 30.006, total charge = -0.98.
colvars: Re-initialized atom group for variable "alpha3":0/42. 2 atoms: total mass = 30.006, total charge = -0.98.
colvars: Re-initialized atom group for variable "alpha3":0/43. 2 atoms: total mass = 30.006, total charge = -0.98.
colvars: Re-initialized atom group for variable "alpha3":0/44. 2 atoms: total mass = 30.006, total charge = -0.98.
colvars: Re-initialized atom group for variable "alpha3":0/45. 2 atoms: total mass = 30.006, total charge = -0.98.
colvars: Re-initialized atom group for variable "alpha3":0/46. 2 atoms: total mass = 30.006, total charge = -0.98.
colvars: Re-initialized atom group for variable "alpha3":0/47. 2 atoms: total mass = 30.006, total charge = -0.98.
colvars: Re-initialized atom group for variable "alpha3":0/48. 2 atoms: total mass = 30.006, total charge = -0.98.
colvars: Re-initialized atom group for variable "alpha3":0/49. 2 atoms: total mass = 30.006, total charge = -0.98.
colvars: The restart output state file will be "output/75.0-44.3/75.0-44.3.restart.colvars.state".
colvars: The final output state file will be "output/75.0-44.3/75.0-44.3.colvars.state".
Info: Found 303 unique exclusion lists needing 1220 bytes
Info: Startup phase 13 took 0.400364 s, 0 MB of memory in use
Info: Startup phase 14 took 7.204e-05 s, 0 MB of memory in use
Info: Startup phase 15 took 0.00025996 s, 0 MB of memory in use
Info: Finished startup at 1.58672 s, 0 MB of memory in use

TCL: Running for 50000 steps
colvars: Updating NAMD interface:
colvars: Warning: enabling wrapAll can lead to inconsistent results for Colvars calculations: please disable wrapAll, as is the default option in NAMD.
colvars: updating atomic data (53 atoms).
colvars: updating group data (5 scalable groups, 252 atoms in total).
colvars: updating grid object data (0 grid objects in total).
colvars: updating target temperature (T = 310 K).
colvars: Re-initialized atom group for variable "dist":0/0. 20 atoms: total mass = 270.14, total charge = -2.
colvars: Re-initialized atom group for variable "dist":0/1. 32 atoms: total mass = 432.224, total charge = -3.2.
colvars: Re-initialized atom group for variable "theta":0/0. 120 atoms: total mass = 1620.84, total charge = -11.7.
colvars: Re-initialized atom group for variable "theta":0/1. 20 atoms: total mass = 270.14, total charge = -2.
colvars: Re-initialized atom group for variable "theta":0/2. 40 atoms: total mass = 540.28, total charge = -4.09.
colvars: Re-initialized atom group for variable "theta":0/3. 40 atoms: total mass = 540.28, total charge = -4.
colvars: Re-initialized atom group for variable "alpha2":0/0. 1 atoms: total mass = 12.011, total charge = 0.07.
colvars: Re-initialized atom group for variable "alpha2":0/1. 1 atoms: total mass = 12.011, total charge = 0.07.
colvars: Re-initialized atom group for variable "alpha2":0/2. 1 atoms: total mass = 12.011, total charge = 0.07.
colvars: Re-initialized atom group for variable "alpha2":0/3. 1 atoms: total mass = 12.011, total charge = 0.07.
colvars: Re-initialized atom group for variable "alpha2":0/4. 1 atoms: total mass = 12.011, total charge = 0.07.
colvars: Re-initialized atom group for variable "alpha2":0/5. 1 atoms: total mass = 12.011, total charge = 0.07.
colvars: Re-initialized atom group for variable "alpha2":0/6. 1 atoms: total mass = 12.011, total charge = 0.07.
colvars: Re-initialized atom group for variable "alpha2":0/7. 1 atoms: total mass = 12.011, total charge = 0.07.
colvars: Re-initialized atom group for variable "alpha2":0/8. 1 atoms: total mass = 12.011, total charge = 0.07.
colvars: Re-initialized atom group for variable "alpha2":0/9. 1 atoms: total mass = 12.011, total charge = 0.07.
colvars: Re-initialized atom group for variable "alpha2":0/10. 1 atoms: total mass = 12.011, total charge = 0.07.
colvars: Re-initialized atom group for variable "alpha2":0/11. 1 atoms: total mass = 12.011, total charge = -0.02.
colvars: Re-initialized atom group for variable "alpha2":0/12. 1 atoms: total mass = 12.011, total charge = 0.07.
colvars: Re-initialized atom group for variable "alpha2":0/13. 1 atoms: total mass = 12.011, total charge = -0.02.
colvars: Re-initialized atom group for variable "alpha2":0/14. 1 atoms: total mass = 12.011, total charge = 0.07.
colvars: Re-initialized atom group for variable "alpha2":0/15. 1 atoms: total mass = 12.011, total charge = -0.02.
colvars: Re-initialized atom group for variable "alpha2":0/16. 1 atoms: total mass = 12.011, total charge = 0.07.
colvars: Re-initialized atom group for variable "alpha2":0/17. 1 atoms: total mass = 12.011, total charge = 0.07.
colvars: Re-initialized atom group for variable "alpha2":0/18. 2 atoms: total mass = 30.006, total charge = -0.98.
colvars: Re-initialized atom group for variable "alpha2":0/19. 2 atoms: total mass = 30.006, total charge = -0.98.
colvars: Re-initialized atom group for variable "alpha2":0/20. 2 atoms: total mass = 30.006, total charge = -0.98.
colvars: Re-initialized atom group for variable "alpha2":0/21. 2 atoms: total mass = 30.006, total charge = -0.98.
colvars: Re-initialized atom group for variable "alpha3":0/0. 1 atoms: total mass = 12.011, total charge = 0.07.
colvars: Re-initialized atom group for variable "alpha3":0/1. 1 atoms: total mass = 12.011, total charge = 0.07.
colvars: Re-initialized atom group for variable "alpha3":0/2. 1 atoms: total mass = 12.011, total charge = 0.07.
colvars: Re-initialized atom group for variable "alpha3":0/3. 1 atoms: total mass = 12.011, total charge = 0.07.
colvars: Re-initialized atom group for variable "alpha3":0/4. 1 atoms: total mass = 12.011, total charge = 0.07.
colvars: Re-initialized atom group for variable "alpha3":0/5. 1 atoms: total mass = 12.011, total charge = 0.07.
colvars: Re-initialized atom group for variable "alpha3":0/6. 1 atoms: total mass = 12.011, total charge = 0.07.
colvars: Re-initialized atom group for variable "alpha3":0/7. 1 atoms: total mass = 12.011, total charge = 0.07.
colvars: Re-initialized atom group for variable "alpha3":0/8. 1 atoms: total mass = 12.011, total charge = 0.07.
colvars: Re-initialized atom group for variable "alpha3":0/9. 1 atoms: total mass = 12.011, total charge = 0.07.
colvars: Re-initialized atom group for variable "alpha3":0/10. 1 atoms: total mass = 12.011, total charge = 0.07.
colvars: Re-initialized atom group for variable "alpha3":0/11. 1 atoms: total mass = 12.011, total charge = 0.07.
colvars: Re-initialized atom group for variable "alpha3":0/12. 1 atoms: total mass = 12.011, total charge = 0.07.
colvars: Re-initialized atom group for variable "alpha3":0/13. 1 atoms: total mass = 12.011, total charge = 0.07.
colvars: Re-initialized atom group for variable "alpha3":0/14. 1 atoms: total mass = 12.011, total charge = -0.02.
colvars: Re-initialized atom group for variable "alpha3":0/15. 1 atoms: total mass = 12.011, total charge = 0.07.
colvars: Re-initialized atom group for variable "alpha3":0/16. 1 atoms: total mass = 12.011, total charge = -0.02.
colvars: Re-initialized atom group for variable "alpha3":0/17. 1 atoms: total mass = 12.011, total charge = 0.07.
colvars: Re-initialized atom group for variable "alpha3":0/18. 1 atoms: total mass = 12.011, total charge = -0.02.
colvars: Re-initialized atom group for variable "alpha3":0/19. 1 atoms: total mass = 12.011, total charge = 0.07.
colvars: Re-initialized atom group for variable "alpha3":0/20. 1 atoms: total mass = 12.011, total charge = 0.07.
colvars: Re-initialized atom group for variable "alpha3":0/21. 1 atoms: total mass = 12.011, total charge = 0.07.
colvars: Re-initialized atom group for variable "alpha3":0/22. 1 atoms: total mass = 12.011, total charge = 0.07.
colvars: Re-initialized atom group for variable "alpha3":0/23. 1 atoms: total mass = 12.011, total charge = 0.07.
colvars: Re-initialized atom group for variable "alpha3":0/24. 1 atoms: total mass = 12.011, total charge = 0.07.
colvars: Re-initialized atom group for variable "alpha3":0/25. 1 atoms: total mass = 12.011, total charge = 0.07.
colvars: Re-initialized atom group for variable "alpha3":0/26. 1 atoms: total mass = 12.011, total charge = 0.07.
colvars: Re-initialized atom group for variable "alpha3":0/27. 1 atoms: total mass = 12.011, total charge = 0.07.
colvars: Re-initialized atom group for variable "alpha3":0/28. 1 atoms: total mass = 12.011, total charge = 0.07.
colvars: Re-initialized atom group for variable "alpha3":0/29. 1 atoms: total mass = 12.011, total charge = 0.07.
colvars: Re-initialized atom group for variable "alpha3":0/30. 1 atoms: total mass = 12.011, total charge = 0.07.
colvars: Re-initialized atom group for variable "alpha3":0/31. 1 atoms: total mass = 12.011, total charge = 0.07.
colvars: Re-initialized atom group for variable "alpha3":0/32. 1 atoms: total mass = 12.011, total charge = 0.07.
colvars: Re-initialized atom group for variable "alpha3":0/33. 1 atoms: total mass = 12.011, total charge = 0.07.
colvars: Re-initialized atom group for variable "alpha3":0/34. 1 atoms: total mass = 12.011, total charge = 0.07.
colvars: Re-initialized atom group for variable "alpha3":0/35. 1 atoms: total mass = 12.011, total charge = 0.07.
colvars: Re-initialized atom group for variable "alpha3":0/36. 1 atoms: total mass = 12.011, total charge = 0.07.
colvars: Re-initialized atom group for variable "alpha3":0/37. 1 atoms: total mass = 12.011, total charge = 0.07.
colvars: Re-initialized atom group for variable "alpha3":0/38. 1 atoms: total mass = 12.011, total charge = 0.07.
colvars: Re-initialized atom group for variable "alpha3":0/39. 2 atoms: total mass = 30.006, total charge = -0.98.
colvars: Re-initialized atom group for variable "alpha3":0/40. 2 atoms: total mass = 30.006, total charge = -0.98.
colvars: Re-initialized atom group for variable "alpha3":0/41. 2 atoms: total mass = 30.006, total charge = -0.98.
colvars: Re-initialized atom group for variable "alpha3":0/42. 2 atoms: total mass = 30.006, total charge = -0.98.
colvars: Re-initialized atom group for variable "alpha3":0/43. 2 atoms: total mass = 30.006, total charge = -0.98.
colvars: Re-initialized atom group for variable "alpha3":0/44. 2 atoms: total mass = 30.006, total charge = -0.98.
colvars: Re-initialized atom group for variable "alpha3":0/45. 2 atoms: total mass = 30.006, total charge = -0.98.
colvars: Re-initialized atom group for variable "alpha3":0/46. 2 atoms: total mass = 30.006, total charge = -0.98.
colvars: Re-initialized atom group for variable "alpha3":0/47. 2 atoms: total mass = 30.006, total charge = -0.98.
colvars: Re-initialized atom group for variable "alpha3":0/48. 2 atoms: total mass = 30.006, total charge = -0.98.
colvars: Re-initialized atom group for variable "alpha3":0/49. 2 atoms: total mass = 30.006, total charge = -0.98.
colvars: The restart output state file will be "output/75.0-44.3/75.0-44.3.restart.colvars.state".
colvars: The final output state file will be "output/75.0-44.3/75.0-44.3.colvars.state".
colvars: Synchronizing (emptying the buffer of) trajectory file "output/75.0-44.3/75.0-44.3.colvars.traj".
ETITLE:      TS           BOND          ANGLE          DIHED          IMPRP               ELECT            VDW       BOUNDARY           MISC        KINETIC               TOTAL           TEMP      POTENTIAL         TOTAL3        TEMPAVG            PRESSURE      GPRESSURE         VOLUME       PRESSAVG      GPRESSAVG

ENERGY:       0       753.2412      2101.5881      2061.3655       120.1565        -213586.4839     17659.6523         0.0000        15.2382     36700.8476        -154174.3945       310.0259   -190875.2421   -154073.4188       310.0259           -172.5377      -139.1881    581014.6991      -172.5377      -139.1881

OPENING EXTENDED SYSTEM TRAJECTORY FILE
LDB: ============= START OF LOAD BALANCING ============== 1.91529
LDB: ============== END OF LOAD BALANCING =============== 1.91532
LDB: =============== DONE WITH MIGRATION ================ 1.91544
LDB: ============= START OF LOAD BALANCING ============== 3.1238
LDB: ============== END OF LOAD BALANCING =============== 3.12385
LDB: =============== DONE WITH MIGRATION ================ 3.12411
Info: Initial time: 1 CPUs 0.0151353 s/step 0.0875885 days/ns 0 MB memory
LDB: ============= START OF LOAD BALANCING ============== 3.42586
LDB: ============== END OF LOAD BALANCING =============== 3.42589
LDB: =============== DONE WITH MIGRATION ================ 3.42601
LDB: ============= START OF LOAD BALANCING ============== 4.62922
LDB: ============== END OF LOAD BALANCING =============== 4.62926
LDB: =============== DONE WITH MIGRATION ================ 4.62948
Info: Initial time: 1 CPUs 0.0150261 s/step 0.0869568 days/ns 0 MB memory
LDB: ============= START OF LOAD BALANCING ============== 6.13328
LDB: ============== END OF LOAD BALANCING =============== 6.13332
LDB: =============== DONE WITH MIGRATION ================ 6.13354
Info: Initial time: 1 CPUs 0.0150383 s/step 0.0870269 days/ns 0 MB memory
LDB: ============= START OF LOAD BALANCING ============== 7.64954
LDB: ============== END OF LOAD BALANCING =============== 7.64959
LDB: =============== DONE WITH MIGRATION ================ 7.64985
Info: Benchmark time: 1 CPUs 0.0151584 s/step 0.087722 days/ns 0 MB memory
Info: Benchmark time: 1 CPUs 0.0150095 s/step 0.0868603 days/ns 0 MB memory
Info: Benchmark time: 1 CPUs 0.0151062 s/step 0.0874201 days/ns 0 MB memory
Info: Benchmark time: 1 CPUs 0.0150273 s/step 0.0869633 days/ns 0 MB memory
Info: Benchmark time: 1 CPUs 0.0150168 s/step 0.0869025 days/ns 0 MB memory
Info: Benchmark time: 1 CPUs 0.0151344 s/step 0.0875832 days/ns 0 MB memory
LDB: ============= START OF LOAD BALANCING ============== 66.2377
LDB: ============== END OF LOAD BALANCING =============== 66.2378
LDB: =============== DONE WITH MIGRATION ================ 66.238
LDB: ============= START OF LOAD BALANCING ============== 67.7472
LDB: ============== END OF LOAD BALANCING =============== 67.7473
LDB: =============== DONE WITH MIGRATION ================ 67.7475
LDB: ============= START OF LOAD BALANCING ============== 126.527
LDB: ============== END OF LOAD BALANCING =============== 126.527
LDB: =============== DONE WITH MIGRATION ================ 126.528
LDB: ============= START OF LOAD BALANCING ============== 128.034
LDB: ============== END OF LOAD BALANCING =============== 128.034
LDB: =============== DONE WITH MIGRATION ================ 128.035
colvars: Synchronizing (emptying the buffer of) trajectory file "output/75.0-44.3/75.0-44.3.colvars.traj".
colvars: Saving collective variables state to "output/75.0-44.3/75.0-44.3.restart.colvars.state".
TIMING: 10000  CPU: 150.069, 0.0150004/step  Wall: 150.626, 0.0150559/step, 0.167288 hours remaining, 0.000000 MB of memory in use.
PERFORMANCE: 10000  averaging 11.4772 ns/day, 0.0150559 sec/step with standard deviation 0
ENERGY:   10000       664.9611      2147.6871      2063.3266       115.5867        -214322.4074     18187.1453         0.0000         0.2403     36690.4887        -154452.9716       309.9384   -191143.4603   -154352.2956       309.1162            173.8821       208.5833    579729.3515         1.2699         1.3030

WRITING EXTENDED SYSTEM TO RESTART FILE AT STEP 10000
OPENING COORDINATE DCD FILE
WRITING COORDINATES TO DCD FILE output/75.0-44.3/75.0-44.3.dcd AT STEP 10000
WRITING COORDINATES TO RESTART FILE AT STEP 10000
FINISHED WRITING RESTART COORDINATES
The last position output (seq=10000) takes 0.025 seconds, 0.000 MB of memory in use
WRITING VELOCITIES TO RESTART FILE AT STEP 10000
FINISHED WRITING RESTART VELOCITIES
The last velocity output (seq=10000) takes 0.006 seconds, 0.000 MB of memory in use
LDB: ============= START OF LOAD BALANCING ============== 186.908
LDB: ============== END OF LOAD BALANCING =============== 186.909
LDB: =============== DONE WITH MIGRATION ================ 186.909
LDB: ============= START OF LOAD BALANCING ============== 188.424
LDB: ============== END OF LOAD BALANCING =============== 188.424
LDB: =============== DONE WITH MIGRATION ================ 188.424
LDB: ============= START OF LOAD BALANCING ============== 247.26
LDB: ============== END OF LOAD BALANCING =============== 247.26
LDB: =============== DONE WITH MIGRATION ================ 247.261
LDB: ============= START OF LOAD BALANCING ============== 248.777
LDB: ============== END OF LOAD BALANCING =============== 248.777
LDB: =============== DONE WITH MIGRATION ================ 248.777
colvars: Synchronizing (emptying the buffer of) trajectory file "output/75.0-44.3/75.0-44.3.colvars.traj".
colvars: Saving collective variables state to "output/75.0-44.3/75.0-44.3.restart.colvars.state".
TIMING: 20000  CPU: 300.552, 0.0150483/step  Wall: 301.663, 0.0151037/step, 0.125864 hours remaining, 0.000000 MB of memory in use.
PERFORMANCE: 20000  averaging 11.459 ns/day, 0.0150798 sec/step with standard deviation 3.38234e-05
ENERGY:   20000       751.9628      2094.6143      2067.0303       116.5372        -214567.6980     18241.8469         0.0000         0.1736     36520.7149        -154774.8181       308.5042   -191295.5330   -154678.0595       309.3671             38.5356        67.1839    579826.3195         1.3241         1.3374

WRITING EXTENDED SYSTEM TO RESTART FILE AT STEP 20000
WRITING COORDINATES TO DCD FILE output/75.0-44.3/75.0-44.3.dcd AT STEP 20000
WRITING COORDINATES TO RESTART FILE AT STEP 20000
FINISHED WRITING RESTART COORDINATES
The last position output (seq=20000) takes 0.009 seconds, 0.000 MB of memory in use
WRITING VELOCITIES TO RESTART FILE AT STEP 20000
FINISHED WRITING RESTART VELOCITIES
The last velocity output (seq=20000) takes 0.015 seconds, 0.000 MB of memory in use
LDB: ============= START OF LOAD BALANCING ============== 307.761
LDB: ============== END OF LOAD BALANCING =============== 307.761
LDB: =============== DONE WITH MIGRATION ================ 307.761
LDB: ============= START OF LOAD BALANCING ============== 309.276
LDB: ============== END OF LOAD BALANCING =============== 309.276
LDB: =============== DONE WITH MIGRATION ================ 309.276
LDB: ============= START OF LOAD BALANCING ============== 368.18
LDB: ============== END OF LOAD BALANCING =============== 368.18
LDB: =============== DONE WITH MIGRATION ================ 368.18
LDB: ============= START OF LOAD BALANCING ============== 369.692
LDB: ============== END OF LOAD BALANCING =============== 369.692
LDB: =============== DONE WITH MIGRATION ================ 369.692
LDB: ============= START OF LOAD BALANCING ============== 428.704
LDB: ============== END OF LOAD BALANCING =============== 428.704
LDB: =============== DONE WITH MIGRATION ================ 428.704
LDB: ============= START OF LOAD BALANCING ============== 430.22
LDB: ============== END OF LOAD BALANCING =============== 430.22
LDB: =============== DONE WITH MIGRATION ================ 430.221
colvars: Synchronizing (emptying the buffer of) trajectory file "output/75.0-44.3/75.0-44.3.colvars.traj".
colvars: Saving collective variables state to "output/75.0-44.3/75.0-44.3.restart.colvars.state".
TIMING: 30000  CPU: 451.321, 0.0150769/step  Wall: 452.959, 0.0151296/step, 0.0840533 hours remaining, 0.000000 MB of memory in use.
PERFORMANCE: 30000  averaging 11.4464 ns/day, 0.0150964 sec/step with standard deviation 3.73845e-05
ENERGY:   30000       754.1768      2102.1903      2092.4334       123.3911        -213993.5594     17836.0142         0.0000         0.2515     36582.9409        -154502.1611       309.0299   -191085.1019   -154413.6770       309.0306           -202.7476      -170.1355    580397.3914         0.8212         0.8819

WRITING EXTENDED SYSTEM TO RESTART FILE AT STEP 30000
WRITING COORDINATES TO DCD FILE output/75.0-44.3/75.0-44.3.dcd AT STEP 30000
WRITING COORDINATES TO RESTART FILE AT STEP 30000
FINISHED WRITING RESTART COORDINATES
The last position output (seq=30000) takes 0.009 seconds, 0.000 MB of memory in use
WRITING VELOCITIES TO RESTART FILE AT STEP 30000
FINISHED WRITING RESTART VELOCITIES
The last velocity output (seq=30000) takes 0.005 seconds, 0.000 MB of memory in use
LDB: ============= START OF LOAD BALANCING ============== 489.303
LDB: ============== END OF LOAD BALANCING =============== 489.303
LDB: =============== DONE WITH MIGRATION ================ 489.303
LDB: ============= START OF LOAD BALANCING ============== 490.82
LDB: ============== END OF LOAD BALANCING =============== 490.82
LDB: =============== DONE WITH MIGRATION ================ 490.82
LDB: ============= START OF LOAD BALANCING ============== 549.762
LDB: ============== END OF LOAD BALANCING =============== 549.762
LDB: =============== DONE WITH MIGRATION ================ 549.762
LDB: ============= START OF LOAD BALANCING ============== 551.276
LDB: ============== END OF LOAD BALANCING =============== 551.276
LDB: =============== DONE WITH MIGRATION ================ 551.277
colvars: Synchronizing (emptying the buffer of) trajectory file "output/75.0-44.3/75.0-44.3.colvars.traj".
colvars: Saving collective variables state to "output/75.0-44.3/75.0-44.3.restart.colvars.state".
TIMING: 40000  CPU: 602.002, 0.0150681/step  Wall: 604.165, 0.0151205/step, 0.0420015 hours remaining, 0.000000 MB of memory in use.
PERFORMANCE: 40000  averaging 11.4419 ns/day, 0.0151024 sec/step with standard deviation 3.28207e-05
ENERGY:   40000       686.0595      2088.8124      2082.5880       118.4943        -214043.9547     18074.4160         0.0000         0.6777     36764.7091        -154228.1976       310.5653   -190992.9067   -154137.2738       309.5162             60.7406        88.4709    580507.9844         2.2217         2.2102

WRITING EXTENDED SYSTEM TO RESTART FILE AT STEP 40000
WRITING COORDINATES TO DCD FILE output/75.0-44.3/75.0-44.3.dcd AT STEP 40000
WRITING COORDINATES TO RESTART FILE AT STEP 40000
FINISHED WRITING RESTART COORDINATES
The last position output (seq=40000) takes 0.034 seconds, 0.000 MB of memory in use
WRITING VELOCITIES TO RESTART FILE AT STEP 40000
FINISHED WRITING RESTART VELOCITIES
The last velocity output (seq=40000) takes 0.021 seconds, 0.000 MB of memory in use
LDB: ============= START OF LOAD BALANCING ============== 610.296
LDB: ============== END OF LOAD BALANCING =============== 610.296
LDB: =============== DONE WITH MIGRATION ================ 610.296
LDB: ============= START OF LOAD BALANCING ============== 611.806
LDB: ============== END OF LOAD BALANCING =============== 611.806
LDB: =============== DONE WITH MIGRATION ================ 611.806
LDB: ============= START OF LOAD BALANCING ============== 670.735
LDB: ============== END OF LOAD BALANCING =============== 670.735
LDB: =============== DONE WITH MIGRATION ================ 670.735
LDB: ============= START OF LOAD BALANCING ============== 672.233
LDB: ============== END OF LOAD BALANCING =============== 672.233
LDB: =============== DONE WITH MIGRATION ================ 672.233
LDB: ============= START OF LOAD BALANCING ============== 730.955
LDB: ============== END OF LOAD BALANCING =============== 730.955
LDB: =============== DONE WITH MIGRATION ================ 730.955
LDB: ============= START OF LOAD BALANCING ============== 732.471
LDB: ============== END OF LOAD BALANCING =============== 732.471
LDB: =============== DONE WITH MIGRATION ================ 732.471
colvars: Synchronizing (emptying the buffer of) trajectory file "output/75.0-44.3/75.0-44.3.colvars.traj".
colvars: Saving collective variables state to "output/75.0-44.3/75.0-44.3.restart.colvars.state".
colvars: Saving collective variables state to "output/75.0-44.3/75.0-44.3.colvars.state".
TIMING: 50000  CPU: 752.446, 0.0150444/step  Wall: 755.164, 0.0151/step, 0 hours remaining, 0.000000 MB of memory in use.
PERFORMANCE: 50000  averaging 11.4422 ns/day, 0.015102 sec/step with standard deviation 2.84448e-05
ENERGY:   50000       730.9557      2092.4533      2054.7124       132.2688        -214489.4713     18481.4344         0.0000         0.0460     36710.9721        -154286.6285       310.1114   -190997.6006   -154176.8855       309.1866            178.0580       200.9919    580489.2246         2.1794         2.0936

WRITING EXTENDED SYSTEM TO RESTART FILE AT STEP 50000
WRITING COORDINATES TO DCD FILE output/75.0-44.3/75.0-44.3.dcd AT STEP 50000
WRITING COORDINATES TO RESTART FILE AT STEP 50000
FINISHED WRITING RESTART COORDINATES
The last position output (seq=50000) takes 0.023 seconds, 0.000 MB of memory in use
WRITING VELOCITIES TO RESTART FILE AT STEP 50000
FINISHED WRITING RESTART VELOCITIES
The last velocity output (seq=50000) takes 0.005 seconds, 0.000 MB of memory in use
WRITING EXTENDED SYSTEM TO OUTPUT FILE AT STEP 50000
CLOSING EXTENDED SYSTEM TRAJECTORY FILE
WRITING COORDINATES TO OUTPUT FILE AT STEP 50000
CLOSING COORDINATE DCD FILE output/75.0-44.3/75.0-44.3.dcd
The last position output (seq=-2) takes 0.368 seconds, 0.000 MB of memory in use
WRITING VELOCITIES TO OUTPUT FILE AT STEP 50000
====================================================

WallClock: 757.161926  CPUTime: 753.972229  Memory: 0.000000 MB
[Partition 0][Node 0] End of program
