Charm++> No provisioning arguments specified. Running with a single PE.
         Use +auto-provision to fully subscribe resources or +p1 to silence this message.
Charm++: standalone mode (not using charmrun)
Charm++> Running in Multicore mode: 1 threads (PEs)
Charm++> Using recursive bisection (scheme 3) for topology aware partitions
Converse/Charm++ Commit ID: 
CharmLB> Load balancer assumes all CPUs are same.
Charm++> Running on 1 hosts (1 sockets x 24 cores x 1 PUs = 32-way SMP)
Charm++> cpu topology info is gathered in 0.000 seconds.
Info: Built with CUDA version 11080
Did not find +devices i,j,k,... argument, using all
Pe 0 physical rank 0 binding to CUDA device 0 on desktop-yu-caroline: 'NVIDIA GeForce RTX 4070 Ti'  Mem: 12009MB  Rev: 8.9  PCI: 0:1:0
CharmLB> Load balancing instrumentation for communication is off.
Info: NAMD 3.0 for Linux-x86_64-multicore-CUDA
Info: 
Info: Please visit http://www.ks.uiuc.edu/Research/namd/
Info: for updates, documentation, and support information.
Info: 
Info: Please cite Phillips et al., J. Chem. Phys. 153:044130 (2020) doi:10.1063/5.0014475
Info: in all publications reporting results obtained with NAMD.
Info: 
Info: Based on Charm++/Converse 80000 for multicore-linux-x86_64-gcc
Info: Built Sun Jun 16 07:02:32 CDT 2024 by dhardy on athine.ks.uiuc.edu
Info: 1 NAMD  3.0  Linux-x86_64-multicore-CUDA  1    desktop-yu-caroline  cannistc
Info: Running on 1 processors, 1 nodes, 1 physical nodes.
Info: CPU topology information available.
Info: Charm++/Converse parallel runtime startup completed at 0.0290847 s
CkLoopLib is used in SMP with simple dynamic scheduling (converse-level notification)
Info: 0 MB of memory in use based on /proc/self/stat
Info: Configuration file is equil.conf
Info: Working in the current directory /home/cannistc/Desktop/CA-umb/steer-2d-1111
TCL: Suspending until startup complete.
Warning: Option "1-4scaling" has been deprecated. Instead use "oneFourScaling".
Info: EXTENDED SYSTEM FILE   output/105.0-39.5/105.0-39.5.restart.xsc
Warning: The Langevin gamma parameters differ over the particles,
Warning: requiring extra work per step to constrain rigid bonds.
Info: Enabling PMEOffload because PMEInterpOrder > 4.
Info: SIMULATION PARAMETERS:
Info: TIMESTEP               2
Info: NUMBER OF STEPS        0
Info: STEPS PER CYCLE        20
Info: PERIODIC CELL BASIS 1  83.3574 0 0
Info: PERIODIC CELL BASIS 2  0 83.3574 0
Info: PERIODIC CELL BASIS 3  0 0 83.3574
Info: PERIODIC CELL CENTER   0 0 0
Info: WRAPPING ALL CLUSTERS AROUND PERIODIC BOUNDARIES ON OUTPUT.
Info: LOAD BALANCER  Centralized
Info: LOAD BALANCING STRATEGY  New Load Balancers -- DEFAULT
Info: LDB PERIOD             4000 steps
Info: FIRST LDB TIMESTEP     100
Info: LAST LDB TIMESTEP     -1
Info: LDB BACKGROUND SCALING 1
Info: HOM BACKGROUND SCALING 1
Info: PME BACKGROUND SCALING 1
Info: MIN ATOMS PER PATCH    40
Info: EMPTY PATCH LOAD       40 ATOMS
Info: VELOCITY FILE          output/105.0-39.5/105.0-39.5.restart.vel
Info: CENTER OF MASS MOVING INITIALLY? NO
Info: DIELECTRIC             1
Info: EXCLUDE                SCALED ONE-FOUR
Info: 1-4 ELECTROSTATICS SCALED BY 1
Info: MODIFIED 1-4 VDW PARAMETERS WILL BE USED
Info: DCD FILENAME           output/100.0-39.5/100.0-39.5.dcd
Info: DCD FREQUENCY          10000
Info: DCD FIRST STEP         10000
Info: DCD FILE WILL CONTAIN UNIT CELL DATA
Info: XST FILENAME           output/100.0-39.5/100.0-39.5.xst
Info: XST FREQUENCY          10000
Info: NO VELOCITY DCD OUTPUT
Info: NO FORCE DCD OUTPUT
Info: OUTPUT FILENAME        output/100.0-39.5/100.0-39.5
Info: BINARY OUTPUT FILES WILL BE USED
Info: RESTART FILENAME       output/100.0-39.5/100.0-39.5.restart
Info: RESTART FREQUENCY      10000
Info: BINARY RESTART FILES WILL BE USED
Info: SWITCHING ACTIVE
Info: SWITCHING ON           10
Info: SWITCHING OFF          12
Info: PAIRLIST DISTANCE      13.5
Info: PAIRLIST SHRINK RATE   0.01
Info: PAIRLIST GROW RATE     0.01
Info: PAIRLIST TRIGGER       0.3
Info: PAIRLISTS PER CYCLE    2
Info: PAIRLISTS ENABLED
Info: MARGIN                 0.48
Info: HYDROGEN GROUP CUTOFF  2.5
Info: PATCH DIMENSION        16.48
Info: ENERGY OUTPUT STEPS    10000
Info: ENERGY EVALUATION STEPS    10000
Info: OUTPUT ENERGY PRECISION 4
Info: OUPUT ENERGY PRECISION 4
Info: CROSSTERM ENERGY INCLUDED IN DIHEDRAL
Info: TIMING OUTPUT STEPS    10000
Info: COLLECTIVE VARIABLES CALCULATION REQUESTED
Info: COLLECTIVE VARIABLES CONFIGURATION   colvarsconfig/CA-mature_100.0_39.5.cvc
Info: LANGEVIN DYNAMICS ACTIVE
Info: LANGEVIN TEMPERATURE   310
Info: LANGEVIN USING BBK INTEGRATOR
Info: LANGEVIN DAMPING COEFFICIENT IS 5 INVERSE PS
Info: LANGEVIN DYNAMICS NOT APPLIED TO HYDROGENS
Info: LANGEVIN PISTON PRESSURE CONTROL ACTIVE
Info:        TARGET PRESSURE IS 1.01325 BAR
Info:     OSCILLATION PERIOD IS 200 FS
Info:             DECAY TIME IS 100 FS
Info:     PISTON TEMPERATURE IS 310 K
Info:       PRESSURE CONTROL IS GROUP-BASED
Info:    INITIAL STRAIN RATE IS 1.59737e-05 1.59737e-05 1.59737e-05
Info:       CELL FLUCTUATION IS ISOTROPIC
Info: PARTICLE MESH EWALD (PME) ACTIVE
Info: PME TOLERANCE               1e-06
Info: PME EWALD COEFFICIENT       0.257952
Info: PME INTERPOLATION ORDER     6
Info: PME GRID DIMENSIONS         84 84 84
Info: PME MAXIMUM GRID SPACING    1
Info: PME RECIPROCAL SUM OFFLOADED TO GPU
Info: PME CALCULATION WILL BE PERFORMED ON GPU
Info: FULL ELECTROSTATIC EVALUATION FREQUENCY      2
Info: USING VERLET I (r-RESPA) MTS SCHEME.
Info: C1 SPLITTING OF LONG RANGE ELECTROSTATICS
Info: PLACING ATOMS IN PATCHES BY HYDROGEN GROUPS
Info: RIGID BONDS TO HYDROGEN : ALL
Info:         ERROR TOLERANCE : 1e-08
Info:          MAX ITERATIONS : 100
Info: RIGID WATER USING SETTLE ALGORITHM
Info: RANDOM NUMBER SEED     1732314651
Info: USE HYDROGEN BONDS?    NO
Info: COORDINATE PDB         CA-mature.pdb
Info: STRUCTURE FILE         CA-mature.psf
Info: PARAMETER file: CHARMM format! 
Info: PARAMETERS             ff/par_all36_prot.prm
Info: PARAMETERS             ff/par_all36_lipid.prm
Info: PARAMETERS             ff/par_all36_carb.prm
Info: PARAMETERS             ff/par_all36_cgenff.prm
Info: PARAMETERS             ff/par_all36_na.prm
Info: PARAMETERS             ff/toppar_water_ions_namd.str
Info: PARAMETERS             ff/ip6.prm
Info: USING ARITHMETIC MEAN TO COMBINE L-J SIGMA PARAMETERS
Info: BINARY COORDINATES     output/105.0-39.5/105.0-39.5.restart.coor
Info: SKIPPING rtf SECTION IN STREAM FILE
Info: SUMMARY OF PARAMETERS:
Info: 953 BONDS
Info: 2801 ANGLES
Info: 6885 DIHEDRAL
Info: 196 IMPROPER
Info: 6 CROSSTERM
Info: 355 VDW
Info: 10 VDW_PAIRS
Info: 0 NBTHOLE_PAIRS
Info: TIME FOR READING PSF FILE: 0.326407
Info: Reading pdb file CA-mature.pdb
Info: TIME FOR READING PDB FILE: 0.025738
Info: 
Info: ****************************
Info: STRUCTURE SUMMARY:
Info: 58658 ATOMS
Info: 40231 BONDS
Info: 24726 ANGLES
Info: 9324 DIHEDRALS
Info: 625 IMPROPERS
Info: 219 CROSSTERMS
Info: 0 EXCLUSIONS
Info: 56831 RIGID BONDS
Info: 119143 DEGREES OF FREEDOM
Info: 20195 HYDROGEN GROUPS
Info: 4 ATOMS IN LARGEST HYDROGEN GROUP
Info: 20195 MIGRATION GROUPS
Info: 4 ATOMS IN LARGEST MIGRATION GROUP
Info: TOTAL MASS = 358421 amu
Info: TOTAL CHARGE = 2.57231e-06 e
Info: MASS DENSITY = 1.02759 g/cm^3
Info: ATOM DENSITY = 0.101273 atoms/A^3
Info: *****************************
Info: Reading from binary file output/105.0-39.5/105.0-39.5.restart.coor
Info: 
Info: Entering startup at 0.469704 s, 0 MB of memory in use
Info: Startup phase 0 took 4.0805e-05 s, 0 MB of memory in use
Info: ADDED 74102 IMPLICIT EXCLUSIONS
Info: Startup phase 1 took 0.010146 s, 0 MB of memory in use
Info: NONBONDED TABLE R-SQUARED SPACING: 0.0625
Info: NONBONDED TABLE SIZE: 769 POINTS
Info: INCONSISTENCY IN FAST TABLE ENERGY VS FORCE: 0.000325096 AT 11.9556
Info: INCONSISTENCY IN SCOR TABLE ENERGY VS FORCE: 0.000324844 AT 11.9556
Info: INCONSISTENCY IN VDWA TABLE ENERGY VS FORCE: 0.0040507 AT 0.251946
Info: INCONSISTENCY IN VDWB TABLE ENERGY VS FORCE: 0.00150189 AT 0.251946
Info: Startup phase 2 took 0.00145042 s, 0 MB of memory in use
Info: Startup phase 3 took 8.759e-06 s, 0 MB of memory in use
Info: Startup phase 4 took 8.8287e-05 s, 0 MB of memory in use
Info: Startup phase 5 took 4.853e-06 s, 0 MB of memory in use
Info: PATCH GRID IS 5 (PERIODIC) BY 5 (PERIODIC) BY 5 (PERIODIC)
Info: PATCH GRID IS 1-AWAY BY 1-AWAY BY 1-AWAY
Info: Reading from binary file output/105.0-39.5/105.0-39.5.restart.vel
Info: REMOVING COM VELOCITY 0.0128543 0.0139345 -0.00804051
Info: LARGEST PATCH (60) HAS 517 ATOMS
Info: TORUS A SIZE 1 USING 0
Info: TORUS B SIZE 1 USING 0
Info: TORUS C SIZE 1 USING 0
Info: TORUS MINIMAL MESH SIZE IS 1 BY 1 BY 1
Info: Placed 100% of base nodes on same physical node as patch
Info: Startup phase 6 took 0.00464949 s, 0 MB of memory in use
Info: Use 3D box decompostion in PME FFT.
Info: PME using 1 x 1 x 1 pencil grid for FFT and reciprocal sum.
Info: Startup phase 7 took 4.1961e-05 s, 0 MB of memory in use
Info: Updated CUDA force table with 4096 elements.
Info: Updated CUDA LJ table with 355 x 355 elements.
Info: Startup phase 8 took 0.00127323 s, 0 MB of memory in use
Info: Startup phase 9 took 1.6025e-05 s, 0 MB of memory in use
Info: Startup phase 10 took 5.286e-06 s, 0 MB of memory in use
Info: Startup phase 11 took 0.000261256 s, 0 MB of memory in use
LDB: Central LB being created...
Info: Startup phase 12 took 0.00109657 s, 0 MB of memory in use
Info: CREATING 2634 COMPUTE OBJECTS
colvars: ----------------------------------------------------------------------
colvars: Initializing the collective variables module, version 2024-06-04.
colvars: Please cite Fiorin et al, Mol Phys 2013:
colvars:   https://doi.org/10.1080/00268976.2013.813594
colvars: as well as all other papers listed below for individual features used.
colvars: This version was built with the C++11 standard or higher.
colvars: Summary of compile-time features available in this build:
colvars:   - SMP parallelism: enabled (num. threads = 1)
colvars:   - Lepton custom functions: available
colvars:   - Tcl interpreter: available
colvars: Redefining the Tcl "cv" command to the new script interface.
colvars: Using NAMD interface, version "2023-12-05".
colvars: ----------------------------------------------------------------------
colvars: Reading new configuration from file "colvarsconfig/CA-mature_100.0_39.5.cvc":
colvars: # units = "" [default]
colvars: # smp = on [default]
colvars: # colvarsTrajFrequency = 100 [default]
colvars: # colvarsRestartFrequency = 10000 [default]
colvars: # scriptedColvarForces = off [default]
colvars: # scriptingAfterBiases = off [default]
colvars: # sourceTclFile = "" [default]
colvars: ----------------------------------------------------------------------
colvars:   Initializing a new collective variable.
colvars:   # name = "dist"
colvars:   Initializing a new "distance" component.
colvars:     # name = "" [default]
colvars:     # componentCoeff = 1 [default]
colvars:     # componentExp = 1 [default]
colvars:     # period = 0 [default]
colvars:     # wrapAround = 0 [default]
colvars:     # forceNoPBC = off [default]
colvars:     # scalable = on [default]
colvars:       Initializing atom group "group1".
colvars:       # name = "" [default]
colvars:       # centerToOrigin = off [default]
colvars:       # centerToReference = off [default]
colvars:       # rotateToReference = off [default]
colvars:       # atomsOfGroup = "" [default]
colvars:       # indexGroup = "" [default]
colvars:       # psfSegID =  [default]
colvars:       # atomsFile = "restraints/CA-mature.rstrnt.pdb"
colvars:       # atomsCol = "O"
colvars:       # atomsColValue = 4
colvars:       # dummyAtom = ( 0 , 0 , 0 ) [default]
colvars:       # enableFitGradients = on [default]
colvars:       Enabling scalable calculation for group "group1".
colvars:       # printAtomIDs = off [default]
colvars:       Atom group "group1" defined with 20 atoms requested: total mass = 270.14, total charge = -2.
colvars:       Initializing atom group "group2".
colvars:       # name = "" [default]
colvars:       # centerToOrigin = off [default]
colvars:       # centerToReference = off [default]
colvars:       # rotateToReference = off [default]
colvars:       # atomsOfGroup = "" [default]
colvars:       # indexGroup = "" [default]
colvars:       # psfSegID =  [default]
colvars:       # atomsFile = "restraints/CA-mature.rstrnt.pdb"
colvars:       # atomsCol = "O"
colvars:       # atomsColValue = 7
colvars:       # dummyAtom = ( 0 , 0 , 0 ) [default]
colvars:       # enableFitGradients = on [default]
colvars:       Enabling scalable calculation for group "group2".
colvars:       # printAtomIDs = off [default]
colvars:       Atom group "group2" defined with 32 atoms requested: total mass = 432.224, total charge = -3.2.
colvars:     # oneSiteSystemForce = off [default]
colvars:     # oneSiteTotalForce = off [default]
colvars:   All components initialized.
colvars:   # timeStepFactor = 1 [default]
colvars:   # width = 1 [default]
colvars:   # lowerBoundary = 0 [default]
colvars:   # upperBoundary = 1 [default]
colvars:   # hardLowerBoundary = on [default]
colvars:   # hardUpperBoundary = off [default]
colvars:   # expandBoundaries = off [default]
colvars:   # extendedLagrangian = off [default]
colvars:   # outputValue = on [default]
colvars:   # outputVelocity = off [default]
colvars:   # outputTotalForce = off [default]
colvars:   # outputAppliedForce = off [default]
colvars:   # subtractAppliedForce = off [default]
colvars:   # runAve = off [default]
colvars:   # corrFunc = off [default]
colvars: ----------------------------------------------------------------------
colvars:   Initializing a new collective variable.
colvars:   # name = "theta"
colvars:   Initializing a new "dihedral" component.
colvars:     # name = "" [default]
colvars:     # componentCoeff = 1 [default]
colvars:     # componentExp = 1 [default]
colvars:     # period = 360 [default]
colvars:     # wrapAround = 0 [default]
colvars:     # forceNoPBC = off [default]
colvars:     # scalable = on [default]
colvars:       Initializing atom group "group1".
colvars:       # name = "" [default]
colvars:       # centerToOrigin = off [default]
colvars:       # centerToReference = off [default]
colvars:       # rotateToReference = off [default]
colvars:       # atomsOfGroup = "" [default]
colvars:       # indexGroup = "" [default]
colvars:       # psfSegID =  [default]
colvars:       # atomsFile = "restraints/CA-mature.rstrnt.pdb"
colvars:       # atomsCol = "O"
colvars:       # atomsColValue = 1
colvars:       # dummyAtom = ( 0 , 0 , 0 ) [default]
colvars:       # enableFitGradients = on [default]
colvars:       Enabling scalable calculation for group "group1".
colvars:       # printAtomIDs = off [default]
colvars:       Atom group "group1" defined with 120 atoms requested: total mass = 1620.84, total charge = -11.7.
colvars:       Initializing atom group "group2".
colvars:       # name = "" [default]
colvars:       # centerToOrigin = off [default]
colvars:       # centerToReference = off [default]
colvars:       # rotateToReference = off [default]
colvars:       # atomsOfGroup = "" [default]
colvars:       # indexGroup = "" [default]
colvars:       # psfSegID =  [default]
colvars:       # atomsFile = "restraints/CA-mature.rstrnt.pdb"
colvars:       # atomsCol = "O"
colvars:       # atomsColValue = 4
colvars:       # dummyAtom = ( 0 , 0 , 0 ) [default]
colvars:       # enableFitGradients = on [default]
colvars:       Enabling scalable calculation for group "group2".
colvars:       # printAtomIDs = off [default]
colvars:       Atom group "group2" defined with 20 atoms requested: total mass = 270.14, total charge = -2.
colvars:       Initializing atom group "group3".
colvars:       # name = "" [default]
colvars:       # centerToOrigin = off [default]
colvars:       # centerToReference = off [default]
colvars:       # rotateToReference = off [default]
colvars:       # atomsOfGroup = "" [default]
colvars:       # indexGroup = "" [default]
colvars:       # psfSegID =  [default]
colvars:       # atomsFile = "restraints/CA-mature.rstrnt.pdb"
colvars:       # atomsCol = "O"
colvars:       # atomsColValue = 5
colvars:       # dummyAtom = ( 0 , 0 , 0 ) [default]
colvars:       # enableFitGradients = on [default]
colvars:       Enabling scalable calculation for group "group3".
colvars:       # printAtomIDs = off [default]
colvars:       Atom group "group3" defined with 40 atoms requested: total mass = 540.28, total charge = -4.09.
colvars:       Initializing atom group "group4".
colvars:       # name = "" [default]
colvars:       # centerToOrigin = off [default]
colvars:       # centerToReference = off [default]
colvars:       # rotateToReference = off [default]
colvars:       # atomsOfGroup = "" [default]
colvars:       # indexGroup = "" [default]
colvars:       # psfSegID =  [default]
colvars:       # atomsFile = "restraints/CA-mature.rstrnt.pdb"
colvars:       # atomsCol = "O"
colvars:       # atomsColValue = 6
colvars:       # dummyAtom = ( 0 , 0 , 0 ) [default]
colvars:       # enableFitGradients = on [default]
colvars:       Enabling scalable calculation for group "group4".
colvars:       # printAtomIDs = off [default]
colvars:       Atom group "group4" defined with 40 atoms requested: total mass = 540.28, total charge = -4.
colvars:     # oneSiteSystemForce = off [default]
colvars:     # oneSiteTotalForce = off [default]
colvars:   All components initialized.
colvars:   # timeStepFactor = 1 [default]
colvars:   # width = 1 [default]
colvars:   # lowerBoundary = -180 [default]
colvars:   # upperBoundary = 180 [default]
colvars:   # hardLowerBoundary = on [default]
colvars:   # hardUpperBoundary = on [default]
colvars:   # expandBoundaries = off [default]
colvars:   # extendedLagrangian = off [default]
colvars:   # outputValue = on [default]
colvars:   # outputVelocity = off [default]
colvars:   # outputTotalForce = off [default]
colvars:   # outputAppliedForce = off [default]
colvars:   # subtractAppliedForce = off [default]
colvars:   # runAve = off [default]
colvars:   # corrFunc = off [default]
colvars: ----------------------------------------------------------------------
colvars:   Initializing a new collective variable.
colvars:   # name = "alpha2"
colvars:   Initializing a new "alpha" component.
colvars:     # name = "" [default]
colvars:     # componentCoeff = 1 [default]
colvars:     # componentExp = 1 [default]
colvars:     # period = 0 [default]
colvars:     # wrapAround = 0 [default]
colvars:     # forceNoPBC = off [default]
colvars:     # scalable = on [default]
colvars:     # psfSegID = "0A0"
colvars:     # hBondCoeff = 0.5 [default]
colvars:     # angleRef = 88 [default]
colvars:     # angleTol = 15 [default]
colvars:     # hBondCutoff = 3.3 [default]
colvars:     # hBondExpNumer = 6 [default]
colvars:     # hBondExpDenom = 8 [default]
colvars:   All components initialized.
colvars:   # timeStepFactor = 1 [default]
colvars:   # width = 1 [default]
colvars:   # lowerBoundary = 0 [default]
colvars:   # upperBoundary = 1 [default]
colvars:   # hardLowerBoundary = off [default]
colvars:   # hardUpperBoundary = off [default]
colvars:   # expandBoundaries = off [default]
colvars:   # extendedLagrangian = off [default]
colvars:   # outputValue = on [default]
colvars:   # outputVelocity = off [default]
colvars:   # outputTotalForce = off [default]
colvars:   # outputAppliedForce = off [default]
colvars:   # subtractAppliedForce = off [default]
colvars:   # runAve = off [default]
colvars:   # corrFunc = off [default]
colvars: ----------------------------------------------------------------------
colvars:   Initializing a new collective variable.
colvars:   # name = "alpha3"
colvars:   Initializing a new "alpha" component.
colvars:     # name = "" [default]
colvars:     # componentCoeff = 1 [default]
colvars:     # componentExp = 1 [default]
colvars:     # period = 0 [default]
colvars:     # wrapAround = 0 [default]
colvars:     # forceNoPBC = off [default]
colvars:     # scalable = on [default]
colvars:     # psfSegID = "0A0"
colvars:     # hBondCoeff = 0.5 [default]
colvars:     # angleRef = 88 [default]
colvars:     # angleTol = 15 [default]
colvars:     # hBondCutoff = 3.3 [default]
colvars:     # hBondExpNumer = 6 [default]
colvars:     # hBondExpDenom = 8 [default]
colvars:   All components initialized.
colvars:   # timeStepFactor = 1 [default]
colvars:   # width = 1 [default]
colvars:   # lowerBoundary = 0 [default]
colvars:   # upperBoundary = 1 [default]
colvars:   # hardLowerBoundary = off [default]
colvars:   # hardUpperBoundary = off [default]
colvars:   # expandBoundaries = off [default]
colvars:   # extendedLagrangian = off [default]
colvars:   # outputValue = on [default]
colvars:   # outputVelocity = off [default]
colvars:   # outputTotalForce = off [default]
colvars:   # outputAppliedForce = off [default]
colvars:   # subtractAppliedForce = off [default]
colvars:   # runAve = off [default]
colvars:   # corrFunc = off [default]
colvars: ----------------------------------------------------------------------
colvars: Collective variables initialized, 4 in total.
colvars: ----------------------------------------------------------------------
colvars:   Initializing a new "harmonic" instance.
colvars:   # name = "theta-trans"
colvars:   # colvars = { theta }
colvars:   # stepZeroData = off [default]
colvars:   # outputEnergy = off [default]
colvars:   # outputFreq = 10000 [default]
colvars:   # timeStepFactor = 1 [default]
colvars:   # writeTISamples = off [default]
colvars:   # writeTIPMF = off [default]
colvars:   # centers = { 100 }
colvars:   # targetCenters = { 100 } [default]
colvars:   # outputCenters = off [default]
colvars:   # forceConstant = 1
colvars:   # decoupling = off [default]
colvars:   # targetForceConstant = -1 [default]
colvars:   The force constant for colvar "theta" will be rescaled to 1 according to the specified width (1).
colvars: ----------------------------------------------------------------------
colvars:   Initializing a new "harmonic" instance.
colvars:   # name = "dist-trans"
colvars:   # colvars = { dist }
colvars:   # stepZeroData = off [default]
colvars:   # outputEnergy = off [default]
colvars:   # outputFreq = 10000 [default]
colvars:   # timeStepFactor = 1 [default]
colvars:   # writeTISamples = off [default]
colvars:   # writeTIPMF = off [default]
colvars:   # centers = { 39.5 }
colvars:   # targetCenters = { 39.5 } [default]
colvars:   # outputCenters = off [default]
colvars:   # forceConstant = 3
colvars:   # decoupling = off [default]
colvars:   # targetForceConstant = -1 [default]
colvars:   The force constant for colvar "dist" will be rescaled to 3 according to the specified width (1).
colvars: ----------------------------------------------------------------------
colvars:   Initializing a new "harmonic" instance.
colvars:   # name = "alpha-rstrnt"
colvars:   # colvars = { alpha2, alpha3 }
colvars:   # stepZeroData = off [default]
colvars:   # outputEnergy = off [default]
colvars:   # outputFreq = 10000 [default]
colvars:   # timeStepFactor = 1 [default]
colvars:   # writeTISamples = off [default]
colvars:   # writeTIPMF = off [default]
colvars:   # centers = { 0.9, 0.9 }
colvars:   # targetCenters = { 0.9, 0.9 } [default]
colvars:   # outputCenters = off [default]
colvars:   # forceConstant = 10
colvars:   # decoupling = off [default]
colvars:   # targetForceConstant = -1 [default]
colvars:   The force constant for colvar "alpha2" will be rescaled to 10 according to the specified width (1).
colvars:   The force constant for colvar "alpha3" will be rescaled to 10 according to the specified width (1).
colvars: ----------------------------------------------------------------------
colvars: Collective variables biases initialized, 3 in total.
colvars: ----------------------------------------------------------------------
colvars: Collective variables module (re)initialized.
colvars: ----------------------------------------------------------------------
colvars: Updating NAMD interface:
colvars: Warning: enabling wrapAll can lead to inconsistent results for Colvars calculations: please disable wrapAll, as is the default option in NAMD.
colvars: updating atomic data (53 atoms).
colvars: updating group data (5 scalable groups, 252 atoms in total).
colvars: updating grid object data (0 grid objects in total).
colvars: 
colvars: SUMMARY OF COLVARS FEATURES USED SO FAR AND THEIR CITATIONS:
colvars: 
colvars: - Colvars module:
colvars: - Colvars-NAMD interface:
colvars: - Harmonic colvar bias implementation:
colvars: - Optimal rotation via flexible fitting:
colvars: - alpha colvar component:
colvars: - angle colvar component:
colvars: - dihedral colvar component:
colvars: - distance colvar component:
colvars: - hBond colvar component:
colvars:   Fiorin2013 https://doi.org/10.1080/00268976.2013.813594
colvars: 
colvars: - NAMD engine:
colvars: - Scalable center-of-mass computation (NAMD):
colvars:   Phillips2020 https://doi.org/10.1063/5.0014475
colvars: 
colvars: updating target temperature (T = 310 K).
colvars: Current simulation parameters: initial step = 0, integration timestep = 2
colvars: Updating atomic parameters (masses, charges, etc).
colvars: Re-initialized atom group for variable "dist":0/0. 20 atoms: total mass = 270.14, total charge = -2.
colvars: Re-initialized atom group for variable "dist":0/1. 32 atoms: total mass = 432.224, total charge = -3.2.
colvars: Re-initialized atom group for variable "theta":0/0. 120 atoms: total mass = 1620.84, total charge = -11.7.
colvars: Re-initialized atom group for variable "theta":0/1. 20 atoms: total mass = 270.14, total charge = -2.
colvars: Re-initialized atom group for variable "theta":0/2. 40 atoms: total mass = 540.28, total charge = -4.09.
colvars: Re-initialized atom group for variable "theta":0/3. 40 atoms: total mass = 540.28, total charge = -4.
colvars: Re-initialized atom group for variable "alpha2":0/0. 1 atoms: total mass = 12.011, total charge = 0.07.
colvars: Re-initialized atom group for variable "alpha2":0/1. 1 atoms: total mass = 12.011, total charge = 0.07.
colvars: Re-initialized atom group for variable "alpha2":0/2. 1 atoms: total mass = 12.011, total charge = 0.07.
colvars: Re-initialized atom group for variable "alpha2":0/3. 1 atoms: total mass = 12.011, total charge = 0.07.
colvars: Re-initialized atom group for variable "alpha2":0/4. 1 atoms: total mass = 12.011, total charge = 0.07.
colvars: Re-initialized atom group for variable "alpha2":0/5. 1 atoms: total mass = 12.011, total charge = 0.07.
colvars: Re-initialized atom group for variable "alpha2":0/6. 1 atoms: total mass = 12.011, total charge = 0.07.
colvars: Re-initialized atom group for variable "alpha2":0/7. 1 atoms: total mass = 12.011, total charge = 0.07.
colvars: Re-initialized atom group for variable "alpha2":0/8. 1 atoms: total mass = 12.011, total charge = 0.07.
colvars: Re-initialized atom group for variable "alpha2":0/9. 1 atoms: total mass = 12.011, total charge = 0.07.
colvars: Re-initialized atom group for variable "alpha2":0/10. 1 atoms: total mass = 12.011, total charge = 0.07.
colvars: Re-initialized atom group for variable "alpha2":0/11. 1 atoms: total mass = 12.011, total charge = -0.02.
colvars: Re-initialized atom group for variable "alpha2":0/12. 1 atoms: total mass = 12.011, total charge = 0.07.
colvars: Re-initialized atom group for variable "alpha2":0/13. 1 atoms: total mass = 12.011, total charge = -0.02.
colvars: Re-initialized atom group for variable "alpha2":0/14. 1 atoms: total mass = 12.011, total charge = 0.07.
colvars: Re-initialized atom group for variable "alpha2":0/15. 1 atoms: total mass = 12.011, total charge = -0.02.
colvars: Re-initialized atom group for variable "alpha2":0/16. 1 atoms: total mass = 12.011, total charge = 0.07.
colvars: Re-initialized atom group for variable "alpha2":0/17. 1 atoms: total mass = 12.011, total charge = 0.07.
colvars: Re-initialized atom group for variable "alpha2":0/18. 2 atoms: total mass = 30.006, total charge = -0.98.
colvars: Re-initialized atom group for variable "alpha2":0/19. 2 atoms: total mass = 30.006, total charge = -0.98.
colvars: Re-initialized atom group for variable "alpha2":0/20. 2 atoms: total mass = 30.006, total charge = -0.98.
colvars: Re-initialized atom group for variable "alpha2":0/21. 2 atoms: total mass = 30.006, total charge = -0.98.
colvars: Re-initialized atom group for variable "alpha3":0/0. 1 atoms: total mass = 12.011, total charge = 0.07.
colvars: Re-initialized atom group for variable "alpha3":0/1. 1 atoms: total mass = 12.011, total charge = 0.07.
colvars: Re-initialized atom group for variable "alpha3":0/2. 1 atoms: total mass = 12.011, total charge = 0.07.
colvars: Re-initialized atom group for variable "alpha3":0/3. 1 atoms: total mass = 12.011, total charge = 0.07.
colvars: Re-initialized atom group for variable "alpha3":0/4. 1 atoms: total mass = 12.011, total charge = 0.07.
colvars: Re-initialized atom group for variable "alpha3":0/5. 1 atoms: total mass = 12.011, total charge = 0.07.
colvars: Re-initialized atom group for variable "alpha3":0/6. 1 atoms: total mass = 12.011, total charge = 0.07.
colvars: Re-initialized atom group for variable "alpha3":0/7. 1 atoms: total mass = 12.011, total charge = 0.07.
colvars: Re-initialized atom group for variable "alpha3":0/8. 1 atoms: total mass = 12.011, total charge = 0.07.
colvars: Re-initialized atom group for variable "alpha3":0/9. 1 atoms: total mass = 12.011, total charge = 0.07.
colvars: Re-initialized atom group for variable "alpha3":0/10. 1 atoms: total mass = 12.011, total charge = 0.07.
colvars: Re-initialized atom group for variable "alpha3":0/11. 1 atoms: total mass = 12.011, total charge = 0.07.
colvars: Re-initialized atom group for variable "alpha3":0/12. 1 atoms: total mass = 12.011, total charge = 0.07.
colvars: Re-initialized atom group for variable "alpha3":0/13. 1 atoms: total mass = 12.011, total charge = 0.07.
colvars: Re-initialized atom group for variable "alpha3":0/14. 1 atoms: total mass = 12.011, total charge = -0.02.
colvars: Re-initialized atom group for variable "alpha3":0/15. 1 atoms: total mass = 12.011, total charge = 0.07.
colvars: Re-initialized atom group for variable "alpha3":0/16. 1 atoms: total mass = 12.011, total charge = -0.02.
colvars: Re-initialized atom group for variable "alpha3":0/17. 1 atoms: total mass = 12.011, total charge = 0.07.
colvars: Re-initialized atom group for variable "alpha3":0/18. 1 atoms: total mass = 12.011, total charge = -0.02.
colvars: Re-initialized atom group for variable "alpha3":0/19. 1 atoms: total mass = 12.011, total charge = 0.07.
colvars: Re-initialized atom group for variable "alpha3":0/20. 1 atoms: total mass = 12.011, total charge = 0.07.
colvars: Re-initialized atom group for variable "alpha3":0/21. 1 atoms: total mass = 12.011, total charge = 0.07.
colvars: Re-initialized atom group for variable "alpha3":0/22. 1 atoms: total mass = 12.011, total charge = 0.07.
colvars: Re-initialized atom group for variable "alpha3":0/23. 1 atoms: total mass = 12.011, total charge = 0.07.
colvars: Re-initialized atom group for variable "alpha3":0/24. 1 atoms: total mass = 12.011, total charge = 0.07.
colvars: Re-initialized atom group for variable "alpha3":0/25. 1 atoms: total mass = 12.011, total charge = 0.07.
colvars: Re-initialized atom group for variable "alpha3":0/26. 1 atoms: total mass = 12.011, total charge = 0.07.
colvars: Re-initialized atom group for variable "alpha3":0/27. 1 atoms: total mass = 12.011, total charge = 0.07.
colvars: Re-initialized atom group for variable "alpha3":0/28. 1 atoms: total mass = 12.011, total charge = 0.07.
colvars: Re-initialized atom group for variable "alpha3":0/29. 1 atoms: total mass = 12.011, total charge = 0.07.
colvars: Re-initialized atom group for variable "alpha3":0/30. 1 atoms: total mass = 12.011, total charge = 0.07.
colvars: Re-initialized atom group for variable "alpha3":0/31. 1 atoms: total mass = 12.011, total charge = 0.07.
colvars: Re-initialized atom group for variable "alpha3":0/32. 1 atoms: total mass = 12.011, total charge = 0.07.
colvars: Re-initialized atom group for variable "alpha3":0/33. 1 atoms: total mass = 12.011, total charge = 0.07.
colvars: Re-initialized atom group for variable "alpha3":0/34. 1 atoms: total mass = 12.011, total charge = 0.07.
colvars: Re-initialized atom group for variable "alpha3":0/35. 1 atoms: total mass = 12.011, total charge = 0.07.
colvars: Re-initialized atom group for variable "alpha3":0/36. 1 atoms: total mass = 12.011, total charge = 0.07.
colvars: Re-initialized atom group for variable "alpha3":0/37. 1 atoms: total mass = 12.011, total charge = 0.07.
colvars: Re-initialized atom group for variable "alpha3":0/38. 1 atoms: total mass = 12.011, total charge = 0.07.
colvars: Re-initialized atom group for variable "alpha3":0/39. 2 atoms: total mass = 30.006, total charge = -0.98.
colvars: Re-initialized atom group for variable "alpha3":0/40. 2 atoms: total mass = 30.006, total charge = -0.98.
colvars: Re-initialized atom group for variable "alpha3":0/41. 2 atoms: total mass = 30.006, total charge = -0.98.
colvars: Re-initialized atom group for variable "alpha3":0/42. 2 atoms: total mass = 30.006, total charge = -0.98.
colvars: Re-initialized atom group for variable "alpha3":0/43. 2 atoms: total mass = 30.006, total charge = -0.98.
colvars: Re-initialized atom group for variable "alpha3":0/44. 2 atoms: total mass = 30.006, total charge = -0.98.
colvars: Re-initialized atom group for variable "alpha3":0/45. 2 atoms: total mass = 30.006, total charge = -0.98.
colvars: Re-initialized atom group for variable "alpha3":0/46. 2 atoms: total mass = 30.006, total charge = -0.98.
colvars: Re-initialized atom group for variable "alpha3":0/47. 2 atoms: total mass = 30.006, total charge = -0.98.
colvars: Re-initialized atom group for variable "alpha3":0/48. 2 atoms: total mass = 30.006, total charge = -0.98.
colvars: Re-initialized atom group for variable "alpha3":0/49. 2 atoms: total mass = 30.006, total charge = -0.98.
colvars: The restart output state file will be "output/100.0-39.5/100.0-39.5.restart.colvars.state".
colvars: The final output state file will be "output/100.0-39.5/100.0-39.5.colvars.state".
Info: Found 303 unique exclusion lists needing 1220 bytes
Info: Startup phase 13 took 0.163768 s, 0 MB of memory in use
Info: Startup phase 14 took 3.2756e-05 s, 0 MB of memory in use
Info: Startup phase 15 took 0.000137491 s, 0 MB of memory in use
Info: Finished startup at 0.652725 s, 0 MB of memory in use

TCL: Running for 50000 steps
colvars: Updating NAMD interface:
colvars: Warning: enabling wrapAll can lead to inconsistent results for Colvars calculations: please disable wrapAll, as is the default option in NAMD.
colvars: updating atomic data (53 atoms).
colvars: updating group data (5 scalable groups, 252 atoms in total).
colvars: updating grid object data (0 grid objects in total).
colvars: updating target temperature (T = 310 K).
colvars: Current simulation parameters: initial step = 0, integration timestep = 2
colvars: Updating atomic parameters (masses, charges, etc).
colvars: Re-initialized atom group for variable "dist":0/0. 20 atoms: total mass = 270.14, total charge = -2.
colvars: Re-initialized atom group for variable "dist":0/1. 32 atoms: total mass = 432.224, total charge = -3.2.
colvars: Re-initialized atom group for variable "theta":0/0. 120 atoms: total mass = 1620.84, total charge = -11.7.
colvars: Re-initialized atom group for variable "theta":0/1. 20 atoms: total mass = 270.14, total charge = -2.
colvars: Re-initialized atom group for variable "theta":0/2. 40 atoms: total mass = 540.28, total charge = -4.09.
colvars: Re-initialized atom group for variable "theta":0/3. 40 atoms: total mass = 540.28, total charge = -4.
colvars: Re-initialized atom group for variable "alpha2":0/0. 1 atoms: total mass = 12.011, total charge = 0.07.
colvars: Re-initialized atom group for variable "alpha2":0/1. 1 atoms: total mass = 12.011, total charge = 0.07.
colvars: Re-initialized atom group for variable "alpha2":0/2. 1 atoms: total mass = 12.011, total charge = 0.07.
colvars: Re-initialized atom group for variable "alpha2":0/3. 1 atoms: total mass = 12.011, total charge = 0.07.
colvars: Re-initialized atom group for variable "alpha2":0/4. 1 atoms: total mass = 12.011, total charge = 0.07.
colvars: Re-initialized atom group for variable "alpha2":0/5. 1 atoms: total mass = 12.011, total charge = 0.07.
colvars: Re-initialized atom group for variable "alpha2":0/6. 1 atoms: total mass = 12.011, total charge = 0.07.
colvars: Re-initialized atom group for variable "alpha2":0/7. 1 atoms: total mass = 12.011, total charge = 0.07.
colvars: Re-initialized atom group for variable "alpha2":0/8. 1 atoms: total mass = 12.011, total charge = 0.07.
colvars: Re-initialized atom group for variable "alpha2":0/9. 1 atoms: total mass = 12.011, total charge = 0.07.
colvars: Re-initialized atom group for variable "alpha2":0/10. 1 atoms: total mass = 12.011, total charge = 0.07.
colvars: Re-initialized atom group for variable "alpha2":0/11. 1 atoms: total mass = 12.011, total charge = -0.02.
colvars: Re-initialized atom group for variable "alpha2":0/12. 1 atoms: total mass = 12.011, total charge = 0.07.
colvars: Re-initialized atom group for variable "alpha2":0/13. 1 atoms: total mass = 12.011, total charge = -0.02.
colvars: Re-initialized atom group for variable "alpha2":0/14. 1 atoms: total mass = 12.011, total charge = 0.07.
colvars: Re-initialized atom group for variable "alpha2":0/15. 1 atoms: total mass = 12.011, total charge = -0.02.
colvars: Re-initialized atom group for variable "alpha2":0/16. 1 atoms: total mass = 12.011, total charge = 0.07.
colvars: Re-initialized atom group for variable "alpha2":0/17. 1 atoms: total mass = 12.011, total charge = 0.07.
colvars: Re-initialized atom group for variable "alpha2":0/18. 2 atoms: total mass = 30.006, total charge = -0.98.
colvars: Re-initialized atom group for variable "alpha2":0/19. 2 atoms: total mass = 30.006, total charge = -0.98.
colvars: Re-initialized atom group for variable "alpha2":0/20. 2 atoms: total mass = 30.006, total charge = -0.98.
colvars: Re-initialized atom group for variable "alpha2":0/21. 2 atoms: total mass = 30.006, total charge = -0.98.
colvars: Re-initialized atom group for variable "alpha3":0/0. 1 atoms: total mass = 12.011, total charge = 0.07.
colvars: Re-initialized atom group for variable "alpha3":0/1. 1 atoms: total mass = 12.011, total charge = 0.07.
colvars: Re-initialized atom group for variable "alpha3":0/2. 1 atoms: total mass = 12.011, total charge = 0.07.
colvars: Re-initialized atom group for variable "alpha3":0/3. 1 atoms: total mass = 12.011, total charge = 0.07.
colvars: Re-initialized atom group for variable "alpha3":0/4. 1 atoms: total mass = 12.011, total charge = 0.07.
colvars: Re-initialized atom group for variable "alpha3":0/5. 1 atoms: total mass = 12.011, total charge = 0.07.
colvars: Re-initialized atom group for variable "alpha3":0/6. 1 atoms: total mass = 12.011, total charge = 0.07.
colvars: Re-initialized atom group for variable "alpha3":0/7. 1 atoms: total mass = 12.011, total charge = 0.07.
colvars: Re-initialized atom group for variable "alpha3":0/8. 1 atoms: total mass = 12.011, total charge = 0.07.
colvars: Re-initialized atom group for variable "alpha3":0/9. 1 atoms: total mass = 12.011, total charge = 0.07.
colvars: Re-initialized atom group for variable "alpha3":0/10. 1 atoms: total mass = 12.011, total charge = 0.07.
colvars: Re-initialized atom group for variable "alpha3":0/11. 1 atoms: total mass = 12.011, total charge = 0.07.
colvars: Re-initialized atom group for variable "alpha3":0/12. 1 atoms: total mass = 12.011, total charge = 0.07.
colvars: Re-initialized atom group for variable "alpha3":0/13. 1 atoms: total mass = 12.011, total charge = 0.07.
colvars: Re-initialized atom group for variable "alpha3":0/14. 1 atoms: total mass = 12.011, total charge = -0.02.
colvars: Re-initialized atom group for variable "alpha3":0/15. 1 atoms: total mass = 12.011, total charge = 0.07.
colvars: Re-initialized atom group for variable "alpha3":0/16. 1 atoms: total mass = 12.011, total charge = -0.02.
colvars: Re-initialized atom group for variable "alpha3":0/17. 1 atoms: total mass = 12.011, total charge = 0.07.
colvars: Re-initialized atom group for variable "alpha3":0/18. 1 atoms: total mass = 12.011, total charge = -0.02.
colvars: Re-initialized atom group for variable "alpha3":0/19. 1 atoms: total mass = 12.011, total charge = 0.07.
colvars: Re-initialized atom group for variable "alpha3":0/20. 1 atoms: total mass = 12.011, total charge = 0.07.
colvars: Re-initialized atom group for variable "alpha3":0/21. 1 atoms: total mass = 12.011, total charge = 0.07.
colvars: Re-initialized atom group for variable "alpha3":0/22. 1 atoms: total mass = 12.011, total charge = 0.07.
colvars: Re-initialized atom group for variable "alpha3":0/23. 1 atoms: total mass = 12.011, total charge = 0.07.
colvars: Re-initialized atom group for variable "alpha3":0/24. 1 atoms: total mass = 12.011, total charge = 0.07.
colvars: Re-initialized atom group for variable "alpha3":0/25. 1 atoms: total mass = 12.011, total charge = 0.07.
colvars: Re-initialized atom group for variable "alpha3":0/26. 1 atoms: total mass = 12.011, total charge = 0.07.
colvars: Re-initialized atom group for variable "alpha3":0/27. 1 atoms: total mass = 12.011, total charge = 0.07.
colvars: Re-initialized atom group for variable "alpha3":0/28. 1 atoms: total mass = 12.011, total charge = 0.07.
colvars: Re-initialized atom group for variable "alpha3":0/29. 1 atoms: total mass = 12.011, total charge = 0.07.
colvars: Re-initialized atom group for variable "alpha3":0/30. 1 atoms: total mass = 12.011, total charge = 0.07.
colvars: Re-initialized atom group for variable "alpha3":0/31. 1 atoms: total mass = 12.011, total charge = 0.07.
colvars: Re-initialized atom group for variable "alpha3":0/32. 1 atoms: total mass = 12.011, total charge = 0.07.
colvars: Re-initialized atom group for variable "alpha3":0/33. 1 atoms: total mass = 12.011, total charge = 0.07.
colvars: Re-initialized atom group for variable "alpha3":0/34. 1 atoms: total mass = 12.011, total charge = 0.07.
colvars: Re-initialized atom group for variable "alpha3":0/35. 1 atoms: total mass = 12.011, total charge = 0.07.
colvars: Re-initialized atom group for variable "alpha3":0/36. 1 atoms: total mass = 12.011, total charge = 0.07.
colvars: Re-initialized atom group for variable "alpha3":0/37. 1 atoms: total mass = 12.011, total charge = 0.07.
colvars: Re-initialized atom group for variable "alpha3":0/38. 1 atoms: total mass = 12.011, total charge = 0.07.
colvars: Re-initialized atom group for variable "alpha3":0/39. 2 atoms: total mass = 30.006, total charge = -0.98.
colvars: Re-initialized atom group for variable "alpha3":0/40. 2 atoms: total mass = 30.006, total charge = -0.98.
colvars: Re-initialized atom group for variable "alpha3":0/41. 2 atoms: total mass = 30.006, total charge = -0.98.
colvars: Re-initialized atom group for variable "alpha3":0/42. 2 atoms: total mass = 30.006, total charge = -0.98.
colvars: Re-initialized atom group for variable "alpha3":0/43. 2 atoms: total mass = 30.006, total charge = -0.98.
colvars: Re-initialized atom group for variable "alpha3":0/44. 2 atoms: total mass = 30.006, total charge = -0.98.
colvars: Re-initialized atom group for variable "alpha3":0/45. 2 atoms: total mass = 30.006, total charge = -0.98.
colvars: Re-initialized atom group for variable "alpha3":0/46. 2 atoms: total mass = 30.006, total charge = -0.98.
colvars: Re-initialized atom group for variable "alpha3":0/47. 2 atoms: total mass = 30.006, total charge = -0.98.
colvars: Re-initialized atom group for variable "alpha3":0/48. 2 atoms: total mass = 30.006, total charge = -0.98.
colvars: Re-initialized atom group for variable "alpha3":0/49. 2 atoms: total mass = 30.006, total charge = -0.98.
colvars: The restart output state file will be "output/100.0-39.5/100.0-39.5.restart.colvars.state".
colvars: Synchronizing (emptying the buffer of) trajectory file "output/100.0-39.5/100.0-39.5.colvars.traj".
ETITLE:      TS           BOND          ANGLE          DIHED          IMPRP               ELECT            VDW       BOUNDARY           MISC        KINETIC               TOTAL           TEMP      POTENTIAL         TOTAL3        TEMPAVG            PRESSURE      GPRESSURE         VOLUME       PRESSAVG      GPRESSAVG

ENERGY:       0       687.4701      2101.6682      2055.4363       111.5159        -214392.9943     18232.9469         0.0000         6.7171     36720.0779        -154477.1618       310.1883   -191197.2398   -154377.7729       310.1883            183.2541       214.9574    579206.0994       183.2541       214.9574

OPENING EXTENDED SYSTEM TRAJECTORY FILE
LDB: ============= START OF LOAD BALANCING ============== 0.796532
LDB: ============== END OF LOAD BALANCING =============== 0.796566
LDB: =============== DONE WITH MIGRATION ================ 0.796651
LDB: ============= START OF LOAD BALANCING ============== 1.30967
LDB: ============== END OF LOAD BALANCING =============== 1.30971
LDB: =============== DONE WITH MIGRATION ================ 1.30983
Info: Initial time: 1 CPUs 0.00643985 s/step 0.0372677 days/ns 0 MB memory
LDB: ============= START OF LOAD BALANCING ============== 1.43751
LDB: ============== END OF LOAD BALANCING =============== 1.43754
LDB: =============== DONE WITH MIGRATION ================ 1.4376
LDB: ============= START OF LOAD BALANCING ============== 1.94407
LDB: ============== END OF LOAD BALANCING =============== 1.94411
LDB: =============== DONE WITH MIGRATION ================ 1.94424
Info: Initial time: 1 CPUs 0.00634692 s/step 0.0367299 days/ns 0 MB memory
LDB: ============= START OF LOAD BALANCING ============== 2.57892
LDB: ============== END OF LOAD BALANCING =============== 2.57895
LDB: =============== DONE WITH MIGRATION ================ 2.57906
Info: Initial time: 1 CPUs 0.00634531 s/step 0.0367206 days/ns 0 MB memory
LDB: ============= START OF LOAD BALANCING ============== 3.21611
LDB: ============== END OF LOAD BALANCING =============== 3.21615
LDB: =============== DONE WITH MIGRATION ================ 3.21628
Info: Benchmark time: 1 CPUs 0.00636663 s/step 0.0368439 days/ns 0 MB memory
Info: Benchmark time: 1 CPUs 0.00644292 s/step 0.0372854 days/ns 0 MB memory
Info: Benchmark time: 1 CPUs 0.006344 s/step 0.0367129 days/ns 0 MB memory
Info: Benchmark time: 1 CPUs 0.00639788 s/step 0.0370248 days/ns 0 MB memory
Info: Benchmark time: 1 CPUs 0.0064662 s/step 0.0374201 days/ns 0 MB memory
Info: Benchmark time: 1 CPUs 0.00634204 s/step 0.0367016 days/ns 0 MB memory
LDB: ============= START OF LOAD BALANCING ============== 28.2965
LDB: ============== END OF LOAD BALANCING =============== 28.2966
LDB: =============== DONE WITH MIGRATION ================ 28.2966
LDB: ============= START OF LOAD BALANCING ============== 28.9325
LDB: ============== END OF LOAD BALANCING =============== 28.9325
LDB: =============== DONE WITH MIGRATION ================ 28.9326
LDB: ============= START OF LOAD BALANCING ============== 53.9507
LDB: ============== END OF LOAD BALANCING =============== 53.9508
LDB: =============== DONE WITH MIGRATION ================ 53.9509
LDB: ============= START OF LOAD BALANCING ============== 54.5858
LDB: ============== END OF LOAD BALANCING =============== 54.5858
LDB: =============== DONE WITH MIGRATION ================ 54.5859
colvars: Synchronizing (emptying the buffer of) trajectory file "output/100.0-39.5/100.0-39.5.colvars.traj".
colvars: Saving collective variables state to "output/100.0-39.5/100.0-39.5.restart.colvars.state".
TIMING: 10000  CPU: 64.1624, 0.00641334/step  Wall: 64.1655, 0.00641363/step, 0.0712625 hours remaining, 0.000000 MB of memory in use.
PERFORMANCE: 10000  averaging 26.9426 ns/day, 0.00641363 sec/step with standard deviation 0
ENERGY:   10000       684.4762      2074.9758      2041.5248       134.3684        -213471.3650     17718.4022         0.0000         1.1458     36585.0562        -154231.4156       309.0477   -190816.4719   -154124.8574       309.1206           -121.5377       -91.0173    581882.6412         2.9608         2.9508

WRITING EXTENDED SYSTEM TO RESTART FILE AT STEP 10000
OPENING COORDINATE DCD FILE
WRITING COORDINATES TO DCD FILE output/100.0-39.5/100.0-39.5.dcd AT STEP 10000
WRITING COORDINATES TO RESTART FILE AT STEP 10000
FINISHED WRITING RESTART COORDINATES
The last position output (seq=10000) takes 0.001 seconds, 0.000 MB of memory in use
WRITING VELOCITIES TO RESTART FILE AT STEP 10000
FINISHED WRITING RESTART VELOCITIES
The last velocity output (seq=10000) takes 0.000 seconds, 0.000 MB of memory in use
LDB: ============= START OF LOAD BALANCING ============== 79.6445
LDB: ============== END OF LOAD BALANCING =============== 79.6445
LDB: =============== DONE WITH MIGRATION ================ 79.6446
LDB: ============= START OF LOAD BALANCING ============== 80.3012
LDB: ============== END OF LOAD BALANCING =============== 80.3013
LDB: =============== DONE WITH MIGRATION ================ 80.3014
LDB: ============= START OF LOAD BALANCING ============== 105.315
LDB: ============== END OF LOAD BALANCING =============== 105.315
LDB: =============== DONE WITH MIGRATION ================ 105.315
LDB: ============= START OF LOAD BALANCING ============== 105.953
LDB: ============== END OF LOAD BALANCING =============== 105.953
LDB: =============== DONE WITH MIGRATION ================ 105.953
colvars: Synchronizing (emptying the buffer of) trajectory file "output/100.0-39.5/100.0-39.5.colvars.traj".
colvars: Saving collective variables state to "output/100.0-39.5/100.0-39.5.restart.colvars.state".
TIMING: 20000  CPU: 128.448, 0.00642851/step  Wall: 128.463, 0.00642973/step, 0.0535811 hours remaining, 0.000000 MB of memory in use.
PERFORMANCE: 20000  averaging 26.9089 ns/day, 0.00642168 sec/step with standard deviation 1.1386e-05
ENERGY:   20000       721.3567      2157.3039      2077.7106       113.9673        -214280.3036     18041.3734         0.0000         0.9864     36552.9634        -154614.6421       308.7766   -191167.6055   -154506.1446       309.3609            -38.3238        -7.0682    578847.3057         0.0811         0.0508

WRITING EXTENDED SYSTEM TO RESTART FILE AT STEP 20000
WRITING COORDINATES TO DCD FILE output/100.0-39.5/100.0-39.5.dcd AT STEP 20000
WRITING COORDINATES TO RESTART FILE AT STEP 20000
FINISHED WRITING RESTART COORDINATES
The last position output (seq=20000) takes 0.001 seconds, 0.000 MB of memory in use
WRITING VELOCITIES TO RESTART FILE AT STEP 20000
FINISHED WRITING RESTART VELOCITIES
The last velocity output (seq=20000) takes 0.000 seconds, 0.000 MB of memory in use
LDB: ============= START OF LOAD BALANCING ============== 131.033
LDB: ============== END OF LOAD BALANCING =============== 131.034
LDB: =============== DONE WITH MIGRATION ================ 131.034
LDB: ============= START OF LOAD BALANCING ============== 131.686
LDB: ============== END OF LOAD BALANCING =============== 131.686
LDB: =============== DONE WITH MIGRATION ================ 131.687
LDB: ============= START OF LOAD BALANCING ============== 156.644
LDB: ============== END OF LOAD BALANCING =============== 156.644
LDB: =============== DONE WITH MIGRATION ================ 156.644
LDB: ============= START OF LOAD BALANCING ============== 157.28
LDB: ============== END OF LOAD BALANCING =============== 157.28
LDB: =============== DONE WITH MIGRATION ================ 157.28
LDB: ============= START OF LOAD BALANCING ============== 182.388
LDB: ============== END OF LOAD BALANCING =============== 182.388
LDB: =============== DONE WITH MIGRATION ================ 182.388
LDB: ============= START OF LOAD BALANCING ============== 183.074
LDB: ============== END OF LOAD BALANCING =============== 183.074
LDB: =============== DONE WITH MIGRATION ================ 183.074
colvars: Synchronizing (emptying the buffer of) trajectory file "output/100.0-39.5/100.0-39.5.colvars.traj".
colvars: Saving collective variables state to "output/100.0-39.5/100.0-39.5.restart.colvars.state".
TIMING: 30000  CPU: 192.92, 0.00644721/step  Wall: 192.938, 0.00644751/step, 0.0358195 hours remaining, 0.000000 MB of memory in use.
PERFORMANCE: 30000  averaging 26.8728 ns/day, 0.00643029 sec/step with standard deviation 1.69498e-05
ENERGY:   30000       711.5802      2148.9627      2056.9385       128.4988        -214182.7755     18108.4183         0.0000         1.5756     36733.2930        -154293.5083       310.3000   -191026.8013   -154217.2910       309.7157            -48.8049       -17.0096    581159.3181         2.2614         2.2786

WRITING EXTENDED SYSTEM TO RESTART FILE AT STEP 30000
WRITING COORDINATES TO DCD FILE output/100.0-39.5/100.0-39.5.dcd AT STEP 30000
WRITING COORDINATES TO RESTART FILE AT STEP 30000
FINISHED WRITING RESTART COORDINATES
The last position output (seq=30000) takes 0.001 seconds, 0.000 MB of memory in use
WRITING VELOCITIES TO RESTART FILE AT STEP 30000
FINISHED WRITING RESTART VELOCITIES
The last velocity output (seq=30000) takes 0.000 seconds, 0.000 MB of memory in use
LDB: ============= START OF LOAD BALANCING ============== 208.383
LDB: ============== END OF LOAD BALANCING =============== 208.383
LDB: =============== DONE WITH MIGRATION ================ 208.384
LDB: ============= START OF LOAD BALANCING ============== 209.046
LDB: ============== END OF LOAD BALANCING =============== 209.046
LDB: =============== DONE WITH MIGRATION ================ 209.046
LDB: ============= START OF LOAD BALANCING ============== 235.146
LDB: ============== END OF LOAD BALANCING =============== 235.146
LDB: =============== DONE WITH MIGRATION ================ 235.146
LDB: ============= START OF LOAD BALANCING ============== 235.817
LDB: ============== END OF LOAD BALANCING =============== 235.817
LDB: =============== DONE WITH MIGRATION ================ 235.817
colvars: Synchronizing (emptying the buffer of) trajectory file "output/100.0-39.5/100.0-39.5.colvars.traj".
colvars: Saving collective variables state to "output/100.0-39.5/100.0-39.5.restart.colvars.state".
TIMING: 40000  CPU: 259.08, 0.00661602/step  Wall: 259.111, 0.00661728/step, 0.0183813 hours remaining, 0.000000 MB of memory in use.
PERFORMANCE: 40000  averaging 26.6789 ns/day, 0.00647704 sec/step with standard deviation 9.45122e-05
ENERGY:   40000       660.2036      2139.9005      2084.9562       112.6386        -214264.1711     18104.1639         0.0000         0.5983     36628.6853        -154533.0247       309.4163   -191161.7100   -154439.8120       309.2527              1.6666        39.4854    581792.4845         2.2399         2.2349

WRITING EXTENDED SYSTEM TO RESTART FILE AT STEP 40000
WRITING COORDINATES TO DCD FILE output/100.0-39.5/100.0-39.5.dcd AT STEP 40000
WRITING COORDINATES TO RESTART FILE AT STEP 40000
FINISHED WRITING RESTART COORDINATES
The last position output (seq=40000) takes 0.001 seconds, 0.000 MB of memory in use
WRITING VELOCITIES TO RESTART FILE AT STEP 40000
FINISHED WRITING RESTART VELOCITIES
The last velocity output (seq=40000) takes 0.000 seconds, 0.000 MB of memory in use
LDB: ============= START OF LOAD BALANCING ============== 261.756
LDB: ============== END OF LOAD BALANCING =============== 261.756
LDB: =============== DONE WITH MIGRATION ================ 261.756
LDB: ============= START OF LOAD BALANCING ============== 262.431
LDB: ============== END OF LOAD BALANCING =============== 262.431
LDB: =============== DONE WITH MIGRATION ================ 262.432
LDB: ============= START OF LOAD BALANCING ============== 288.32
LDB: ============== END OF LOAD BALANCING =============== 288.32
LDB: =============== DONE WITH MIGRATION ================ 288.32
LDB: ============= START OF LOAD BALANCING ============== 288.972
LDB: ============== END OF LOAD BALANCING =============== 288.972
LDB: =============== DONE WITH MIGRATION ================ 288.972
LDB: ============= START OF LOAD BALANCING ============== 314.852
LDB: ============== END OF LOAD BALANCING =============== 314.852
LDB: =============== DONE WITH MIGRATION ================ 314.852
LDB: ============= START OF LOAD BALANCING ============== 315.498
LDB: ============== END OF LOAD BALANCING =============== 315.498
LDB: =============== DONE WITH MIGRATION ================ 315.498
colvars: Synchronizing (emptying the buffer of) trajectory file "output/100.0-39.5/100.0-39.5.colvars.traj".
colvars: Saving collective variables state to "output/100.0-39.5/100.0-39.5.restart.colvars.state".
colvars: Saving collective variables state to "output/100.0-39.5/100.0-39.5.colvars.state".
TIMING: 50000  CPU: 325.309, 0.00662293/step  Wall: 325.351, 0.00662408/step, 0 hours remaining, 0.000000 MB of memory in use.
PERFORMANCE: 50000  averaging 26.5583 ns/day, 0.00650644 sec/step with standard deviation 0.000104994
ENERGY:   50000       741.5540      2168.9822      2064.6154       119.2257        -214153.4355     17921.6284         0.0000         1.0179     36614.8257        -154521.5863       309.2992   -191136.4120   -154421.6920       309.0294           -164.8064      -130.2070    581314.8251         2.3696         2.3504

WRITING EXTENDED SYSTEM TO RESTART FILE AT STEP 50000
WRITING COORDINATES TO DCD FILE output/100.0-39.5/100.0-39.5.dcd AT STEP 50000
WRITING COORDINATES TO RESTART FILE AT STEP 50000
FINISHED WRITING RESTART COORDINATES
The last position output (seq=50000) takes 0.001 seconds, 0.000 MB of memory in use
WRITING VELOCITIES TO RESTART FILE AT STEP 50000
FINISHED WRITING RESTART VELOCITIES
The last velocity output (seq=50000) takes 0.000 seconds, 0.000 MB of memory in use
WRITING EXTENDED SYSTEM TO OUTPUT FILE AT STEP 50000
CLOSING EXTENDED SYSTEM TRAJECTORY FILE
WRITING COORDINATES TO OUTPUT FILE AT STEP 50000
CLOSING COORDINATE DCD FILE output/100.0-39.5/100.0-39.5.dcd
The last position output (seq=-2) takes 0.010 seconds, 0.000 MB of memory in use
WRITING VELOCITIES TO OUTPUT FILE AT STEP 50000
====================================================

WallClock: 326.017944  CPUTime: 325.956818  Memory: 0.000000 MB
[Partition 0][Node 0] End of program
